Component: ARM Compiler 6.16 Tool: armlink [5dfeaa00]

==============================================================================

Section Cross References

    main.o(.text.main) refers to main.o(.text.gpioConfig) for gpioConfig
    main.o(.text.main) refers to main.o(.text.uartConfig) for uartConfig
    main.o(.text.main) refers to main.o(.text.adcConfig) for adcConfig
    main.o(.text.main) refers to main.o(.text.timerConfig) for timerConfig
    main.o(.text.main) refers to main.o(.text.readADC) for readADC
    main.o(.text.main) refers to main.o(.bss.data) for data
    main.o(.text.main) refers to main.o(.text.uartTransmit) for uartTransmit
    main.o(.text.main) refers to main.o(.text.delay_ms) for delay_ms
    main.o(.ARM.exidx.text.main) refers to main.o(.text.main) for [Anonymous Symbol]
    main.o(.text.gpioConfig) refers to stm32f10x_rcc.o(.text.RCC_APB2PeriphClockCmd) for RCC_APB2PeriphClockCmd
    main.o(.text.gpioConfig) refers to stm32f10x_gpio.o(.text.GPIO_Init) for GPIO_Init
    main.o(.ARM.exidx.text.gpioConfig) refers to main.o(.text.gpioConfig) for [Anonymous Symbol]
    main.o(.text.uartConfig) refers to stm32f10x_rcc.o(.text.RCC_APB2PeriphClockCmd) for RCC_APB2PeriphClockCmd
    main.o(.text.uartConfig) refers to stm32f10x_usart.o(.text.USART_Init) for USART_Init
    main.o(.text.uartConfig) refers to stm32f10x_usart.o(.text.USART_Cmd) for USART_Cmd
    main.o(.ARM.exidx.text.uartConfig) refers to main.o(.text.uartConfig) for [Anonymous Symbol]
    main.o(.text.adcConfig) refers to stm32f10x_rcc.o(.text.RCC_APB2PeriphClockCmd) for RCC_APB2PeriphClockCmd
    main.o(.text.adcConfig) refers to stm32f10x_adc.o(.text.ADC_Init) for ADC_Init
    main.o(.text.adcConfig) refers to stm32f10x_adc.o(.text.ADC_Cmd) for ADC_Cmd
    main.o(.ARM.exidx.text.adcConfig) refers to main.o(.text.adcConfig) for [Anonymous Symbol]
    main.o(.text.timerConfig) refers to system_stm32f10x.o(.text.SystemCoreClockUpdate) for SystemCoreClockUpdate
    main.o(.text.timerConfig) refers to system_stm32f10x.o(.data.SystemCoreClock) for SystemCoreClock
    main.o(.text.timerConfig) refers to main.o(.text.SysTick_Config) for SysTick_Config
    main.o(.ARM.exidx.text.timerConfig) refers to main.o(.text.timerConfig) for [Anonymous Symbol]
    main.o(.text.readADC) refers to stm32f10x_adc.o(.text.ADC_RegularChannelConfig) for ADC_RegularChannelConfig
    main.o(.text.readADC) refers to stm32f10x_adc.o(.text.ADC_SoftwareStartConvCmd) for ADC_SoftwareStartConvCmd
    main.o(.text.readADC) refers to stm32f10x_adc.o(.text.ADC_GetFlagStatus) for ADC_GetFlagStatus
    main.o(.text.readADC) refers to stm32f10x_adc.o(.text.ADC_GetConversionValue) for ADC_GetConversionValue
    main.o(.ARM.exidx.text.readADC) refers to main.o(.text.readADC) for [Anonymous Symbol]
    main.o(.text.uartTransmit) refers to main.o(.rodata.str1.1) for .L.str
    main.o(.text.uartTransmit) refers to sprintf.o(.text) for sprintf
    main.o(.text.uartTransmit) refers to stm32f10x_usart.o(.text.USART_SendData) for USART_SendData
    main.o(.ARM.exidx.text.uartTransmit) refers to main.o(.text.uartTransmit) for [Anonymous Symbol]
    main.o(.text.delay_ms) refers to main.o(.bss.counter) for counter
    main.o(.ARM.exidx.text.delay_ms) refers to main.o(.text.delay_ms) for [Anonymous Symbol]
    main.o(.text.SysTick_Handler) refers to main.o(.bss.counter) for counter
    main.o(.ARM.exidx.text.SysTick_Handler) refers to main.o(.text.SysTick_Handler) for [Anonymous Symbol]
    main.o(.text.SysTick_Config) refers to main.o(.text.__NVIC_SetPriority) for __NVIC_SetPriority
    main.o(.ARM.exidx.text.SysTick_Config) refers to main.o(.text.SysTick_Config) for [Anonymous Symbol]
    main.o(.ARM.exidx.text.__NVIC_SetPriority) refers to main.o(.text.__NVIC_SetPriority) for [Anonymous Symbol]
    misc.o(.ARM.exidx.text.NVIC_PriorityGroupConfig) refers to misc.o(.text.NVIC_PriorityGroupConfig) for [Anonymous Symbol]
    misc.o(.ARM.exidx.text.NVIC_Init) refers to misc.o(.text.NVIC_Init) for [Anonymous Symbol]
    misc.o(.ARM.exidx.text.NVIC_SetVectorTable) refers to misc.o(.text.NVIC_SetVectorTable) for [Anonymous Symbol]
    misc.o(.ARM.exidx.text.NVIC_SystemLPConfig) refers to misc.o(.text.NVIC_SystemLPConfig) for [Anonymous Symbol]
    misc.o(.ARM.exidx.text.SysTick_CLKSourceConfig) refers to misc.o(.text.SysTick_CLKSourceConfig) for [Anonymous Symbol]
    stm32f10x_adc.o(.text.ADC_DeInit) refers to stm32f10x_rcc.o(.text.RCC_APB2PeriphResetCmd) for RCC_APB2PeriphResetCmd
    stm32f10x_adc.o(.ARM.exidx.text.ADC_DeInit) refers to stm32f10x_adc.o(.text.ADC_DeInit) for [Anonymous Symbol]
    stm32f10x_adc.o(.ARM.exidx.text.ADC_Init) refers to stm32f10x_adc.o(.text.ADC_Init) for [Anonymous Symbol]
    stm32f10x_adc.o(.ARM.exidx.text.ADC_StructInit) refers to stm32f10x_adc.o(.text.ADC_StructInit) for [Anonymous Symbol]
    stm32f10x_adc.o(.ARM.exidx.text.ADC_Cmd) refers to stm32f10x_adc.o(.text.ADC_Cmd) for [Anonymous Symbol]
[...]
    Removing gpio_stm32f10x.o(.ARM.exidx.text.GPIO_PinConfigure), (8 bytes).
    Removing gpio_stm32f10x.o(.text.GPIO_AFConfigure), (228 bytes).
    Removing gpio_stm32f10x.o(.ARM.exidx.text.GPIO_AFConfigure), (8 bytes).
    Removing system_stm32f10x.o(.text), (0 bytes).
    Removing system_stm32f10x.o(.ARM.exidx.text.SystemInit), (8 bytes).
    Removing system_stm32f10x.o(.ARM.exidx.text.SetSysClock), (8 bytes).
    Removing system_stm32f10x.o(.ARM.exidx.text.SystemCoreClockUpdate), (8 bytes).
    Removing system_stm32f10x.o(.ARM.exidx.text.SetSysClockTo24), (8 bytes).

262 unused section(s) (total 8314 bytes) removed from the image.

==============================================================================

Image Symbol Table

    Local Symbols

    Symbol Name                              Value     Ov Type        Size  Object(Section)

    ../clib/angel/boardlib.s                 0x00000000   Number         0  boardinit1.o ABSOLUTE
    ../clib/angel/boardlib.s                 0x00000000   Number         0  boardinit2.o ABSOLUTE
    ../clib/angel/boardlib.s                 0x00000000   Number         0  boardinit3.o ABSOLUTE
    ../clib/angel/boardlib.s                 0x00000000   Number         0  boardshut.o ABSOLUTE
    ../clib/angel/handlers.s                 0x00000000   Number         0  __scatter_copy.o ABSOLUTE
    ../clib/angel/handlers.s                 0x00000000   Number         0  __scatter_zi.o ABSOLUTE
    ../clib/angel/kernel.s                   0x00000000   Number         0  __rtentry.o ABSOLUTE
    ../clib/angel/kernel.s                   0x00000000   Number         0  __rtentry2.o ABSOLUTE
    ../clib/angel/kernel.s                   0x00000000   Number         0  __rtentry4.o ABSOLUTE
    ../clib/angel/kernel.s                   0x00000000   Number         0  rtexit.o ABSOLUTE
    ../clib/angel/kernel.s                   0x00000000   Number         0  rtexit2.o ABSOLUTE
    ../clib/angel/rt.s                       0x00000000   Number         0  rt_ctype_table.o ABSOLUTE
    ../clib/angel/rt.s                       0x00000000   Number         0  rt_locale.o ABSOLUTE
    ../clib/angel/rt.s                       0x00000000   Number         0  rt_locale_intlibspace.o ABSOLUTE
    ../clib/angel/rt.s                       0x00000000   Number         0  rt_raise.o ABSOLUTE
    ../clib/angel/scatter.s                  0x00000000   Number         0  __scatter.o ABSOLUTE
    ../clib/angel/startup.s                  0x00000000   Number         0  __main.o ABSOLUTE
    ../clib/angel/sys.s                      0x00000000   Number         0  sys_stackheap_outer.o ABSOLUTE
    ../clib/angel/sys.s                      0x00000000   Number         0  libspace.o ABSOLUTE
    ../clib/angel/sys.s                      0x00000000   Number         0  use_no_semi.o ABSOLUTE
    ../clib/angel/sys.s                      0x00000000   Number         0  indicate_semi.o ABSOLUTE
    ../clib/angel/sysapp.c                   0x00000000   Number         0  sys_exit.o ABSOLUTE
    ../clib/angel/sysapp.c                   0x00000000   Number         0  sys_exit_hlt.o ABSOLUTE
    ../clib/angel/sysapp.c                   0x00000000   Number         0  sys_command.o ABSOLUTE
    ../clib/angel/sysapp.c                   0x00000000   Number         0  sys_command_hlt.o ABSOLUTE
    ../clib/angel/sysapp.c                   0x00000000   Number         0  sys_wrch.o ABSOLUTE
    ../clib/angel/sysapp.c                   0x00000000   Number         0  sys_wrch_hlt.o ABSOLUTE
    ../clib/armsys.c                         0x00000000   Number         0  argv_veneer.o ABSOLUTE
    ../clib/armsys.c                         0x00000000   Number         0  argv_veneer.o ABSOLUTE
    ../clib/armsys.c                         0x00000000   Number         0  _get_argv_nomalloc.o ABSOLUTE
    ../clib/armsys.c                         0x00000000   Number         0  no_argv.o ABSOLUTE
    ../clib/bigflt.c                         0x00000000   Number         0  bigflt0.o ABSOLUTE
    ../clib/btod.s                           0x00000000   Number         0  btod.o ABSOLUTE
    ../clib/btod_accurate.c                  0x00000000   Number         0  btod_accurate.o ABSOLUTE
    ../clib/btod_accurate.c                  0x00000000   Number         0  btod_accurate_common.o ABSOLUTE
    ../clib/heapalloc.c                      0x00000000   Number         0  hrguard.o ABSOLUTE
    ../clib/heapaux.c                        0x00000000   Number         0  heapauxi.o ABSOLUTE
    ../clib/libinit.s                        0x00000000   Number         0  libinit.o ABSOLUTE
    ../clib/libinit.s                        0x00000000   Number         0  libinit2.o ABSOLUTE
    ../clib/libinit.s                        0x00000000   Number         0  libshutdown.o ABSOLUTE
    ../clib/libinit.s                        0x00000000   Number         0  libshutdown2.o ABSOLUTE
    ../clib/locale.c                         0x00000000   Number         0  _c16rtomb.o ABSOLUTE
    ../clib/locale.s                         0x00000000   Number         0  lc_numeric_c.o ABSOLUTE
    ../clib/locale.s                         0x00000000   Number         0  lc_ctype_c.o ABSOLUTE
    ../clib/longlong.s                       0x00000000   Number         0  lludiv10.o ABSOLUTE
    ../clib/longlong.s                       0x00000000   Number         0  llushr.o ABSOLUTE
    ../clib/memcpset.s                       0x00000000   Number         0  strcmpv7m.o ABSOLUTE
    ../clib/misc.s                           0x00000000   Number         0  printf_stubs.o ABSOLUTE
    ../clib/printf.c                         0x00000000   Number         0  sprintf.o ABSOLUTE
    ../clib/printf.c                         0x00000000   Number         0  __printf.o ABSOLUTE
    ../clib/printf.c                         0x00000000   Number         0  _printf_pad.o ABSOLUTE
    ../clib/printf.c                         0x00000000   Number         0  _printf_truncate.o ABSOLUTE
    ../clib/printf.c                         0x00000000   Number         0  _printf_str.o ABSOLUTE
    ../clib/printf.c                         0x00000000   Number         0  _printf_dec.o ABSOLUTE
    ../clib/printf.c                         0x00000000   Number         0  _printf_charcount.o ABSOLUTE
    ../clib/printf.c                         0x00000000   Number         0  _printf_char_common.o ABSOLUTE
    ../clib/printf.c                         0x00000000   Number         0  _sputc.o ABSOLUTE
    ../clib/printf.c                         0x00000000   Number         0  _printf_wctomb.o ABSOLUTE
    ../clib/printf.c                         0x00000000   Number         0  _printf_longlong_dec.o ABSOLUTE
    ../clib/printf.c                         0x00000000   Number         0  _printf_oct_ll.o ABSOLUTE
    ../clib/printf.c                         0x00000000   Number         0  _printf_oct_int.o ABSOLUTE
    ../clib/printf.c                         0x00000000   Number         0  _printf_oct_int_ll.o ABSOLUTE
    ../clib/printf.c                         0x00000000   Number         0  _printf_hex_ll.o ABSOLUTE
    ../clib/printf.c                         0x00000000   Number         0  _printf_hex_int.o ABSOLUTE
    ../clib/printf.c                         0x00000000   Number         0  _printf_hex_int_ll.o ABSOLUTE
    ../clib/printf.c                         0x00000000   Number         0  _printf_hex_ptr.o ABSOLUTE
    ../clib/printf.c                         0x00000000   Number         0  _printf_hex_int_ptr.o ABSOLUTE
    ../clib/printf.c                         0x00000000   Number         0  _printf_hex_ll_ptr.o ABSOLUTE
    ../clib/printf.c                         0x00000000   Number         0  _printf_hex_int_ll_ptr.o ABSOLUTE
    ../clib/printf.c                         0x00000000   Number         0  __printf_flags.o ABSOLUTE
    ../clib/printf.c                         0x00000000   Number         0  __printf_ss.o ABSOLUTE
    ../clib/printf.c                         0x00000000   Number         0  __printf_flags_ss.o ABSOLUTE
    ../clib/printf.c                         0x00000000   Number         0  __printf_wp.o ABSOLUTE
    ../clib/printf.c                         0x00000000   Number         0  __printf_flags_wp.o ABSOLUTE
    ../clib/printf.c                         0x00000000   Number         0  __printf_ss_wp.o ABSOLUTE
    ../clib/printf.c                         0x00000000   Number         0  __printf_flags_ss_wp.o ABSOLUTE
    ../clib/printf.c                         0x00000000   Number         0  _printf_intcommon.o ABSOLUTE
    ../clib/printf.c                         0x00000000   Number         0  _printf_fp_dec.o ABSOLUTE
    ../clib/printf.c                         0x00000000   Number         0  _printf_fp_dec_accurate.o ABSOLUTE
    ../clib/printf.c                         0x00000000   Number         0  _printf_fp_hex.o ABSOLUTE
    ../clib/printf.c                         0x00000000   Number         0  __printf_nopercent.o ABSOLUTE
    ../clib/printf.c                         0x00000000   Number         0  _printf_char.o ABSOLUTE
    ../clib/printf.c                         0x00000000   Number         0  _printf_wchar.o ABSOLUTE
    ../clib/printf.c                         0x00000000   Number         0  _printf_fp_infnan.o ABSOLUTE
    ../clib/printf_percent.s                 0x00000000   Number         0  _printf_c.o ABSOLUTE
    ../clib/printf_percent.s                 0x00000000   Number         0  _printf_s.o ABSOLUTE
    ../clib/printf_percent.s                 0x00000000   Number         0  _printf_n.o ABSOLUTE
    ../clib/printf_percent.s                 0x00000000   Number         0  _printf_x.o ABSOLUTE
    ../clib/printf_percent.s                 0x00000000   Number         0  _printf_p.o ABSOLUTE
    ../clib/printf_percent.s                 0x00000000   Number         0  _printf_o.o ABSOLUTE
    ../clib/printf_percent.s                 0x00000000   Number         0  _printf_i.o ABSOLUTE
    ../clib/printf_percent.s                 0x00000000   Number         0  _printf_d.o ABSOLUTE
    ../clib/printf_percent.s                 0x00000000   Number         0  _printf_u.o ABSOLUTE
    ../clib/printf_percent.s                 0x00000000   Number         0  _printf_f.o ABSOLUTE
    ../clib/printf_percent.s                 0x00000000   Number         0  _printf_e.o ABSOLUTE
    ../clib/printf_percent.s                 0x00000000   Number         0  _printf_g.o ABSOLUTE
    ../clib/printf_percent.s                 0x00000000   Number         0  _printf_a.o ABSOLUTE
    ../clib/printf_percent.s                 0x00000000   Number         0  _printf_percent.o ABSOLUTE
    ../clib/printf_percent.s                 0x00000000   Number         0  _printf_lli.o ABSOLUTE
    ../clib/printf_percent.s                 0x00000000   Number         0  _printf_lld.o ABSOLUTE
    ../clib/printf_percent.s                 0x00000000   Number         0  _printf_llu.o ABSOLUTE
    ../clib/printf_percent.s                 0x00000000   Number         0  _printf_ll.o ABSOLUTE
    ../clib/printf_percent.s                 0x00000000   Number         0  _printf_l.o ABSOLUTE
    ../clib/printf_percent.s                 0x00000000   Number         0  _printf_lc.o ABSOLUTE
    ../clib/printf_percent.s                 0x00000000   Number         0  _printf_ls.o ABSOLUTE
    ../clib/printf_percent.s                 0x00000000   Number         0  _printf_llo.o ABSOLUTE
    ../clib/printf_percent.s                 0x00000000   Number         0  _printf_llx.o ABSOLUTE
    ../clib/printf_percent.s                 0x00000000   Number         0  _printf_percent_end.o ABSOLUTE
    ../clib/signal.c                         0x00000000   Number         0  defsig_rtmem_outer.o ABSOLUTE
    ../clib/signal.c                         0x00000000   Number         0  defsig_rtmem_formal.o ABSOLUTE
    ../clib/signal.c                         0x00000000   Number         0  defsig_exit.o ABSOLUTE
    ../clib/signal.c                         0x00000000   Number         0  defsig_rtmem_inner.o ABSOLUTE
    ../clib/signal.c                         0x00000000   Number         0  __raise.o ABSOLUTE
    ../clib/signal.c                         0x00000000   Number         0  defsig_general.o ABSOLUTE
    ../clib/signal.c                         0x00000000   Number         0  defsig_abrt_inner.o ABSOLUTE
    ../clib/signal.c                         0x00000000   Number         0  defsig_fpe_inner.o ABSOLUTE
    ../clib/signal.c                         0x00000000   Number         0  defsig_rtred_inner.o ABSOLUTE
    ../clib/signal.c                         0x00000000   Number         0  defsig_stak_inner.o ABSOLUTE
    ../clib/signal.c                         0x00000000   Number         0  defsig_pvfn_inner.o ABSOLUTE
    ../clib/signal.c                         0x00000000   Number         0  defsig_cppl_inner.o ABSOLUTE
    ../clib/signal.c                         0x00000000   Number         0  defsig_segv_inner.o ABSOLUTE
    ../clib/signal.c                         0x00000000   Number         0  defsig_other.o ABSOLUTE
    ../clib/signal.s                         0x00000000   Number         0  defsig.o ABSOLUTE
    ../clib/stdlib.c                         0x00000000   Number         0  exit.o ABSOLUTE
    ../fplib/fpinit.s                        0x00000000   Number         0  fpinit.o ABSOLUTE
    ../fplib/fpinit_empty.s                  0x00000000   Number         0  fpinit_empty.o ABSOLUTE
    ../fplib/istatus.s                       0x00000000   Number         0  istatus.o ABSOLUTE
    ../fplib/printf1.s                       0x00000000   Number         0  printf1.o ABSOLUTE
    ../fplib/printf2.s                       0x00000000   Number         0  printf2.o ABSOLUTE
    ../fplib/printf2a.s                      0x00000000   Number         0  printf2a.o ABSOLUTE
    ../fplib/printf2b.s                      0x00000000   Number         0  printf2b.o ABSOLUTE
    ../fplib/usenofp.s                       0x00000000   Number         0  usenofp.o ABSOLUTE
    ../mathlib/fpclassify.c                  0x00000000   Number         0  fpclassify.o ABSOLUTE
    GPIO_STM32F10x.c                         0x00000000   Number         0  gpio_stm32f10x.o ABSOLUTE
    RTE/Device/STM32F100RB/startup_stm32f10x_md_vl.s 0x00000000   Number         0  startup_stm32f10x_md_vl.o ABSOLUTE
    dc.s                                     0x00000000   Number         0  dc.o ABSOLUTE
    main.c                                   0x00000000   Number         0  main.o ABSOLUTE
    misc.c                                   0x00000000   Number         0  misc.o ABSOLUTE
    stm32f10x_adc.c                          0x00000000   Number         0  stm32f10x_adc.o ABSOLUTE
    stm32f10x_gpio.c                         0x00000000   Number         0  stm32f10x_gpio.o ABSOLUTE
    stm32f10x_rcc.c                          0x00000000   Number         0  stm32f10x_rcc.o ABSOLUTE
    stm32f10x_usart.c                        0x00000000   Number         0  stm32f10x_usart.o ABSOLUTE
    system_stm32f10x.c                       0x00000000   Number         0  system_stm32f10x.o ABSOLUTE
    RESET                                    0x08000000   Section      288  startup_stm32f10x_md_vl.o(RESET)
    !!!main                                  0x08000120   Section        8  __main.o(!!!main)
    !!!scatter                               0x08000128   Section       52  __scatter.o(!!!scatter)
    !!handler_copy                           0x0800015c   Section       26  __scatter_copy.o(!!handler_copy)
    !!handler_zi                             0x08000178   Section       28  __scatter_zi.o(!!handler_zi)
    .ARM.Collect$$_printf_percent$$00000000  0x08000194   Section        0  _printf_percent.o(.ARM.Collect$$_printf_percent$$00000000)
    .ARM.Collect$$_printf_percent$$00000001  0x08000194   Section        6  _printf_n.o(.ARM.Collect$$_printf_percent$$00000001)
    .ARM.Collect$$_printf_percent$$00000002  0x0800019a   Section        6  _printf_p.o(.ARM.Collect$$_printf_percent$$00000002)
    .ARM.Collect$$_printf_percent$$00000003  0x080001a0   Section        6  _printf_f.o(.ARM.Collect$$_printf_percent$$00000003)
    .ARM.Collect$$_printf_percent$$00000004  0x080001a6   Section        6  _printf_e.o(.ARM.Collect$$_printf_percent$$00000004)
    .ARM.Collect$$_printf_percent$$00000005  0x080001ac   Section        6  _printf_g.o(.ARM.Collect$$_printf_percent$$00000005)
    .ARM.Collect$$_printf_percent$$00000006  0x080001b2   Section        6  _printf_a.o(.ARM.Collect$$_printf_percent$$00000006)
    .ARM.Collect$$_printf_percent$$00000007  0x080001b8   Section       10  _printf_ll.o(.ARM.Collect$$_printf_percent$$00000007)
    .ARM.Collect$$_printf_percent$$00000008  0x080001c2   Section        6  _printf_i.o(.ARM.Collect$$_printf_percent$$00000008)
    .ARM.Collect$$_printf_percent$$00000009  0x080001c8   Section        6  _printf_d.o(.ARM.Collect$$_printf_percent$$00000009)
    .ARM.Collect$$_printf_percent$$0000000A  0x080001ce   Section        6  _printf_u.o(.ARM.Collect$$_printf_percent$$0000000A)
    .ARM.Collect$$_printf_percent$$0000000B  0x080001d4   Section        6  _printf_o.o(.ARM.Collect$$_printf_percent$$0000000B)
    .ARM.Collect$$_printf_percent$$0000000C  0x080001da   Section        6  _printf_x.o(.ARM.Collect$$_printf_percent$$0000000C)
    .ARM.Collect$$_printf_percent$$0000000D  0x080001e0   Section        6  _printf_lli.o(.ARM.Collect$$_printf_percent$$0000000D)
    .ARM.Collect$$_printf_percent$$0000000E  0x080001e6   Section        6  _printf_lld.o(.ARM.Collect$$_printf_percent$$0000000E)
    .ARM.Collect$$_printf_percent$$0000000F  0x080001ec   Section        6  _printf_llu.o(.ARM.Collect$$_printf_percent$$0000000F)
    .ARM.Collect$$_printf_percent$$00000010  0x080001f2   Section        6  _printf_llo.o(.ARM.Collect$$_printf_percent$$00000010)
    .ARM.Collect$$_printf_percent$$00000011  0x080001f8   Section        6  _printf_llx.o(.ARM.Collect$$_printf_percent$$00000011)
    .ARM.Collect$$_printf_percent$$00000012  0x080001fe   Section       10  _printf_l.o(.ARM.Collect$$_printf_percent$$00000012)
    .ARM.Collect$$_printf_percent$$00000013  0x08000208   Section        6  _printf_c.o(.ARM.Collect$$_printf_percent$$00000013)
    .ARM.Collect$$_printf_percent$$00000014  0x0800020e   Section        6  _printf_s.o(.ARM.Collect$$_printf_percent$$00000014)
    .ARM.Collect$$_printf_percent$$00000015  0x08000214   Section        6  _printf_lc.o(.ARM.Collect$$_printf_percent$$00000015)
    .ARM.Collect$$_printf_percent$$00000016  0x0800021a   Section        6  _printf_ls.o(.ARM.Collect$$_printf_percent$$00000016)
    .ARM.Collect$$_printf_percent$$00000017  0x08000220   Section        4  _printf_percent_end.o(.ARM.Collect$$_printf_percent$$00000017)
    .ARM.Collect$$libinit$$00000000          0x08000224   Section        2  libinit.o(.ARM.Collect$$libinit$$00000000)
    .ARM.Collect$$libinit$$00000002          0x08000226   Section        0  libinit2.o(.ARM.Collect$$libinit$$00000002)
    .ARM.Collect$$libinit$$00000004          0x08000226   Section        0  libinit2.o(.ARM.Collect$$libinit$$00000004)
    .ARM.Collect$$libinit$$0000000A          0x08000226   Section        0  libinit2.o(.ARM.Collect$$libinit$$0000000A)
    .ARM.Collect$$libinit$$0000000C          0x08000226   Section        0  libinit2.o(.ARM.Collect$$libinit$$0000000C)
    .ARM.Collect$$libinit$$0000000E          0x08000226   Section        0  libinit2.o(.ARM.Collect$$libinit$$0000000E)
    .ARM.Collect$$libinit$$0000000F          0x08000226   Section        6  libinit2.o(.ARM.Collect$$libinit$$0000000F)
    .ARM.Collect$$libinit$$00000011          0x0800022c   Section        0  libinit2.o(.ARM.Collect$$libinit$$00000011)
    .ARM.Collect$$libinit$$00000012          0x0800022c   Section       12  libinit2.o(.ARM.Collect$$libinit$$00000012)
    .ARM.Collect$$libinit$$00000013          0x08000238   Section        0  libinit2.o(.ARM.Collect$$libinit$$00000013)
    .ARM.Collect$$libinit$$00000015          0x08000238   Section        0  libinit2.o(.ARM.Collect$$libinit$$00000015)
    .ARM.Collect$$libinit$$00000016          0x08000238   Section       10  libinit2.o(.ARM.Collect$$libinit$$00000016)
    .ARM.Collect$$libinit$$00000017          0x08000242   Section        0  libinit2.o(.ARM.Collect$$libinit$$00000017)
    .ARM.Collect$$libinit$$00000019          0x08000242   Section        0  libinit2.o(.ARM.Collect$$libinit$$00000019)
    .ARM.Collect$$libinit$$0000001B          0x08000242   Section        0  libinit2.o(.ARM.Collect$$libinit$$0000001B)
    .ARM.Collect$$libinit$$0000001D          0x08000242   Section        0  libinit2.o(.ARM.Collect$$libinit$$0000001D)
    .ARM.Collect$$libinit$$0000001F          0x08000242   Section        0  libinit2.o(.ARM.Collect$$libinit$$0000001F)
    .ARM.Collect$$libinit$$00000021          0x08000242   Section        0  libinit2.o(.ARM.Collect$$libinit$$00000021)
    .ARM.Collect$$libinit$$00000023          0x08000242   Section        0  libinit2.o(.ARM.Collect$$libinit$$00000023)
    .ARM.Collect$$libinit$$00000025          0x08000242   Section        0  libinit2.o(.ARM.Collect$$libinit$$00000025)
    .ARM.Collect$$libinit$$0000002C          0x08000242   Section        0  libinit2.o(.ARM.Collect$$libinit$$0000002C)
    .ARM.Collect$$libinit$$0000002E          0x08000242   Section        0  libinit2.o(.ARM.Collect$$libinit$$0000002E)
    .ARM.Collect$$libinit$$00000030          0x08000242   Section        0  libinit2.o(.ARM.Collect$$libinit$$00000030)
    .ARM.Collect$$libinit$$00000032          0x08000242   Section        0  libinit2.o(.ARM.Collect$$libinit$$00000032)
    .ARM.Collect$$libinit$$00000033          0x08000242   Section        2  libinit2.o(.ARM.Collect$$libinit$$00000033)
    .ARM.Collect$$libshutdown$$00000000      0x08000244   Section        2  libshutdown.o(.ARM.Collect$$libshutdown$$00000000)
    .ARM.Collect$$libshutdown$$00000002      0x08000246   Section        0  libshutdown2.o(.ARM.Collect$$libshutdown$$00000002)
    .ARM.Collect$$libshutdown$$00000004      0x08000246   Section        0  libshutdown2.o(.ARM.Collect$$libshutdown$$00000004)
    .ARM.Collect$$libshutdown$$00000007      0x08000246   Section        0  libshutdown2.o(.ARM.Collect$$libshutdown$$00000007)
    .ARM.Collect$$libshutdown$$0000000A      0x08000246   Section        0  libshutdown2.o(.ARM.Collect$$libshutdown$$0000000A)
    .ARM.Collect$$libshutdown$$0000000C      0x08000246   Section        0  libshutdown2.o(.ARM.Collect$$libshutdown$$0000000C)
    .ARM.Collect$$libshutdown$$0000000F      0x08000246   Section        0  libshutdown2.o(.ARM.Collect$$libshutdown$$0000000F)
    .ARM.Collect$$libshutdown$$00000010      0x08000246   Section        2  libshutdown2.o(.ARM.Collect$$libshutdown$$00000010)
    .ARM.Collect$$rtentry$$00000000          0x08000248   Section        0  __rtentry.o(.ARM.Collect$$rtentry$$00000000)
    .ARM.Collect$$rtentry$$00000002          0x08000248   Section        0  __rtentry2.o(.ARM.Collect$$rtentry$$00000002)
    .ARM.Collect$$rtentry$$00000004          0x08000248   Section        6  __rtentry4.o(.ARM.Collect$$rtentry$$00000004)
    .ARM.Collect$$rtentry$$00000009          0x0800024e   Section        0  __rtentry2.o(.ARM.Collect$$rtentry$$00000009)
    .ARM.Collect$$rtentry$$0000000A          0x0800024e   Section        4  __rtentry2.o(.ARM.Collect$$rtentry$$0000000A)
    .ARM.Collect$$rtentry$$0000000C          0x08000252   Section        0  __rtentry2.o(.ARM.Collect$$rtentry$$0000000C)
    .ARM.Collect$$rtentry$$0000000D          0x08000252   Section        8  __rtentry2.o(.ARM.Collect$$rtentry$$0000000D)
    .ARM.Collect$$rtexit$$00000000           0x0800025a   Section        2  rtexit.o(.ARM.Collect$$rtexit$$00000000)
    .ARM.Collect$$rtexit$$00000002           0x0800025c   Section        0  rtexit2.o(.ARM.Collect$$rtexit$$00000002)
    .ARM.Collect$$rtexit$$00000003           0x0800025c   Section        4  rtexit2.o(.ARM.Collect$$rtexit$$00000003)
    .ARM.Collect$$rtexit$$00000004           0x08000260   Section        6  rtexit2.o(.ARM.Collect$$rtexit$$00000004)
    .text                                    0x08000268   Section       64  startup_stm32f10x_md_vl.o(.text)
    .text                                    0x080002a8   Section        0  sprintf.o(.text)
    .text                                    0x080002d4   Section        0  heapauxi.o(.text)
    .text                                    0x080002da   Section        0  _printf_pad.o(.text)
    .text                                    0x08000328   Section        0  _printf_truncate.o(.text)
    .text                                    0x0800034c   Section        0  _printf_str.o(.text)
    .text                                    0x080003a0   Section        0  _printf_dec.o(.text)
    .text                                    0x08000418   Section        0  _printf_charcount.o(.text)
    _printf_input_char                       0x08000441   Thumb Code    10  _printf_char_common.o(.text)
    .text                                    0x08000440   Section        0  _printf_char_common.o(.text)
    .text                                    0x08000470   Section        0  _sputc.o(.text)
    .text                                    0x0800047c   Section        0  _printf_wctomb.o(.text)
    .text                                    0x08000538   Section        0  _printf_longlong_dec.o(.text)
    _printf_longlong_oct_internal            0x080005b5   Thumb Code     0  _printf_oct_int_ll.o(.text)
    .text                                    0x080005b4   Section        0  _printf_oct_int_ll.o(.text)
    _printf_hex_common                       0x08000625   Thumb Code     0  _printf_hex_int_ll_ptr.o(.text)
    .text                                    0x08000624   Section        0  _printf_hex_int_ll_ptr.o(.text)
    .text                                    0x080006b8   Section        0  __printf_flags_ss_wp.o(.text)
    .text                                    0x08000840   Section      138  lludiv10.o(.text)
    .text                                    0x080008ca   Section        0  _printf_intcommon.o(.text)
    _fp_digits                               0x0800097d   Thumb Code   432  _printf_fp_dec.o(.text)
    .text                                    0x0800097c   Section        0  _printf_fp_dec.o(.text)
    .text                                    0x08000d98   Section        0  _printf_fp_hex.o(.text)
    .text                                    0x08001094   Section        0  _printf_char.o(.text)
    .text                                    0x080010c0   Section        0  _printf_wchar.o(.text)
    .text                                    0x080010ec   Section        0  _c16rtomb.o(.text)
    .text                                    0x08001134   Section       74  sys_stackheap_outer.o(.text)
    .text                                    0x08001180   Section       16  rt_ctype_table.o(.text)
    .text                                    0x08001190   Section        8  rt_locale_intlibspace.o(.text)
    .text                                    0x08001198   Section        0  _printf_fp_infnan.o(.text)
    .text                                    0x08001218   Section        0  bigflt0.o(.text)
    .text                                    0x080012fc   Section        0  exit.o(.text)
    .text                                    0x08001310   Section        8  libspace.o(.text)
    .text                                    0x08001318   Section      128  strcmpv7m.o(.text)
    .text                                    0x08001398   Section        0  sys_exit.o(.text)
    .text                                    0x080013a4   Section        2  use_no_semi.o(.text)
    .text                                    0x080013a6   Section        0  indicate_semi.o(.text)
    [Anonymous Symbol]                       0x080013a8   Section        0  stm32f10x_adc.o(.text.ADC_Cmd)
    [Anonymous Symbol]                       0x080013d4   Section        0  stm32f10x_adc.o(.text.ADC_GetConversionValue)
    [Anonymous Symbol]                       0x080013e4   Section        0  stm32f10x_adc.o(.text.ADC_GetFlagStatus)
    [Anonymous Symbol]                       0x08001418   Section        0  stm32f10x_adc.o(.text.ADC_Init)
    [Anonymous Symbol]                       0x080014b4   Section        0  stm32f10x_adc.o(.text.ADC_RegularChannelConfig)
    [Anonymous Symbol]                       0x08001630   Section        0  stm32f10x_adc.o(.text.ADC_SoftwareStartConvCmd)
    [Anonymous Symbol]                       0x0800165c   Section        0  stm32f10x_gpio.o(.text.GPIO_Init)
    [Anonymous Symbol]                       0x080017e4   Section        0  stm32f10x_rcc.o(.text.RCC_APB2PeriphClockCmd)
    [Anonymous Symbol]                       0x0800181c   Section        0  stm32f10x_rcc.o(.text.RCC_GetClocksFreq)
    SetSysClock                              0x08001985   Thumb Code     8  system_stm32f10x.o(.text.SetSysClock)
    [Anonymous Symbol]                       0x08001984   Section        0  system_stm32f10x.o(.text.SetSysClock)
    SetSysClockTo24                          0x0800198d   Thumb Code   254  system_stm32f10x.o(.text.SetSysClockTo24)
    [Anonymous Symbol]                       0x0800198c   Section        0  system_stm32f10x.o(.text.SetSysClockTo24)
    SysTick_Config                           0x08001a8d   Thumb Code    82  main.o(.text.SysTick_Config)
    [Anonymous Symbol]                       0x08001a8c   Section        0  main.o(.text.SysTick_Config)
    [Anonymous Symbol]                       0x08001ae0   Section        0  main.o(.text.SysTick_Handler)
    [Anonymous Symbol]                       0x08001b00   Section        0  system_stm32f10x.o(.text.SystemCoreClockUpdate)
    [Anonymous Symbol]                       0x08001c10   Section        0  system_stm32f10x.o(.text.SystemInit)
    [Anonymous Symbol]                       0x08001c84   Section        0  stm32f10x_usart.o(.text.USART_Cmd)
    [Anonymous Symbol]                       0x08001cb0   Section        0  stm32f10x_usart.o(.text.USART_Init)
    [Anonymous Symbol]                       0x08001e0c   Section        0  stm32f10x_usart.o(.text.USART_SendData)
    __NVIC_SetPriority                       0x08001e25   Thumb Code    66  main.o(.text.__NVIC_SetPriority)
    [Anonymous Symbol]                       0x08001e24   Section        0  main.o(.text.__NVIC_SetPriority)
    [Anonymous Symbol]                       0x08001e68   Section        0  main.o(.text.adcConfig)
    [Anonymous Symbol]                       0x08001eb0   Section        0  main.o(.text.delay_ms)
    [Anonymous Symbol]                       0x08001ed8   Section        0  main.o(.text.gpioConfig)
    [Anonymous Symbol]                       0x08001f68   Section        0  main.o(.text.main)
    [Anonymous Symbol]                       0x08001fa4   Section        0  main.o(.text.readADC)
    [Anonymous Symbol]                       0x08001fec   Section        0  main.o(.text.timerConfig)
    [Anonymous Symbol]                       0x08002010   Section        0  main.o(.text.uartConfig)
    [Anonymous Symbol]                       0x0800205c   Section        0  main.o(.text.uartTransmit)
    CL$$btod_d2e                             0x080020ba   Section       62  btod.o(CL$$btod_d2e)
    CL$$btod_d2e_denorm_low                  0x080020f8   Section       70  btod.o(CL$$btod_d2e_denorm_low)
    CL$$btod_d2e_norm_op1                    0x0800213e   Section       96  btod.o(CL$$btod_d2e_norm_op1)
    CL$$btod_div_common                      0x080021a0   Section      824  btod.o(CL$$btod_div_common)
    CL$$btod_e2e                             0x080024d8   Section      220  btod.o(CL$$btod_e2e)
    CL$$btod_ediv                            0x080025b4   Section       42  btod.o(CL$$btod_ediv)
    CL$$btod_emul                            0x080025de   Section       42  btod.o(CL$$btod_emul)
    CL$$btod_mult_common                     0x08002608   Section      580  btod.o(CL$$btod_mult_common)
    i.__ARM_fpclassify                       0x0800284c   Section        0  fpclassify.o(i.__ARM_fpclassify)
    i._is_digit                              0x08002874   Section        0  __printf_wp.o(i._is_digit)
    locale$$code                             0x08002884   Section       44  lc_numeric_c.o(locale$$code)
    locale$$code                             0x080028b0   Section       44  lc_ctype_c.o(locale$$code)
    x$fpl$printf1                            0x080028dc   Section        4  printf1.o(x$fpl$printf1)
    x$fpl$printf2                            0x080028e0   Section        4  printf2.o(x$fpl$printf2)
    initial_mbstate                          0x080028e4   Data           8  _printf_wctomb.o(.constdata)
    .constdata                               0x080028e4   Section        8  _printf_wctomb.o(.constdata)
    x$fpl$usenofp                            0x080028e4   Section        0  usenofp.o(x$fpl$usenofp)
    uc_hextab                                0x080028ec   Data          20  _printf_hex_int_ll_ptr.o(.constdata)
    .constdata                               0x080028ec   Section       40  _printf_hex_int_ll_ptr.o(.constdata)
    lc_hextab                                0x08002900   Data          20  _printf_hex_int_ll_ptr.o(.constdata)
    maptable                                 0x08002914   Data          17  __printf_flags_ss_wp.o(.constdata)
    .constdata                               0x08002914   Section       17  __printf_flags_ss_wp.o(.constdata)
    lc_hextab                                0x08002925   Data          19  _printf_fp_hex.o(.constdata)
    .constdata                               0x08002925   Section       38  _printf_fp_hex.o(.constdata)
    uc_hextab                                0x08002938   Data          19  _printf_fp_hex.o(.constdata)
    tenpwrs_x                                0x0800294c   Data          60  bigflt0.o(.constdata)
    .constdata                               0x0800294c   Section      148  bigflt0.o(.constdata)
    tenpwrs_i                                0x08002988   Data          64  bigflt0.o(.constdata)
    ADCPrescTable                            0x080029e0   Data           4  stm32f10x_rcc.o(.rodata.ADCPrescTable)
    [Anonymous Symbol]                       0x080029e0   Section        0  stm32f10x_rcc.o(.rodata.ADCPrescTable)
    APBAHBPrescTable                         0x080029f4   Data          16  stm32f10x_rcc.o(.rodata.APBAHBPrescTable)
    [Anonymous Symbol]                       0x080029f4   Section        0  stm32f10x_rcc.o(.rodata.APBAHBPrescTable)
    .L.str                                   0x08002a04   Data          11  main.o(.rodata.str1.1)
    [Anonymous Symbol]                       0x08002a04   Section        0  main.o(.rodata.str1.1)
    locale$$data                             0x08002a30   Section       28  lc_numeric_c.o(locale$$data)
    __lcnum_c_name                           0x08002a34   Data           2  lc_numeric_c.o(locale$$data)
    __lcnum_c_start                          0x08002a3c   Data           0  lc_numeric_c.o(locale$$data)
    __lcnum_c_point                          0x08002a48   Data           0  lc_numeric_c.o(locale$$data)
    __lcnum_c_thousands                      0x08002a4a   Data           0  lc_numeric_c.o(locale$$data)
    __lcnum_c_grouping                       0x08002a4b   Data           0  lc_numeric_c.o(locale$$data)
    __lcnum_c_end                            0x08002a4c   Data           0  lc_numeric_c.o(locale$$data)
    locale$$data                             0x08002a4c   Section      272  lc_ctype_c.o(locale$$data)
    __lcctype_c_name                         0x08002a50   Data           2  lc_ctype_c.o(locale$$data)
    __lcctype_c_start                        0x08002a58   Data           0  lc_ctype_c.o(locale$$data)
    __lcctype_c_end                          0x08002b5c   Data           0  lc_ctype_c.o(locale$$data)
    .bss                                     0x20000008   Section       96  libspace.o(.bss)
    counter                                  0x20000068   Data           4  main.o(.bss.counter)
    [Anonymous Symbol]                       0x20000068   Section        0  main.o(.bss.counter)
    data                                     0x2000006c   Data           2  main.o(.bss.data)
    [Anonymous Symbol]                       0x2000006c   Section        0  main.o(.bss.data)
    Heap_Mem                                 0x20000070   Data         512  startup_stm32f10x_md_vl.o(HEAP)
    HEAP                                     0x20000070   Section      512  startup_stm32f10x_md_vl.o(HEAP)
    Stack_Mem                                0x20000270   Data        1024  startup_stm32f10x_md_vl.o(STACK)
    STACK                                    0x20000270   Section     1024  startup_stm32f10x_md_vl.o(STACK)
    __initial_sp                             0x20000670   Data           0  startup_stm32f10x_md_vl.o(STACK)

    Global Symbols

    Symbol Name                              Value     Ov Type        Size  Object(Section)

    BuildAttributes$$THM_ISAv4$P$D$K$B$S$PE$A:L22UL41UL21$X:L11$S22US41US21$IEEE1$IW$~IW$USESV6$~STKCKD$USESV7$~SHL$OTIME$ROPI$IEEEJ$EBA8$UX$STANDARDLIB$REQ8$PRES8$EABIv2 0x00000000   Number         0  anon$$obj.o ABSOLUTE
    __fp_init_empty                          0x00000000   Number         0  fpinit_empty.o ABSOLUTE
    _printf_flags                            0x00000000   Number         0  printf_stubs.o ABSOLUTE
    _printf_return_value                     0x00000000   Number         0  printf_stubs.o ABSOLUTE
    _printf_sizespec                         0x00000000   Number         0  printf_stubs.o ABSOLUTE
    _printf_widthprec                        0x00000000   Number         0  printf_stubs.o ABSOLUTE
    __ARM_exceptions_init                     - Undefined Weak Reference
    __alloca_initialize                       - Undefined Weak Reference
    __arm_preinit_                            - Undefined Weak Reference
    __cpp_initialize__aeabi_                  - Undefined Weak Reference
    __cxa_finalize                            - Undefined Weak Reference
    __sigvec_lookup                           - Undefined Weak Reference
    _atexit_init                              - Undefined Weak Reference
    _call_atexit_fns                          - Undefined Weak Reference
    _clock_init                               - Undefined Weak Reference
    _fp_trap_init                             - Undefined Weak Reference
    _fp_trap_shutdown                         - Undefined Weak Reference
    _get_lc_collate                           - Undefined Weak Reference
    _get_lc_monetary                          - Undefined Weak Reference
    _get_lc_time                              - Undefined Weak Reference
    _getenv_init                              - Undefined Weak Reference
    _handle_redirection                       - Undefined Weak Reference
    _init_alloc                               - Undefined Weak Reference
    _init_user_alloc                          - Undefined Weak Reference
    _initio                                   - Undefined Weak Reference
    _printf_mbtowc                            - Undefined Weak Reference
    _printf_wc                                - Undefined Weak Reference
    _rand_init                                - Undefined Weak Reference
    _signal_finish                            - Undefined Weak Reference
    _signal_init                              - Undefined Weak Reference
    _terminate_alloc                          - Undefined Weak Reference
    _terminate_user_alloc                     - Undefined Weak Reference
    _terminateio                              - Undefined Weak Reference
    __Vectors_Size                           0x00000120   Number         0  startup_stm32f10x_md_vl.o ABSOLUTE
    __Vectors                                0x08000000   Data           4  startup_stm32f10x_md_vl.o(RESET)
    __Vectors_End                            0x08000120   Data           0  startup_stm32f10x_md_vl.o(RESET)
    __main                                   0x08000121   Thumb Code     8  __main.o(!!!main)
    __scatterload                            0x08000129   Thumb Code     0  __scatter.o(!!!scatter)
    __scatterload_rt2                        0x08000129   Thumb Code    44  __scatter.o(!!!scatter)
    __scatterload_rt2_thumb_only             0x08000129   Thumb Code     0  __scatter.o(!!!scatter)
    __scatterload_null                       0x08000137   Thumb Code     0  __scatter.o(!!!scatter)
    __scatterload_copy                       0x0800015d   Thumb Code    26  __scatter_copy.o(!!handler_copy)
    __scatterload_zeroinit                   0x08000179   Thumb Code    28  __scatter_zi.o(!!handler_zi)
    _printf_n                                0x08000195   Thumb Code     0  _printf_n.o(.ARM.Collect$$_printf_percent$$00000001)
    _printf_percent                          0x08000195   Thumb Code     0  _printf_percent.o(.ARM.Collect$$_printf_percent$$00000000)
    _printf_p                                0x0800019b   Thumb Code     0  _printf_p.o(.ARM.Collect$$_printf_percent$$00000002)
    _printf_f                                0x080001a1   Thumb Code     0  _printf_f.o(.ARM.Collect$$_printf_percent$$00000003)
    _printf_e                                0x080001a7   Thumb Code     0  _printf_e.o(.ARM.Collect$$_printf_percent$$00000004)
    _printf_g                                0x080001ad   Thumb Code     0  _printf_g.o(.ARM.Collect$$_printf_percent$$00000005)
    _printf_a                                0x080001b3   Thumb Code     0  _printf_a.o(.ARM.Collect$$_printf_percent$$00000006)
    _printf_ll                               0x080001b9   Thumb Code     0  _printf_ll.o(.ARM.Collect$$_printf_percent$$00000007)
    _printf_i                                0x080001c3   Thumb Code     0  _printf_i.o(.ARM.Collect$$_printf_percent$$00000008)
    _printf_d                                0x080001c9   Thumb Code     0  _printf_d.o(.ARM.Collect$$_printf_percent$$00000009)
    _printf_u                                0x080001cf   Thumb Code     0  _printf_u.o(.ARM.Collect$$_printf_percent$$0000000A)
    _printf_o                                0x080001d5   Thumb Code     0  _printf_o.o(.ARM.Collect$$_printf_percent$$0000000B)
    _printf_x                                0x080001db   Thumb Code     0  _printf_x.o(.ARM.Collect$$_printf_percent$$0000000C)
    _printf_lli                              0x080001e1   Thumb Code     0  _printf_lli.o(.ARM.Collect$$_printf_percent$$0000000D)
    _printf_lld                              0x080001e7   Thumb Code     0  _printf_lld.o(.ARM.Collect$$_printf_percent$$0000000E)
    _printf_llu                              0x080001ed   Thumb Code     0  _printf_llu.o(.ARM.Collect$$_printf_percent$$0000000F)
    _printf_llo                              0x080001f3   Thumb Code     0  _printf_llo.o(.ARM.Collect$$_printf_percent$$00000010)
    _printf_llx                              0x080001f9   Thumb Code     0  _printf_llx.o(.ARM.Collect$$_printf_percent$$00000011)
    _printf_l                                0x080001ff   Thumb Code     0  _printf_l.o(.ARM.Collect$$_printf_percent$$00000012)
    _printf_c                                0x08000209   Thumb Code     0  _printf_c.o(.ARM.Collect$$_printf_percent$$00000013)
    _printf_s                                0x0800020f   Thumb Code     0  _printf_s.o(.ARM.Collect$$_printf_percent$$00000014)
    _printf_lc                               0x08000215   Thumb Code     0  _printf_lc.o(.ARM.Collect$$_printf_percent$$00000015)
    _printf_ls                               0x0800021b   Thumb Code     0  _printf_ls.o(.ARM.Collect$$_printf_percent$$00000016)
    _printf_percent_end                      0x08000221   Thumb Code     0  _printf_percent_end.o(.ARM.Collect$$_printf_percent$$00000017)
    __rt_lib_init                            0x08000225   Thumb Code     0  libinit.o(.ARM.Collect$$libinit$$00000000)
    __rt_lib_init_fp_1                       0x08000227   Thumb Code     0  libinit2.o(.ARM.Collect$$libinit$$00000002)
    __rt_lib_init_heap_1                     0x08000227   Thumb Code     0  libinit2.o(.ARM.Collect$$libinit$$0000000A)
    __rt_lib_init_lc_common                  0x08000227   Thumb Code     0  libinit2.o(.ARM.Collect$$libinit$$0000000F)
    __rt_lib_init_preinit_1                  0x08000227   Thumb Code     0  libinit2.o(.ARM.Collect$$libinit$$00000004)
    __rt_lib_init_rand_1                     0x08000227   Thumb Code     0  libinit2.o(.ARM.Collect$$libinit$$0000000E)
    __rt_lib_init_user_alloc_1               0x08000227   Thumb Code     0  libinit2.o(.ARM.Collect$$libinit$$0000000C)
    __rt_lib_init_lc_collate_1               0x0800022d   Thumb Code     0  libinit2.o(.ARM.Collect$$libinit$$00000011)
    __rt_lib_init_lc_ctype_2                 0x0800022d   Thumb Code     0  libinit2.o(.ARM.Collect$$libinit$$00000012)
    __rt_lib_init_lc_ctype_1                 0x08000239   Thumb Code     0  libinit2.o(.ARM.Collect$$libinit$$00000013)
    __rt_lib_init_lc_monetary_1              0x08000239   Thumb Code     0  libinit2.o(.ARM.Collect$$libinit$$00000015)
    __rt_lib_init_lc_numeric_2               0x08000239   Thumb Code     0  libinit2.o(.ARM.Collect$$libinit$$00000016)
    __rt_lib_init_alloca_1                   0x08000243   Thumb Code     0  libinit2.o(.ARM.Collect$$libinit$$0000002E)
    __rt_lib_init_argv_1                     0x08000243   Thumb Code     0  libinit2.o(.ARM.Collect$$libinit$$0000002C)
    __rt_lib_init_atexit_1                   0x08000243   Thumb Code     0  libinit2.o(.ARM.Collect$$libinit$$0000001B)
    __rt_lib_init_clock_1                    0x08000243   Thumb Code     0  libinit2.o(.ARM.Collect$$libinit$$00000021)
    __rt_lib_init_cpp_1                      0x08000243   Thumb Code     0  libinit2.o(.ARM.Collect$$libinit$$00000032)
    __rt_lib_init_exceptions_1               0x08000243   Thumb Code     0  libinit2.o(.ARM.Collect$$libinit$$00000030)
    __rt_lib_init_fp_trap_1                  0x08000243   Thumb Code     0  libinit2.o(.ARM.Collect$$libinit$$0000001F)
    __rt_lib_init_getenv_1                   0x08000243   Thumb Code     0  libinit2.o(.ARM.Collect$$libinit$$00000023)
    __rt_lib_init_lc_numeric_1               0x08000243   Thumb Code     0  libinit2.o(.ARM.Collect$$libinit$$00000017)
    __rt_lib_init_lc_time_1                  0x08000243   Thumb Code     0  libinit2.o(.ARM.Collect$$libinit$$00000019)
    __rt_lib_init_return                     0x08000243   Thumb Code     0  libinit2.o(.ARM.Collect$$libinit$$00000033)
    __rt_lib_init_signal_1                   0x08000243   Thumb Code     0  libinit2.o(.ARM.Collect$$libinit$$0000001D)
    __rt_lib_init_stdio_1                    0x08000243   Thumb Code     0  libinit2.o(.ARM.Collect$$libinit$$00000025)
    __rt_lib_shutdown                        0x08000245   Thumb Code     0  libshutdown.o(.ARM.Collect$$libshutdown$$00000000)
    __rt_lib_shutdown_cpp_1                  0x08000247   Thumb Code     0  libshutdown2.o(.ARM.Collect$$libshutdown$$00000002)
    __rt_lib_shutdown_fp_trap_1              0x08000247   Thumb Code     0  libshutdown2.o(.ARM.Collect$$libshutdown$$00000007)
    __rt_lib_shutdown_heap_1                 0x08000247   Thumb Code     0  libshutdown2.o(.ARM.Collect$$libshutdown$$0000000F)
    __rt_lib_shutdown_return                 0x08000247   Thumb Code     0  libshutdown2.o(.ARM.Collect$$libshutdown$$00000010)
    __rt_lib_shutdown_signal_1               0x08000247   Thumb Code     0  libshutdown2.o(.ARM.Collect$$libshutdown$$0000000A)
    __rt_lib_shutdown_stdio_1                0x08000247   Thumb Code     0  libshutdown2.o(.ARM.Collect$$libshutdown$$00000004)
    __rt_lib_shutdown_user_alloc_1           0x08000247   Thumb Code     0  libshutdown2.o(.ARM.Collect$$libshutdown$$0000000C)
    __rt_entry                               0x08000249   Thumb Code     0  __rtentry.o(.ARM.Collect$$rtentry$$00000000)
    __rt_entry_presh_1                       0x08000249   Thumb Code     0  __rtentry2.o(.ARM.Collect$$rtentry$$00000002)
    __rt_entry_sh                            0x08000249   Thumb Code     0  __rtentry4.o(.ARM.Collect$$rtentry$$00000004)
    __rt_entry_li                            0x0800024f   Thumb Code     0  __rtentry2.o(.ARM.Collect$$rtentry$$0000000A)
    __rt_entry_postsh_1                      0x0800024f   Thumb Code     0  __rtentry2.o(.ARM.Collect$$rtentry$$00000009)
    __rt_entry_main                          0x08000253   Thumb Code     0  __rtentry2.o(.ARM.Collect$$rtentry$$0000000D)
    __rt_entry_postli_1                      0x08000253   Thumb Code     0  __rtentry2.o(.ARM.Collect$$rtentry$$0000000C)
    __rt_exit                                0x0800025b   Thumb Code     0  rtexit.o(.ARM.Collect$$rtexit$$00000000)
    __rt_exit_ls                             0x0800025d   Thumb Code     0  rtexit2.o(.ARM.Collect$$rtexit$$00000003)
    __rt_exit_prels_1                        0x0800025d   Thumb Code     0  rtexit2.o(.ARM.Collect$$rtexit$$00000002)
    __rt_exit_exit                           0x08000261   Thumb Code     0  rtexit2.o(.ARM.Collect$$rtexit$$00000004)
    Reset_Handler                            0x08000269   Thumb Code     8  startup_stm32f10x_md_vl.o(.text)
    NMI_Handler                              0x08000271   Thumb Code     2  startup_stm32f10x_md_vl.o(.text)
    HardFault_Handler                        0x08000273   Thumb Code     2  startup_stm32f10x_md_vl.o(.text)
    MemManage_Handler                        0x08000275   Thumb Code     2  startup_stm32f10x_md_vl.o(.text)
    BusFault_Handler                         0x08000277   Thumb Code     2  startup_stm32f10x_md_vl.o(.text)
    UsageFault_Handler                       0x08000279   Thumb Code     2  startup_stm32f10x_md_vl.o(.text)
    SVC_Handler                              0x0800027b   Thumb Code     2  startup_stm32f10x_md_vl.o(.text)
    DebugMon_Handler                         0x0800027d   Thumb Code     2  startup_stm32f10x_md_vl.o(.text)
    PendSV_Handler                           0x0800027f   Thumb Code     2  startup_stm32f10x_md_vl.o(.text)
    ADC1_IRQHandler                          0x08000283   Thumb Code     0  startup_stm32f10x_md_vl.o(.text)
    CEC_IRQHandler                           0x08000283   Thumb Code     0  startup_stm32f10x_md_vl.o(.text)
    DMA1_Channel1_IRQHandler                 0x08000283   Thumb Code     0  startup_stm32f10x_md_vl.o(.text)
    DMA1_Channel2_IRQHandler                 0x08000283   Thumb Code     0  startup_stm32f10x_md_vl.o(.text)
    DMA1_Channel3_IRQHandler                 0x08000283   Thumb Code     0  startup_stm32f10x_md_vl.o(.text)
    DMA1_Channel4_IRQHandler                 0x08000283   Thumb Code     0  startup_stm32f10x_md_vl.o(.text)
    DMA1_Channel5_IRQHandler                 0x08000283   Thumb Code     0  startup_stm32f10x_md_vl.o(.text)
    DMA1_Channel6_IRQHandler                 0x08000283   Thumb Code     0  startup_stm32f10x_md_vl.o(.text)
    DMA1_Channel7_IRQHandler                 0x08000283   Thumb Code     0  startup_stm32f10x_md_vl.o(.text)
    EXTI0_IRQHandler                         0x08000283   Thumb Code     0  startup_stm32f10x_md_vl.o(.text)
    EXTI15_10_IRQHandler                     0x08000283   Thumb Code     0  startup_stm32f10x_md_vl.o(.text)
    EXTI1_IRQHandler                         0x08000283   Thumb Code     0  startup_stm32f10x_md_vl.o(.text)
    EXTI2_IRQHandler                         0x08000283   Thumb Code     0  startup_stm32f10x_md_vl.o(.text)
    EXTI3_IRQHandler                         0x08000283   Thumb Code     0  startup_stm32f10x_md_vl.o(.text)
    EXTI4_IRQHandler                         0x08000283   Thumb Code     0  startup_stm32f10x_md_vl.o(.text)
    EXTI9_5_IRQHandler                       0x08000283   Thumb Code     0  startup_stm32f10x_md_vl.o(.text)
    FLASH_IRQHandler                         0x08000283   Thumb Code     0  startup_stm32f10x_md_vl.o(.text)
    I2C1_ER_IRQHandler                       0x08000283   Thumb Code     0  startup_stm32f10x_md_vl.o(.text)
    I2C1_EV_IRQHandler                       0x08000283   Thumb Code     0  startup_stm32f10x_md_vl.o(.text)
    I2C2_ER_IRQHandler                       0x08000283   Thumb Code     0  startup_stm32f10x_md_vl.o(.text)
    I2C2_EV_IRQHandler                       0x08000283   Thumb Code     0  startup_stm32f10x_md_vl.o(.text)
    PVD_IRQHandler                           0x08000283   Thumb Code     0  startup_stm32f10x_md_vl.o(.text)
    RCC_IRQHandler                           0x08000283   Thumb Code     0  startup_stm32f10x_md_vl.o(.text)
    RTCAlarm_IRQHandler                      0x08000283   Thumb Code     0  startup_stm32f10x_md_vl.o(.text)
    RTC_IRQHandler                           0x08000283   Thumb Code     0  startup_stm32f10x_md_vl.o(.text)
    SPI1_IRQHandler                          0x08000283   Thumb Code     0  startup_stm32f10x_md_vl.o(.text)
    SPI2_IRQHandler                          0x08000283   Thumb Code     0  startup_stm32f10x_md_vl.o(.text)
    TAMPER_IRQHandler                        0x08000283   Thumb Code     0  startup_stm32f10x_md_vl.o(.text)
    TIM1_BRK_TIM15_IRQHandler                0x08000283   Thumb Code     0  startup_stm32f10x_md_vl.o(.text)
    TIM1_CC_IRQHandler                       0x08000283   Thumb Code     0  startup_stm32f10x_md_vl.o(.text)
    TIM1_TRG_COM_TIM17_IRQHandler            0x08000283   Thumb Code     0  startup_stm32f10x_md_vl.o(.text)
    TIM1_UP_TIM16_IRQHandler                 0x08000283   Thumb Code     0  startup_stm32f10x_md_vl.o(.text)
    TIM2_IRQHandler                          0x08000283   Thumb Code     0  startup_stm32f10x_md_vl.o(.text)
    TIM3_IRQHandler                          0x08000283   Thumb Code     0  startup_stm32f10x_md_vl.o(.text)
    TIM4_IRQHandler                          0x08000283   Thumb Code     0  startup_stm32f10x_md_vl.o(.text)
    TIM6_DAC_IRQHandler                      0x08000283   Thumb Code     0  startup_stm32f10x_md_vl.o(.text)
    TIM7_IRQHandler                          0x08000283   Thumb Code     0  startup_stm32f10x_md_vl.o(.text)
    USART1_IRQHandler                        0x08000283   Thumb Code     0  startup_stm32f10x_md_vl.o(.text)
    USART2_IRQHandler                        0x08000283   Thumb Code     0  startup_stm32f10x_md_vl.o(.text)
    USART3_IRQHandler                        0x08000283   Thumb Code     0  startup_stm32f10x_md_vl.o(.text)
    WWDG_IRQHandler                          0x08000283   Thumb Code     0  startup_stm32f10x_md_vl.o(.text)
    __user_initial_stackheap                 0x08000285   Thumb Code     0  startup_stm32f10x_md_vl.o(.text)
    sprintf                                  0x080002a9   Thumb Code    38  sprintf.o(.text)
    __use_two_region_memory                  0x080002d5   Thumb Code     2  heapauxi.o(.text)
    __rt_heap_escrow$2region                 0x080002d7   Thumb Code     2  heapauxi.o(.text)
    __rt_heap_expand$2region                 0x080002d9   Thumb Code     2  heapauxi.o(.text)
    _printf_pre_padding                      0x080002db   Thumb Code    44  _printf_pad.o(.text)
    _printf_post_padding                     0x08000307   Thumb Code    34  _printf_pad.o(.text)
    _printf_truncate_signed                  0x08000329   Thumb Code    18  _printf_truncate.o(.text)
    _printf_truncate_unsigned                0x0800033b   Thumb Code    18  _printf_truncate.o(.text)
    _printf_str                              0x0800034d   Thumb Code    82  _printf_str.o(.text)
    _printf_int_dec                          0x080003a1   Thumb Code   104  _printf_dec.o(.text)
    _printf_charcount                        0x08000419   Thumb Code    40  _printf_charcount.o(.text)
    _printf_char_common                      0x0800044b   Thumb Code    32  _printf_char_common.o(.text)
    _sputc                                   0x08000471   Thumb Code    10  _sputc.o(.text)
    _printf_wctomb                           0x0800047d   Thumb Code   182  _printf_wctomb.o(.text)
    _printf_longlong_dec                     0x08000539   Thumb Code   108  _printf_longlong_dec.o(.text)
    _printf_longlong_oct                     0x080005b5   Thumb Code    68  _printf_oct_int_ll.o(.text)
    _printf_int_oct                          0x080005f9   Thumb Code    24  _printf_oct_int_ll.o(.text)
    _printf_ll_oct                           0x08000611   Thumb Code    12  _printf_oct_int_ll.o(.text)
    _printf_longlong_hex                     0x08000625   Thumb Code    86  _printf_hex_int_ll_ptr.o(.text)
    _printf_int_hex                          0x0800067b   Thumb Code    28  _printf_hex_int_ll_ptr.o(.text)
    _printf_ll_hex                           0x08000697   Thumb Code    12  _printf_hex_int_ll_ptr.o(.text)
    _printf_hex_ptr                          0x080006a3   Thumb Code    18  _printf_hex_int_ll_ptr.o(.text)
    __printf                                 0x080006b9   Thumb Code   388  __printf_flags_ss_wp.o(.text)
    _ll_udiv10                               0x08000841   Thumb Code   138  lludiv10.o(.text)
    _printf_int_common                       0x080008cb   Thumb Code   178  _printf_intcommon.o(.text)
    _printf_fp_dec_real                      0x08000b2d   Thumb Code   620  _printf_fp_dec.o(.text)
    _printf_fp_hex_real                      0x08000d99   Thumb Code   756  _printf_fp_hex.o(.text)
    _printf_cs_common                        0x08001095   Thumb Code    20  _printf_char.o(.text)
    _printf_char                             0x080010a9   Thumb Code    16  _printf_char.o(.text)
    _printf_string                           0x080010b9   Thumb Code     8  _printf_char.o(.text)
    _printf_lcs_common                       0x080010c1   Thumb Code    20  _printf_wchar.o(.text)
    _printf_wchar                            0x080010d5   Thumb Code    16  _printf_wchar.o(.text)
    _printf_wstring                          0x080010e5   Thumb Code     8  _printf_wchar.o(.text)
    _c16rtomb                                0x080010ed   Thumb Code    72  _c16rtomb.o(.text)
    _wcrtomb                                 0x080010ed   Thumb Code     0  _c16rtomb.o(.text)
    __user_setup_stackheap                   0x08001135   Thumb Code    74  sys_stackheap_outer.o(.text)
    __rt_ctype_table                         0x08001181   Thumb Code    16  rt_ctype_table.o(.text)
    __rt_locale                              0x08001191   Thumb Code     8  rt_locale_intlibspace.o(.text)
    _printf_fp_infnan                        0x08001199   Thumb Code   112  _printf_fp_infnan.o(.text)
    _btod_etento                             0x08001219   Thumb Code   224  bigflt0.o(.text)
    exit                                     0x080012fd   Thumb Code    18  exit.o(.text)
    __user_libspace                          0x08001311   Thumb Code     8  libspace.o(.text)
    __user_perproc_libspace                  0x08001311   Thumb Code     0  libspace.o(.text)
    __user_perthread_libspace                0x08001311   Thumb Code     0  libspace.o(.text)
    strcmp                                   0x08001319   Thumb Code   128  strcmpv7m.o(.text)
    _sys_exit                                0x08001399   Thumb Code     8  sys_exit.o(.text)
    __I$use$semihosting                      0x080013a5   Thumb Code     0  use_no_semi.o(.text)
    __use_no_semihosting_swi                 0x080013a5   Thumb Code     2  use_no_semi.o(.text)
    __semihosting_library_function           0x080013a7   Thumb Code     0  indicate_semi.o(.text)
    ADC_Cmd                                  0x080013a9   Thumb Code    44  stm32f10x_adc.o(.text.ADC_Cmd)
    ADC_GetConversionValue                   0x080013d5   Thumb Code    14  stm32f10x_adc.o(.text.ADC_GetConversionValue)
    ADC_GetFlagStatus                        0x080013e5   Thumb Code    52  stm32f10x_adc.o(.text.ADC_GetFlagStatus)
    ADC_Init                                 0x08001419   Thumb Code   154  stm32f10x_adc.o(.text.ADC_Init)
    ADC_RegularChannelConfig                 0x080014b5   Thumb Code   380  stm32f10x_adc.o(.text.ADC_RegularChannelConfig)
    ADC_SoftwareStartConvCmd                 0x08001631   Thumb Code    44  stm32f10x_adc.o(.text.ADC_SoftwareStartConvCmd)
    GPIO_Init                                0x0800165d   Thumb Code   390  stm32f10x_gpio.o(.text.GPIO_Init)
    RCC_APB2PeriphClockCmd                   0x080017e5   Thumb Code    56  stm32f10x_rcc.o(.text.RCC_APB2PeriphClockCmd)
    RCC_GetClocksFreq                        0x0800181d   Thumb Code   358  stm32f10x_rcc.o(.text.RCC_GetClocksFreq)
    SysTick_Handler                          0x08001ae1   Thumb Code    32  main.o(.text.SysTick_Handler)
    SystemCoreClockUpdate                    0x08001b01   Thumb Code   272  system_stm32f10x.o(.text.SystemCoreClockUpdate)
    SystemInit                               0x08001c11   Thumb Code   114  system_stm32f10x.o(.text.SystemInit)
    USART_Cmd                                0x08001c85   Thumb Code    44  stm32f10x_usart.o(.text.USART_Cmd)
    USART_Init                               0x08001cb1   Thumb Code   348  stm32f10x_usart.o(.text.USART_Init)
    USART_SendData                           0x08001e0d   Thumb Code    24  stm32f10x_usart.o(.text.USART_SendData)
    adcConfig                                0x08001e69   Thumb Code    70  main.o(.text.adcConfig)
    delay_ms                                 0x08001eb1   Thumb Code    38  main.o(.text.delay_ms)
    gpioConfig                               0x08001ed9   Thumb Code   142  main.o(.text.gpioConfig)
    main                                     0x08001f69   Thumb Code    58  main.o(.text.main)
    readADC                                  0x08001fa5   Thumb Code    72  main.o(.text.readADC)
    timerConfig                              0x08001fed   Thumb Code    36  main.o(.text.timerConfig)
    uartConfig                               0x08002011   Thumb Code    74  main.o(.text.uartConfig)
    uartTransmit                             0x0800205d   Thumb Code    94  main.o(.text.uartTransmit)
    _btod_d2e                                0x080020bb   Thumb Code    62  btod.o(CL$$btod_d2e)
    _d2e_denorm_low                          0x080020f9   Thumb Code    70  btod.o(CL$$btod_d2e_denorm_low)
    _d2e_norm_op1                            0x0800213f   Thumb Code    96  btod.o(CL$$btod_d2e_norm_op1)
    __btod_div_common                        0x080021a1   Thumb Code   696  btod.o(CL$$btod_div_common)
    _e2e                                     0x080024d9   Thumb Code   220  btod.o(CL$$btod_e2e)
    _btod_ediv                               0x080025b5   Thumb Code    42  btod.o(CL$$btod_ediv)
    _btod_emul                               0x080025df   Thumb Code    42  btod.o(CL$$btod_emul)
    __btod_mult_common                       0x08002609   Thumb Code   580  btod.o(CL$$btod_mult_common)
    __ARM_fpclassify                         0x0800284d   Thumb Code    40  fpclassify.o(i.__ARM_fpclassify)
    _is_digit                                0x08002875   Thumb Code    14  __printf_wp.o(i._is_digit)
    _get_lc_numeric                          0x08002885   Thumb Code    44  lc_numeric_c.o(locale$$code)
    _get_lc_ctype                            0x080028b1   Thumb Code    44  lc_ctype_c.o(locale$$code)
    _printf_fp_dec                           0x080028dd   Thumb Code     4  printf1.o(x$fpl$printf1)
    _printf_fp_hex                           0x080028e1   Thumb Code     4  printf2.o(x$fpl$printf2)
    __I$use$fp                               0x080028e4   Number         0  usenofp.o(x$fpl$usenofp)
    AHBPrescTable                            0x080029e4   Data          16  system_stm32f10x.o(.rodata.AHBPrescTable)
    Region$$Table$$Base                      0x08002a10   Number         0  anon$$obj.o(Region$$Table)
    Region$$Table$$Limit                     0x08002a30   Number         0  anon$$obj.o(Region$$Table)
    __ctype                                  0x08002a59   Data           0  lc_ctype_c.o(locale$$data)
    SystemCoreClock                          0x20000000   Data           4  system_stm32f10x.o(.data.SystemCoreClock)
    __libspace_start                         0x20000008   Data          96  libspace.o(.bss)
    __temporary_stack_top$libspace           0x20000068   Data           0  libspace.o(.bss)



==============================================================================

Memory Map of the image

  Image Entry point : 0x08000269

  Load Region LR_1 (Base: 0x08000000, Size: 0x00002b60, Max: 0xffffffff, ABSOLUTE)

    Execution Region ER_RO (Exec base: 0x08000000, Load base: 0x08000000, Size: 0x00002b5c, Max: 0xffffffff, ABSOLUTE)

    Exec Addr    Load Addr    Size         Type   Attr      Idx    E Section Name        Object

    0x08000000   0x08000000   0x00000120   Data   RO          330    RESET               startup_stm32f10x_md_vl.o
    0x08000120   0x08000120   0x00000008   Code   RO          360  * !!!main             c_w.l(__main.o)
    0x08000128   0x08000128   0x00000034   Code   RO          695    !!!scatter          c_w.l(__scatter.o)
    0x0800015c   0x0800015c   0x0000001a   Code   RO          697    !!handler_copy      c_w.l(__scatter_copy.o)
    0x08000176   0x08000176   0x00000002   PAD
    0x08000178   0x08000178   0x0000001c   Code   RO          699    !!handler_zi        c_w.l(__scatter_zi.o)
    0x08000194   0x08000194   0x00000000   Code   RO          444    .ARM.Collect$$_printf_percent$$00000000  c_w.l(_printf_percent.o)
    0x08000194   0x08000194   0x00000006   Code   RO          433    .ARM.Collect$$_printf_percent$$00000001  c_w.l(_printf_n.o)
    0x0800019a   0x0800019a   0x00000006   Code   RO          435    .ARM.Collect$$_printf_percent$$00000002  c_w.l(_printf_p.o)
    0x080001a0   0x080001a0   0x00000006   Code   RO          440    .ARM.Collect$$_printf_percent$$00000003  c_w.l(_printf_f.o)
    0x080001a6   0x080001a6   0x00000006   Code   RO          441    .ARM.Collect$$_printf_percent$$00000004  c_w.l(_printf_e.o)
    0x080001ac   0x080001ac   0x00000006   Code   RO          442    .ARM.Collect$$_printf_percent$$00000005  c_w.l(_printf_g.o)
    0x080001b2   0x080001b2   0x00000006   Code   RO          443    .ARM.Collect$$_printf_percent$$00000006  c_w.l(_printf_a.o)
    0x080001b8   0x080001b8   0x0000000a   Code   RO          448    .ARM.Collect$$_printf_percent$$00000007  c_w.l(_printf_ll.o)
    0x080001c2   0x080001c2   0x00000006   Code   RO          437    .ARM.Collect$$_printf_percent$$00000008  c_w.l(_printf_i.o)
    0x080001c8   0x080001c8   0x00000006   Code   RO          438    .ARM.Collect$$_printf_percent$$00000009  c_w.l(_printf_d.o)
    0x080001ce   0x080001ce   0x00000006   Code   RO          439    .ARM.Collect$$_printf_percent$$0000000A  c_w.l(_printf_u.o)
    0x080001d4   0x080001d4   0x00000006   Code   RO          436    .ARM.Collect$$_printf_percent$$0000000B  c_w.l(_printf_o.o)
    0x080001da   0x080001da   0x00000006   Code   RO          434    .ARM.Collect$$_printf_percent$$0000000C  c_w.l(_printf_x.o)
    0x080001e0   0x080001e0   0x00000006   Code   RO          445    .ARM.Collect$$_printf_percent$$0000000D  c_w.l(_printf_lli.o)
    0x080001e6   0x080001e6   0x00000006   Code   RO          446    .ARM.Collect$$_printf_percent$$0000000E  c_w.l(_printf_lld.o)
    0x080001ec   0x080001ec   0x00000006   Code   RO          447    .ARM.Collect$$_printf_percent$$0000000F  c_w.l(_printf_llu.o)
    0x080001f2   0x080001f2   0x00000006   Code   RO          452    .ARM.Collect$$_printf_percent$$00000010  c_w.l(_printf_llo.o)
    0x080001f8   0x080001f8   0x00000006   Code   RO          453    .ARM.Collect$$_printf_percent$$00000011  c_w.l(_printf_llx.o)
    0x080001fe   0x080001fe   0x0000000a   Code   RO          449    .ARM.Collect$$_printf_percent$$00000012  c_w.l(_printf_l.o)
    0x08000208   0x08000208   0x00000006   Code   RO          431    .ARM.Collect$$_printf_percent$$00000013  c_w.l(_printf_c.o)
    0x0800020e   0x0800020e   0x00000006   Code   RO          432    .ARM.Collect$$_printf_percent$$00000014  c_w.l(_printf_s.o)
    0x08000214   0x08000214   0x00000006   Code   RO          450    .ARM.Collect$$_printf_percent$$00000015  c_w.l(_printf_lc.o)
    0x0800021a   0x0800021a   0x00000006   Code   RO          451    .ARM.Collect$$_printf_percent$$00000016  c_w.l(_printf_ls.o)
    0x08000220   0x08000220   0x00000004   Code   RO          494    .ARM.Collect$$_printf_percent$$00000017  c_w.l(_printf_percent_end.o)
    0x08000224   0x08000224   0x00000002   Code   RO          545    .ARM.Collect$$libinit$$00000000  c_w.l(libinit.o)
    0x08000226   0x08000226   0x00000000   Code   RO          564    .ARM.Collect$$libinit$$00000002  c_w.l(libinit2.o)
    0x08000226   0x08000226   0x00000000   Code   RO          566    .ARM.Collect$$libinit$$00000004  c_w.l(libinit2.o)
    0x08000226   0x08000226   0x00000000   Code   RO          569    .ARM.Collect$$libinit$$0000000A  c_w.l(libinit2.o)
    0x08000226   0x08000226   0x00000000   Code   RO          571    .ARM.Collect$$libinit$$0000000C  c_w.l(libinit2.o)
    0x08000226   0x08000226   0x00000000   Code   RO          573    .ARM.Collect$$libinit$$0000000E  c_w.l(libinit2.o)
    0x08000226   0x08000226   0x00000006   Code   RO          574    .ARM.Collect$$libinit$$0000000F  c_w.l(libinit2.o)
    0x0800022c   0x0800022c   0x00000000   Code   RO          576    .ARM.Collect$$libinit$$00000011  c_w.l(libinit2.o)
    0x0800022c   0x0800022c   0x0000000c   Code   RO          577    .ARM.Collect$$libinit$$00000012  c_w.l(libinit2.o)
    0x08000238   0x08000238   0x00000000   Code   RO          578    .ARM.Collect$$libinit$$00000013  c_w.l(libinit2.o)
    0x08000238   0x08000238   0x00000000   Code   RO          580    .ARM.Collect$$libinit$$00000015  c_w.l(libinit2.o)
    0x08000238   0x08000238   0x0000000a   Code   RO          581    .ARM.Collect$$libinit$$00000016  c_w.l(libinit2.o)
    0x08000242   0x08000242   0x00000000   Code   RO          582    .ARM.Collect$$libinit$$00000017  c_w.l(libinit2.o)
    0x08000242   0x08000242   0x00000000   Code   RO          584    .ARM.Collect$$libinit$$00000019  c_w.l(libinit2.o)
    0x08000242   0x08000242   0x00000000   Code   RO          586    .ARM.Collect$$libinit$$0000001B  c_w.l(libinit2.o)
    0x08000242   0x08000242   0x00000000   Code   RO          588    .ARM.Collect$$libinit$$0000001D  c_w.l(libinit2.o)
    0x08000242   0x08000242   0x00000000   Code   RO          590    .ARM.Collect$$libinit$$0000001F  c_w.l(libinit2.o)
    0x08000242   0x08000242   0x00000000   Code   RO          592    .ARM.Collect$$libinit$$00000021  c_w.l(libinit2.o)
    0x08000242   0x08000242   0x00000000   Code   RO          594    .ARM.Collect$$libinit$$00000023  c_w.l(libinit2.o)
    0x08000242   0x08000242   0x00000000   Code   RO          596    .ARM.Collect$$libinit$$00000025  c_w.l(libinit2.o)
    0x08000242   0x08000242   0x00000000   Code   RO          600    .ARM.Collect$$libinit$$0000002C  c_w.l(libinit2.o)
    0x08000242   0x08000242   0x00000000   Code   RO          602    .ARM.Collect$$libinit$$0000002E  c_w.l(libinit2.o)
    0x08000242   0x08000242   0x00000000   Code   RO          604    .ARM.Collect$$libinit$$00000030  c_w.l(libinit2.o)
    0x08000242   0x08000242   0x00000000   Code   RO          606    .ARM.Collect$$libinit$$00000032  c_w.l(libinit2.o)
    0x08000242   0x08000242   0x00000002   Code   RO          607    .ARM.Collect$$libinit$$00000033  c_w.l(libinit2.o)
    0x08000244   0x08000244   0x00000002   Code   RO          631    .ARM.Collect$$libshutdown$$00000000  c_w.l(libshutdown.o)
    0x08000246   0x08000246   0x00000000   Code   RO          646    .ARM.Collect$$libshutdown$$00000002  c_w.l(libshutdown2.o)
    0x08000246   0x08000246   0x00000000   Code   RO          648    .ARM.Collect$$libshutdown$$00000004  c_w.l(libshutdown2.o)
    0x08000246   0x08000246   0x00000000   Code   RO          651    .ARM.Collect$$libshutdown$$00000007  c_w.l(libshutdown2.o)
    0x08000246   0x08000246   0x00000000   Code   RO          654    .ARM.Collect$$libshutdown$$0000000A  c_w.l(libshutdown2.o)
    0x08000246   0x08000246   0x00000000   Code   RO          656    .ARM.Collect$$libshutdown$$0000000C  c_w.l(libshutdown2.o)
    0x08000246   0x08000246   0x00000000   Code   RO          659    .ARM.Collect$$libshutdown$$0000000F  c_w.l(libshutdown2.o)
    0x08000246   0x08000246   0x00000002   Code   RO          660    .ARM.Collect$$libshutdown$$00000010  c_w.l(libshutdown2.o)
    0x08000248   0x08000248   0x00000000   Code   RO          362    .ARM.Collect$$rtentry$$00000000  c_w.l(__rtentry.o)
    0x08000248   0x08000248   0x00000000   Code   RO          463    .ARM.Collect$$rtentry$$00000002  c_w.l(__rtentry2.o)
    0x08000248   0x08000248   0x00000006   Code   RO          475    .ARM.Collect$$rtentry$$00000004  c_w.l(__rtentry4.o)
    0x0800024e   0x0800024e   0x00000000   Code   RO          465    .ARM.Collect$$rtentry$$00000009  c_w.l(__rtentry2.o)
    0x0800024e   0x0800024e   0x00000004   Code   RO          466    .ARM.Collect$$rtentry$$0000000A  c_w.l(__rtentry2.o)
    0x08000252   0x08000252   0x00000000   Code   RO          468    .ARM.Collect$$rtentry$$0000000C  c_w.l(__rtentry2.o)
    0x08000252   0x08000252   0x00000008   Code   RO          469    .ARM.Collect$$rtentry$$0000000D  c_w.l(__rtentry2.o)
    0x0800025a   0x0800025a   0x00000002   Code   RO          554    .ARM.Collect$$rtexit$$00000000  c_w.l(rtexit.o)
    0x0800025c   0x0800025c   0x00000000   Code   RO          609    .ARM.Collect$$rtexit$$00000002  c_w.l(rtexit2.o)
    0x0800025c   0x0800025c   0x00000004   Code   RO          610    .ARM.Collect$$rtexit$$00000003  c_w.l(rtexit2.o)
    0x08000260   0x08000260   0x00000006   Code   RO          611    .ARM.Collect$$rtexit$$00000004  c_w.l(rtexit2.o)
    0x08000266   0x08000266   0x00000002   PAD
    0x08000268   0x08000268   0x00000040   Code   RO          331  * .text               startup_stm32f10x_md_vl.o
    0x080002a8   0x080002a8   0x0000002c   Code   RO          356    .text               c_w.l(sprintf.o)
    0x080002d4   0x080002d4   0x00000006   Code   RO          358    .text               c_w.l(heapauxi.o)
    0x080002da   0x080002da   0x0000004e   Code   RO          365    .text               c_w.l(_printf_pad.o)
    0x08000328   0x08000328   0x00000024   Code   RO          367    .text               c_w.l(_printf_truncate.o)
    0x0800034c   0x0800034c   0x00000052   Code   RO          369    .text               c_w.l(_printf_str.o)
    0x0800039e   0x0800039e   0x00000002   PAD
    0x080003a0   0x080003a0   0x00000078   Code   RO          371    .text               c_w.l(_printf_dec.o)
    0x08000418   0x08000418   0x00000028   Code   RO          373    .text               c_w.l(_printf_charcount.o)
    0x08000440   0x08000440   0x00000030   Code   RO          375    .text               c_w.l(_printf_char_common.o)
    0x08000470   0x08000470   0x0000000a   Code   RO          377    .text               c_w.l(_sputc.o)
    0x0800047a   0x0800047a   0x00000002   PAD
    0x0800047c   0x0800047c   0x000000bc   Code   RO          379    .text               c_w.l(_printf_wctomb.o)
    0x08000538   0x08000538   0x0000007c   Code   RO          382    .text               c_w.l(_printf_longlong_dec.o)
    0x080005b4   0x080005b4   0x00000070   Code   RO          388    .text               c_w.l(_printf_oct_int_ll.o)
    0x08000624   0x08000624   0x00000094   Code   RO          408    .text               c_w.l(_printf_hex_int_ll_ptr.o)
    0x080006b8   0x080006b8   0x00000188   Code   RO          428    .text               c_w.l(__printf_flags_ss_wp.o)
    0x08000840   0x08000840   0x0000008a   Code   RO          477    .text               c_w.l(lludiv10.o)
    0x080008ca   0x080008ca   0x000000b2   Code   RO          479    .text               c_w.l(_printf_intcommon.o)
    0x0800097c   0x0800097c   0x0000041c   Code   RO          481    .text               c_w.l(_printf_fp_dec.o)
    0x08000d98   0x08000d98   0x000002fc   Code   RO          485    .text               c_w.l(_printf_fp_hex.o)
    0x08001094   0x08001094   0x0000002c   Code   RO          490    .text               c_w.l(_printf_char.o)
    0x080010c0   0x080010c0   0x0000002c   Code   RO          492    .text               c_w.l(_printf_wchar.o)
    0x080010ec   0x080010ec   0x00000048   Code   RO          495    .text               c_w.l(_c16rtomb.o)
    0x08001134   0x08001134   0x0000004a   Code   RO          497    .text               c_w.l(sys_stackheap_outer.o)
    0x0800117e   0x0800117e   0x00000002   PAD
    0x08001180   0x08001180   0x00000010   Code   RO          499    .text               c_w.l(rt_ctype_table.o)
    0x08001190   0x08001190   0x00000008   Code   RO          504    .text               c_w.l(rt_locale_intlibspace.o)
    0x08001198   0x08001198   0x00000080   Code   RO          506    .text               c_w.l(_printf_fp_infnan.o)
    0x08001218   0x08001218   0x000000e4   Code   RO          508    .text               c_w.l(bigflt0.o)
    0x080012fc   0x080012fc   0x00000012   Code   RO          538    .text               c_w.l(exit.o)
    0x0800130e   0x0800130e   0x00000002   PAD
    0x08001310   0x08001310   0x00000008   Code   RO          551    .text               c_w.l(libspace.o)
    0x08001318   0x08001318   0x00000080   Code   RO          561    .text               c_w.l(strcmpv7m.o)
    0x08001398   0x08001398   0x0000000c   Code   RO          621    .text               c_w.l(sys_exit.o)
    0x080013a4   0x080013a4   0x00000002   Code   RO          636    .text               c_w.l(use_no_semi.o)
    0x080013a6   0x080013a6   0x00000000   Code   RO          638    .text               c_w.l(indicate_semi.o)
    0x080013a6   0x080013a6   0x00000002   PAD
    0x080013a8   0x080013a8   0x0000002c   Code   RO           58    .text.ADC_Cmd       stm32f10x_adc.o
    0x080013d4   0x080013d4   0x0000000e   Code   RO           84    .text.ADC_GetConversionValue  stm32f10x_adc.o
    0x080013e2   0x080013e2   0x00000002   PAD
    0x080013e4   0x080013e4   0x00000034   Code   RO          116    .text.ADC_GetFlagStatus  stm32f10x_adc.o
    0x08001418   0x08001418   0x0000009a   Code   RO           54    .text.ADC_Init      stm32f10x_adc.o
    0x080014b2   0x080014b2   0x00000002   PAD
    0x080014b4   0x080014b4   0x0000017c   Code   RO           80    .text.ADC_RegularChannelConfig  stm32f10x_adc.o
    0x08001630   0x08001630   0x0000002c   Code   RO           72    .text.ADC_SoftwareStartConvCmd  stm32f10x_adc.o
    0x0800165c   0x0800165c   0x00000186   Code   RO          135    .text.GPIO_Init     stm32f10x_gpio.o
    0x080017e2   0x080017e2   0x00000002   PAD
    0x080017e4   0x080017e4   0x00000038   Code   RO          220    .text.RCC_APB2PeriphClockCmd  stm32f10x_rcc.o
    0x0800181c   0x0800181c   0x00000166   Code   RO          216    .text.RCC_GetClocksFreq  stm32f10x_rcc.o
    0x08001982   0x08001982   0x00000002   PAD
    0x08001984   0x08001984   0x00000008   Code   RO          340    .text.SetSysClock   system_stm32f10x.o
    0x0800198c   0x0800198c   0x000000fe   Code   RO          344    .text.SetSysClockTo24  system_stm32f10x.o
    0x08001a8a   0x08001a8a   0x00000002   PAD
    0x08001a8c   0x08001a8c   0x00000052   Code   RO           20    .text.SysTick_Config  main.o
    0x08001ade   0x08001ade   0x00000002   PAD
    0x08001ae0   0x08001ae0   0x00000020   Code   RO           18    .text.SysTick_Handler  main.o
    0x08001b00   0x08001b00   0x00000110   Code   RO          342    .text.SystemCoreClockUpdate  system_stm32f10x.o
    0x08001c10   0x08001c10   0x00000072   Code   RO          338    .text.SystemInit    system_stm32f10x.o
    0x08001c82   0x08001c82   0x00000002   PAD
    0x08001c84   0x08001c84   0x0000002c   Code   RO          259    .text.USART_Cmd     stm32f10x_usart.o
    0x08001cb0   0x08001cb0   0x0000015c   Code   RO          251    .text.USART_Init    stm32f10x_usart.o
    0x08001e0c   0x08001e0c   0x00000018   Code   RO          275    .text.USART_SendData  stm32f10x_usart.o
    0x08001e24   0x08001e24   0x00000042   Code   RO           22    .text.__NVIC_SetPriority  main.o
    0x08001e66   0x08001e66   0x00000002   PAD
    0x08001e68   0x08001e68   0x00000046   Code   RO            8    .text.adcConfig     main.o
    0x08001eae   0x08001eae   0x00000002   PAD
    0x08001eb0   0x08001eb0   0x00000026   Code   RO           16    .text.delay_ms      main.o
    0x08001ed6   0x08001ed6   0x00000002   PAD
    0x08001ed8   0x08001ed8   0x0000008e   Code   RO            4    .text.gpioConfig    main.o
    0x08001f66   0x08001f66   0x00000002   PAD
    0x08001f68   0x08001f68   0x0000003a   Code   RO            2    .text.main          main.o
    0x08001fa2   0x08001fa2   0x00000002   PAD
    0x08001fa4   0x08001fa4   0x00000048   Code   RO           12    .text.readADC       main.o
    0x08001fec   0x08001fec   0x00000024   Code   RO           10    .text.timerConfig   main.o
    0x08002010   0x08002010   0x0000004a   Code   RO            6    .text.uartConfig    main.o
    0x0800205a   0x0800205a   0x00000002   PAD
    0x0800205c   0x0800205c   0x0000005e   Code   RO           14    .text.uartTransmit  main.o
    0x080020ba   0x080020ba   0x0000003e   Code   RO          511    CL$$btod_d2e        c_w.l(btod.o)
    0x080020f8   0x080020f8   0x00000046   Code   RO          513    CL$$btod_d2e_denorm_low  c_w.l(btod.o)
    0x0800213e   0x0800213e   0x00000060   Code   RO          512    CL$$btod_d2e_norm_op1  c_w.l(btod.o)
    0x0800219e   0x0800219e   0x00000002   PAD
    0x080021a0   0x080021a0   0x00000338   Code   RO          521    CL$$btod_div_common  c_w.l(btod.o)
    0x080024d8   0x080024d8   0x000000dc   Code   RO          518    CL$$btod_e2e        c_w.l(btod.o)
    0x080025b4   0x080025b4   0x0000002a   Code   RO          515    CL$$btod_ediv       c_w.l(btod.o)
    0x080025de   0x080025de   0x0000002a   Code   RO          514    CL$$btod_emul       c_w.l(btod.o)
    0x08002608   0x08002608   0x00000244   Code   RO          520    CL$$btod_mult_common  c_w.l(btod.o)
    0x0800284c   0x0800284c   0x00000028   Code   RO          549    i.__ARM_fpclassify  m_ws.l(fpclassify.o)
    0x08002874   0x08002874   0x0000000e   Code   RO          421    i._is_digit         c_w.l(__printf_wp.o)
    0x08002882   0x08002882   0x00000002   PAD
    0x08002884   0x08002884   0x0000002c   Code   RO          536    locale$$code        c_w.l(lc_numeric_c.o)
    0x080028b0   0x080028b0   0x0000002c   Code   RO          559    locale$$code        c_w.l(lc_ctype_c.o)
    0x080028dc   0x080028dc   0x00000004   Code   RO          454    x$fpl$printf1       fz_ws.l(printf1.o)
    0x080028e0   0x080028e0   0x00000004   Code   RO          456    x$fpl$printf2       fz_ws.l(printf2.o)
    0x080028e4   0x080028e4   0x00000000   Code   RO          548    x$fpl$usenofp       fz_ws.l(usenofp.o)
    0x080028e4   0x080028e4   0x00000008   Data   RO          380    .constdata          c_w.l(_printf_wctomb.o)
    0x080028ec   0x080028ec   0x00000028   Data   RO          409    .constdata          c_w.l(_printf_hex_int_ll_ptr.o)
    0x08002914   0x08002914   0x00000011   Data   RO          429    .constdata          c_w.l(__printf_flags_ss_wp.o)
    0x08002925   0x08002925   0x00000026   Data   RO          486    .constdata          c_w.l(_printf_fp_hex.o)
    0x0800294b   0x0800294b   0x00000001   PAD
    0x0800294c   0x0800294c   0x00000094   Data   RO          509    .constdata          c_w.l(bigflt0.o)
    0x080029e0   0x080029e0   0x00000004   Data   RO          241    .rodata.ADCPrescTable  stm32f10x_rcc.o
    0x080029e4   0x080029e4   0x00000010   Data   RO          347    .rodata.AHBPrescTable  system_stm32f10x.o
    0x080029f4   0x080029f4   0x00000010   Data   RO          240    .rodata.APBAHBPrescTable  stm32f10x_rcc.o
    0x08002a04   0x08002a04   0x0000000b   Data   RO           26    .rodata.str1.1      main.o
    0x08002a0f   0x08002a0f   0x00000001   PAD
    0x08002a10   0x08002a10   0x00000020   Data   RO          694    Region$$Table       anon$$obj.o
    0x08002a30   0x08002a30   0x0000001c   Data   RO          535    locale$$data        c_w.l(lc_numeric_c.o)
    0x08002a4c   0x08002a4c   0x00000110   Data   RO          558    locale$$data        c_w.l(lc_ctype_c.o)


    Execution Region ER_RW (Exec base: 0x20000000, Load base: 0x08002b5c, Size: 0x00000004, Max: 0xffffffff, ABSOLUTE)

    Exec Addr    Load Addr    Size         Type   Attr      Idx    E Section Name        Object

    0x20000000   0x08002b5c   0x00000004   Data   RW          346    .data.SystemCoreClock  system_stm32f10x.o


    Execution Region ER_ZI (Exec base: 0x20000008, Load base: 0x08002b60, Size: 0x00000668, Max: 0xffffffff, ABSOLUTE)

    Exec Addr    Load Addr    Size         Type   Attr      Idx    E Section Name        Object

    0x20000008        -       0x00000060   Zero   RW          552    .bss                c_w.l(libspace.o)
    0x20000068        -       0x00000004   Zero   RW           25    .bss.counter        main.o
    0x2000006c        -       0x00000002   Zero   RW           24    .bss.data           main.o
    0x2000006e   0x08002b60   0x00000002   PAD
    0x20000070        -       0x00000200   Zero   RW          329    HEAP                startup_stm32f10x_md_vl.o
    0x20000270        -       0x00000400   Zero   RW          328    STACK               startup_stm32f10x_md_vl.o


==============================================================================

Image component sizes


      Code (inc. data)   RO Data    RW Data    ZI Data      Debug   Object Name

       764          0         11          0          6       6411   main.o
        64         26        288          0       1536        828   startup_stm32f10x_md_vl.o
       688          0          0          0          0       8625   stm32f10x_adc.o
       390          0          0          0          0       5566   stm32f10x_gpio.o
       414          0         20          0          0       7151   stm32f10x_rcc.o
       416          0          0          0          0       7355   stm32f10x_usart.o
       648          0         16          4          0       2653   system_stm32f10x.o

    ----------------------------------------------------------------------
      3410         26        368          4       1544      38589   Object Totals
         0          0         32          0          0          0   (incl. Generated)
        26          0          1          0          2          0   (incl. Padding)

    ----------------------------------------------------------------------

      Code (inc. data)   RO Data    RW Data    ZI Data      Debug   Library Member Name

         8          0          0          0          0         68   __main.o
       392          4         17          0          0         92   __printf_flags_ss_wp.o
        14          0          0          0          0         68   __printf_wp.o
         0          0          0          0          0          0   __rtentry.o
        12          0          0          0          0          0   __rtentry2.o
         6          0          0          0          0          0   __rtentry4.o
        52          8          0          0          0          0   __scatter.o
        26          0          0          0          0          0   __scatter_copy.o
        28          0          0          0          0          0   __scatter_zi.o
        72          0          0          0          0         96   _c16rtomb.o
         6          0          0          0          0          0   _printf_a.o
         6          0          0          0          0          0   _printf_c.o
        44          0          0          0          0        108   _printf_char.o
        48          6          0          0          0         96   _printf_char_common.o
        40          0          0          0          0         68   _printf_charcount.o
         6          0          0          0          0          0   _printf_d.o
       120         16          0          0          0         92   _printf_dec.o
         6          0          0          0          0          0   _printf_e.o
         6          0          0          0          0          0   _printf_f.o
      1052          0          0          0          0        148   _printf_fp_dec.o
       764          8         38          0          0        100   _printf_fp_hex.o
       128         16          0          0          0         84   _printf_fp_infnan.o
         6          0          0          0          0          0   _printf_g.o
       148          4         40          0          0        160   _printf_hex_int_ll_ptr.o
         6          0          0          0          0          0   _printf_i.o
       178          0          0          0          0         88   _printf_intcommon.o
        10          0          0          0          0          0   _printf_l.o
         6          0          0          0          0          0   _printf_lc.o
        10          0          0          0          0          0   _printf_ll.o
         6          0          0          0          0          0   _printf_lld.o
         6          0          0          0          0          0   _printf_lli.o
         6          0          0          0          0          0   _printf_llo.o
         6          0          0          0          0          0   _printf_llu.o
         6          0          0          0          0          0   _printf_llx.o
       124         16          0          0          0         92   _printf_longlong_dec.o
         6          0          0          0          0          0   _printf_ls.o
         6          0          0          0          0          0   _printf_n.o
         6          0          0          0          0          0   _printf_o.o
       112          8          0          0          0        124   _printf_oct_int_ll.o
         6          0          0          0          0          0   _printf_p.o
        78          0          0          0          0        108   _printf_pad.o
         0          0          0          0          0          0   _printf_percent.o
         4          0          0          0          0          0   _printf_percent_end.o
         6          0          0          0          0          0   _printf_s.o
        82          0          0          0          0         80   _printf_str.o
        36          0          0          0          0         84   _printf_truncate.o
         6          0          0          0          0          0   _printf_u.o
        44          0          0          0          0        108   _printf_wchar.o
       188          6          8          0          0         92   _printf_wctomb.o
         6          0          0          0          0          0   _printf_x.o
        10          0          0          0          0         68   _sputc.o
       228          4        148          0          0         96   bigflt0.o
      1936        128          0          0          0        668   btod.o
        18          0          0          0          0         80   exit.o
         6          0          0          0          0        152   heapauxi.o
         0          0          0          0          0          0   indicate_semi.o
        44         10        272          0          0         76   lc_ctype_c.o
        44         10         28          0          0         76   lc_numeric_c.o
         2          0          0          0          0          0   libinit.o
        30          0          0          0          0          0   libinit2.o
         2          0          0          0          0          0   libshutdown.o
         2          0          0          0          0          0   libshutdown2.o
         8          4          0          0         96         68   libspace.o
       138          0          0          0          0         80   lludiv10.o
        16          4          0          0          0         76   rt_ctype_table.o
         8          4          0          0          0         68   rt_locale_intlibspace.o
         2          0          0          0          0          0   rtexit.o
        10          0          0          0          0          0   rtexit2.o
        44          6          0          0          0         84   sprintf.o
       128          0          0          0          0         68   strcmpv7m.o
        12          4          0          0          0         68   sys_exit.o
        74          0          0          0          0         80   sys_stackheap_outer.o
         2          0          0          0          0         68   use_no_semi.o
         4          0          0          0          0         68   printf1.o
         4          0          0          0          0         68   printf2.o
         0          0          0          0          0          0   usenofp.o
        40          0          0          0          0         68   fpclassify.o

    ----------------------------------------------------------------------
      6770        266        552          0         96       4036   Library Totals
        18          0          1          0          0          0   (incl. Padding)

    ----------------------------------------------------------------------

      Code (inc. data)   RO Data    RW Data    ZI Data      Debug   Library Name

      6704        266        551          0         96       3832   c_w.l
         8          0          0          0          0        136   fz_ws.l
        40          0          0          0          0         68   m_ws.l

    ----------------------------------------------------------------------
      6770        266        552          0         96       4036   Library Totals

    ----------------------------------------------------------------------

==============================================================================


      Code (inc. data)   RO Data    RW Data    ZI Data      Debug   

     10180        292        920          4       1640      40389   Grand Totals
     10180        292        920          4       1640      40389   ELF Image Totals
     10180        292        920          4          0          0   ROM Totals

==============================================================================

    Total RO  Size (Code + RO Data)                11100 (  10.84kB)
    Total RW  Size (RW Data + ZI Data)              1644 (   1.61kB)
    Total ROM Size (Code + RO Data + RW Data)      11104 (  10.84kB)

==============================================================================

