Component: ARM Compiler 6.16 Tool: armlink [5dfeaa00]

==============================================================================

Section Cross References

    main.o(.text) refers (Special) to _printf_f.o(.ARM.Collect$$_printf_percent$$00000003) for _printf_f
    main.o(.text) refers (Special) to printf1.o(x$fpl$printf1) for _printf_fp_dec
    main.o(.text) refers (Special) to _printf_percent.o(.ARM.Collect$$_printf_percent$$00000000) for _printf_percent
    main.o(.text.gpioConfig) refers (Special) to _printf_f.o(.ARM.Collect$$_printf_percent$$00000003) for _printf_f
    main.o(.text.gpioConfig) refers (Special) to printf1.o(x$fpl$printf1) for _printf_fp_dec
    main.o(.text.gpioConfig) refers (Special) to _printf_percent.o(.ARM.Collect$$_printf_percent$$00000000) for _printf_percent
    main.o(.text.gpioConfig) refers to stm32f10x_rcc.o(.text.RCC_APB2PeriphClockCmd) for RCC_APB2PeriphClockCmd
    main.o(.text.gpioConfig) refers to stm32f10x_gpio.o(.text.GPIO_Init) for GPIO_Init
    main.o(.ARM.exidx.text.gpioConfig) refers (Special) to _printf_f.o(.ARM.Collect$$_printf_percent$$00000003) for _printf_f
    main.o(.ARM.exidx.text.gpioConfig) refers (Special) to printf1.o(x$fpl$printf1) for _printf_fp_dec
    main.o(.ARM.exidx.text.gpioConfig) refers (Special) to _printf_percent.o(.ARM.Collect$$_printf_percent$$00000000) for _printf_percent
    main.o(.ARM.exidx.text.gpioConfig) refers to main.o(.text.gpioConfig) for [Anonymous Symbol]
    main.o(.text.delayUS) refers (Special) to _printf_f.o(.ARM.Collect$$_printf_percent$$00000003) for _printf_f
    main.o(.text.delayUS) refers (Special) to printf1.o(x$fpl$printf1) for _printf_fp_dec
    main.o(.text.delayUS) refers (Special) to _printf_percent.o(.ARM.Collect$$_printf_percent$$00000000) for _printf_percent
    main.o(.ARM.exidx.text.delayUS) refers (Special) to _printf_f.o(.ARM.Collect$$_printf_percent$$00000003) for _printf_f
    main.o(.ARM.exidx.text.delayUS) refers (Special) to printf1.o(x$fpl$printf1) for _printf_fp_dec
    main.o(.ARM.exidx.text.delayUS) refers (Special) to _printf_percent.o(.ARM.Collect$$_printf_percent$$00000000) for _printf_percent
    main.o(.ARM.exidx.text.delayUS) refers to main.o(.text.delayUS) for [Anonymous Symbol]
    main.o(.text.HCSR04_Read) refers (Special) to _printf_f.o(.ARM.Collect$$_printf_percent$$00000003) for _printf_f
    main.o(.text.HCSR04_Read) refers (Special) to printf1.o(x$fpl$printf1) for _printf_fp_dec
    main.o(.text.HCSR04_Read) refers (Special) to _printf_percent.o(.ARM.Collect$$_printf_percent$$00000000) for _printf_percent
    main.o(.text.HCSR04_Read) refers to stm32f10x_gpio.o(.text.GPIO_ResetBits) for GPIO_ResetBits
    main.o(.text.HCSR04_Read) refers to stm32f10x_gpio.o(.text.GPIO_SetBits) for GPIO_SetBits
    main.o(.text.HCSR04_Read) refers to stm32f10x_gpio.o(.text.GPIO_ReadInputDataBit) for GPIO_ReadInputDataBit
    main.o(.text.HCSR04_Read) refers to fflt_clz.o(x$fpl$ffltu) for __aeabi_ui2f
    main.o(.text.HCSR04_Read) refers to f2d.o(x$fpl$f2d) for __aeabi_f2d
    main.o(.text.HCSR04_Read) refers to dmul.o(x$fpl$dmul) for __aeabi_dmul
    main.o(.text.HCSR04_Read) refers to d2f.o(x$fpl$d2f) for __aeabi_d2f
    main.o(.text.HCSR04_Read) refers to fcmp.o(x$fpl$fcmp) for __aeabi_fcmpgt
    main.o(.ARM.exidx.text.HCSR04_Read) refers (Special) to _printf_f.o(.ARM.Collect$$_printf_percent$$00000003) for _printf_f
    main.o(.ARM.exidx.text.HCSR04_Read) refers (Special) to printf1.o(x$fpl$printf1) for _printf_fp_dec
    main.o(.ARM.exidx.text.HCSR04_Read) refers (Special) to _printf_percent.o(.ARM.Collect$$_printf_percent$$00000000) for _printf_percent
    main.o(.ARM.exidx.text.HCSR04_Read) refers to main.o(.text.HCSR04_Read) for [Anonymous Symbol]
    main.o(.text.uartConfig) refers (Special) to _printf_f.o(.ARM.Collect$$_printf_percent$$00000003) for _printf_f
    main.o(.text.uartConfig) refers (Special) to printf1.o(x$fpl$printf1) for _printf_fp_dec
    main.o(.text.uartConfig) refers (Special) to _printf_percent.o(.ARM.Collect$$_printf_percent$$00000000) for _printf_percent
    main.o(.text.uartConfig) refers to stm32f10x_rcc.o(.text.RCC_APB2PeriphClockCmd) for RCC_APB2PeriphClockCmd
    main.o(.text.uartConfig) refers to stm32f10x_usart.o(.text.USART_Init) for USART_Init
    main.o(.text.uartConfig) refers to stm32f10x_usart.o(.text.USART_Cmd) for USART_Cmd
    main.o(.ARM.exidx.text.uartConfig) refers (Special) to _printf_f.o(.ARM.Collect$$_printf_percent$$00000003) for _printf_f
    main.o(.ARM.exidx.text.uartConfig) refers (Special) to printf1.o(x$fpl$printf1) for _printf_fp_dec
    main.o(.ARM.exidx.text.uartConfig) refers (Special) to _printf_percent.o(.ARM.Collect$$_printf_percent$$00000000) for _printf_percent
    main.o(.ARM.exidx.text.uartConfig) refers to main.o(.text.uartConfig) for [Anonymous Symbol]
    main.o(.text.uartTransmit) refers (Special) to _printf_f.o(.ARM.Collect$$_printf_percent$$00000003) for _printf_f
[...]
    lc_numeric_c.o(locale$$data) refers (Special) to libinit2.o(.ARM.Collect$$libinit$$00000016) for __rt_lib_init_lc_numeric_2
    lc_numeric_c.o(locale$$code) refers (Special) to libinit2.o(.ARM.Collect$$libinit$$00000016) for __rt_lib_init_lc_numeric_2
    lc_numeric_c.o(locale$$code) refers to strcmpv7m.o(.text) for strcmp
    lc_numeric_c.o(locale$$code) refers to lc_numeric_c.o(locale$$data) for __lcnum_c_name
    fcmpi.o(x$fpl$fcmpinf) refers (Special) to usenofp.o(x$fpl$usenofp) for __I$use$fp
    istatus.o(x$fpl$ieeestatus) refers (Special) to usenofp.o(x$fpl$usenofp) for __I$use$fp
    fpclassify.o(i.__ARM_fpclassify) refers (Special) to usenofp.o(x$fpl$usenofp) for __I$use$fp
    libspace.o(.text) refers to libspace.o(.bss) for __libspace_start
    sys_stackheap_outer.o(.text) refers to libspace.o(.text) for __user_perproc_libspace
    sys_stackheap_outer.o(.text) refers to startup_stm32f10x_md_vl.o(.text) for __user_initial_stackheap
    btod_accurate_common.o(.text) refers to llushr.o(.text) for __aeabi_llsr
    exit.o(.text) refers to rtexit.o(.ARM.Collect$$rtexit$$00000000) for __rt_exit
    libinit.o(.ARM.Collect$$libinit$$00000000) refers (Special) to libinit2.o(.ARM.Collect$$libinit$$0000002E) for __rt_lib_init_alloca_1
    libinit.o(.ARM.Collect$$libinit$$00000000) refers (Special) to libinit2.o(.ARM.Collect$$libinit$$0000002C) for __rt_lib_init_argv_1
    libinit.o(.ARM.Collect$$libinit$$00000000) refers (Special) to libinit2.o(.ARM.Collect$$libinit$$0000001B) for __rt_lib_init_atexit_1
    libinit.o(.ARM.Collect$$libinit$$00000000) refers (Special) to libinit2.o(.ARM.Collect$$libinit$$00000021) for __rt_lib_init_clock_1
    libinit.o(.ARM.Collect$$libinit$$00000000) refers (Special) to libinit2.o(.ARM.Collect$$libinit$$00000032) for __rt_lib_init_cpp_1
    libinit.o(.ARM.Collect$$libinit$$00000000) refers (Special) to libinit2.o(.ARM.Collect$$libinit$$00000030) for __rt_lib_init_exceptions_1
    libinit.o(.ARM.Collect$$libinit$$00000000) refers (Special) to libinit2.o(.ARM.Collect$$libinit$$00000002) for __rt_lib_init_fp_1
    libinit.o(.ARM.Collect$$libinit$$00000000) refers (Special) to libinit2.o(.ARM.Collect$$libinit$$0000001F) for __rt_lib_init_fp_trap_1
    libinit.o(.ARM.Collect$$libinit$$00000000) refers (Special) to libinit2.o(.ARM.Collect$$libinit$$00000023) for __rt_lib_init_getenv_1
    libinit.o(.ARM.Collect$$libinit$$00000000) refers (Special) to libinit2.o(.ARM.Collect$$libinit$$0000000A) for __rt_lib_init_heap_1
    libinit.o(.ARM.Collect$$libinit$$00000000) refers (Special) to libinit2.o(.ARM.Collect$$libinit$$00000011) for __rt_lib_init_lc_collate_1
    libinit.o(.ARM.Collect$$libinit$$00000000) refers (Special) to libinit2.o(.ARM.Collect$$libinit$$00000013) for __rt_lib_init_lc_ctype_1
    libinit.o(.ARM.Collect$$libinit$$00000000) refers (Special) to libinit2.o(.ARM.Collect$$libinit$$00000015) for __rt_lib_init_lc_monetary_1
    libinit.o(.ARM.Collect$$libinit$$00000000) refers (Special) to libinit2.o(.ARM.Collect$$libinit$$00000017) for __rt_lib_init_lc_numeric_1
    libinit.o(.ARM.Collect$$libinit$$00000000) refers (Special) to libinit2.o(.ARM.Collect$$libinit$$00000019) for __rt_lib_init_lc_time_1
    libinit.o(.ARM.Collect$$libinit$$00000000) refers (Special) to libinit2.o(.ARM.Collect$$libinit$$00000004) for __rt_lib_init_preinit_1
    libinit.o(.ARM.Collect$$libinit$$00000000) refers (Special) to libinit2.o(.ARM.Collect$$libinit$$0000000E) for __rt_lib_init_rand_1
    libinit.o(.ARM.Collect$$libinit$$00000000) refers (Special) to libinit2.o(.ARM.Collect$$libinit$$00000033) for __rt_lib_init_return
    libinit.o(.ARM.Collect$$libinit$$00000000) refers (Special) to libinit2.o(.ARM.Collect$$libinit$$0000001D) for __rt_lib_init_signal_1
    libinit.o(.ARM.Collect$$libinit$$00000000) refers (Special) to libinit2.o(.ARM.Collect$$libinit$$00000025) for __rt_lib_init_stdio_1
    libinit.o(.ARM.Collect$$libinit$$00000000) refers (Special) to libinit2.o(.ARM.Collect$$libinit$$0000000C) for __rt_lib_init_user_alloc_1
    libinit2.o(.ARM.Collect$$libinit$$0000000F) refers (Weak) to rt_locale_intlibspace.o(.text) for __rt_locale
    libinit2.o(.ARM.Collect$$libinit$$00000010) refers to libinit2.o(.ARM.Collect$$libinit$$0000000F) for .ARM.Collect$$libinit$$0000000F
    libinit2.o(.ARM.Collect$$libinit$$00000012) refers to libinit2.o(.ARM.Collect$$libinit$$0000000F) for .ARM.Collect$$libinit$$0000000F
    libinit2.o(.ARM.Collect$$libinit$$00000014) refers to libinit2.o(.ARM.Collect$$libinit$$0000000F) for .ARM.Collect$$libinit$$0000000F
    libinit2.o(.ARM.Collect$$libinit$$00000016) refers to libinit2.o(.ARM.Collect$$libinit$$0000000F) for .ARM.Collect$$libinit$$0000000F
    libinit2.o(.ARM.Collect$$libinit$$00000016) refers (Weak) to lc_numeric_c.o(locale$$code) for _get_lc_numeric
    libinit2.o(.ARM.Collect$$libinit$$00000018) refers to libinit2.o(.ARM.Collect$$libinit$$0000000F) for .ARM.Collect$$libinit$$0000000F
    libinit2.o(.ARM.Collect$$libinit$$00000026) refers to argv_veneer.o(.emb_text) for __ARM_argv_veneer
    libinit2.o(.ARM.Collect$$libinit$$00000027) refers to argv_veneer.o(.emb_text) for __ARM_argv_veneer
    rtexit.o(.ARM.Collect$$rtexit$$00000000) refers (Special) to rtexit2.o(.ARM.Collect$$rtexit$$00000004) for __rt_exit_exit
    rtexit.o(.ARM.Collect$$rtexit$$00000000) refers (Special) to rtexit2.o(.ARM.Collect$$rtexit$$00000003) for __rt_exit_ls
    rtexit.o(.ARM.Collect$$rtexit$$00000000) refers (Special) to rtexit2.o(.ARM.Collect$$rtexit$$00000002) for __rt_exit_prels_1
    rtexit.o(.ARM.exidx) refers (Special) to rtexit2.o(.ARM.Collect$$rtexit$$00000004) for __rt_exit_exit
    rtexit.o(.ARM.exidx) refers (Special) to rtexit2.o(.ARM.Collect$$rtexit$$00000003) for __rt_exit_ls
    rtexit.o(.ARM.exidx) refers (Special) to rtexit2.o(.ARM.Collect$$rtexit$$00000002) for __rt_exit_prels_1
    rtexit.o(.ARM.exidx) refers to rtexit.o(.ARM.Collect$$rtexit$$00000000) for .ARM.Collect$$rtexit$$00000000
    argv_veneer.o(.emb_text) refers to no_argv.o(.text) for __ARM_get_argv
    rtexit2.o(.ARM.Collect$$rtexit$$00000003) refers to libshutdown.o(.ARM.Collect$$libshutdown$$00000000) for __rt_lib_shutdown
    rtexit2.o(.ARM.Collect$$rtexit$$00000004) refers to sys_exit.o(.text) for _sys_exit
    rtexit2.o(.ARM.exidx) refers to rtexit2.o(.ARM.Collect$$rtexit$$00000001) for .ARM.Collect$$rtexit$$00000001
    rtexit2.o(.ARM.exidx) refers to rtexit2.o(.ARM.Collect$$rtexit$$00000003) for .ARM.Collect$$rtexit$$00000003
    rtexit2.o(.ARM.exidx) refers to rtexit2.o(.ARM.Collect$$rtexit$$00000004) for .ARM.Collect$$rtexit$$00000004
    _get_argv_nomalloc.o(.text) refers (Special) to hrguard.o(.text) for __heap_region$guard
    _get_argv_nomalloc.o(.text) refers to defsig_rtmem_outer.o(.text) for __rt_SIGRTMEM
    _get_argv_nomalloc.o(.text) refers to sys_command.o(.text) for _sys_command_string
    sys_command.o(.text) refers (Special) to use_no_semi.o(.text) for __I$use$semihosting
    sys_command.o(.text) refers (Special) to indicate_semi.o(.text) for __semihosting_library_function
    sys_exit.o(.text) refers (Special) to use_no_semi.o(.text) for __I$use$semihosting
    sys_exit.o(.text) refers (Special) to indicate_semi.o(.text) for __semihosting_library_function
    sys_command_hlt.o(.text) refers (Special) to use_no_semi.o(.text) for __I$use$semihosting
    sys_command_hlt.o(.text) refers (Special) to indicate_semi.o(.text) for __semihosting_library_function
    sys_exit_hlt.o(.text) refers (Special) to use_no_semi.o(.text) for __I$use$semihosting
    sys_exit_hlt.o(.text) refers (Special) to indicate_semi.o(.text) for __semihosting_library_function
    defsig_rtmem_outer.o(.text) refers to defsig_rtmem_inner.o(.text) for __rt_SIGRTMEM_inner
    defsig_rtmem_outer.o(.text) refers to defsig_exit.o(.text) for __sig_exit
    defsig_rtmem_formal.o(.text) refers to rt_raise.o(.text) for __rt_raise
    libshutdown.o(.ARM.Collect$$libshutdown$$00000000) refers (Special) to libshutdown2.o(.ARM.Collect$$libshutdown$$00000002) for __rt_lib_shutdown_cpp_1
    libshutdown.o(.ARM.Collect$$libshutdown$$00000000) refers (Special) to libshutdown2.o(.ARM.Collect$$libshutdown$$00000007) for __rt_lib_shutdown_fp_trap_1
    libshutdown.o(.ARM.Collect$$libshutdown$$00000000) refers (Special) to libshutdown2.o(.ARM.Collect$$libshutdown$$0000000F) for __rt_lib_shutdown_heap_1
    libshutdown.o(.ARM.Collect$$libshutdown$$00000000) refers (Special) to libshutdown2.o(.ARM.Collect$$libshutdown$$00000010) for __rt_lib_shutdown_return
    libshutdown.o(.ARM.Collect$$libshutdown$$00000000) refers (Special) to libshutdown2.o(.ARM.Collect$$libshutdown$$0000000A) for __rt_lib_shutdown_signal_1
    libshutdown.o(.ARM.Collect$$libshutdown$$00000000) refers (Special) to libshutdown2.o(.ARM.Collect$$libshutdown$$00000004) for __rt_lib_shutdown_stdio_1
    libshutdown.o(.ARM.Collect$$libshutdown$$00000000) refers (Special) to libshutdown2.o(.ARM.Collect$$libshutdown$$0000000C) for __rt_lib_shutdown_user_alloc_1
    rt_raise.o(.text) refers to __raise.o(.text) for __raise
    rt_raise.o(.text) refers to sys_exit.o(.text) for _sys_exit
    defsig_exit.o(.text) refers to sys_exit.o(.text) for _sys_exit
    defsig_rtmem_inner.o(.text) refers to defsig_general.o(.text) for __default_signal_display
    __raise.o(.text) refers to defsig.o(CL$$defsig) for __default_signal_handler
    defsig_general.o(.text) refers to sys_wrch.o(.text) for _ttywrch
    sys_wrch.o(.text) refers (Special) to use_no_semi.o(.text) for __I$use$semihosting
    sys_wrch.o(.text) refers (Special) to indicate_semi.o(.text) for __semihosting_library_function
    sys_wrch_hlt.o(.text) refers (Special) to use_no_semi.o(.text) for __I$use$semihosting
    sys_wrch_hlt.o(.text) refers (Special) to indicate_semi.o(.text) for __semihosting_library_function
    defsig.o(CL$$defsig) refers to defsig_rtmem_inner.o(.text) for __rt_SIGRTMEM_inner
    defsig_abrt_inner.o(.text) refers to defsig_general.o(.text) for __default_signal_display
    defsig_fpe_inner.o(.text) refers to defsig_general.o(.text) for __default_signal_display
    defsig_rtred_inner.o(.text) refers to defsig_general.o(.text) for __default_signal_display
    defsig_stak_inner.o(.text) refers to defsig_general.o(.text) for __default_signal_display
    defsig_pvfn_inner.o(.text) refers to defsig_general.o(.text) for __default_signal_display
    defsig_cppl_inner.o(.text) refers to defsig_general.o(.text) for __default_signal_display
    defsig_segv_inner.o(.text) refers to defsig_general.o(.text) for __default_signal_display
    defsig_other.o(.text) refers to defsig_general.o(.text) for __default_signal_display


==============================================================================

Removing Unused input sections from the image.

    Removing main.o(.text), (0 bytes).
    Removing main.o(.ARM.exidx.text.gpioConfig), (8 bytes).
    Removing main.o(.text.delayUS), (2 bytes).
    Removing main.o(.ARM.exidx.text.delayUS), (8 bytes).
    Removing main.o(.ARM.exidx.text.HCSR04_Read), (8 bytes).
    Removing main.o(.ARM.exidx.text.uartConfig), (8 bytes).
    Removing main.o(.ARM.exidx.text.uartTransmit), (8 bytes).
    Removing main.o(.ARM.exidx.text.main), (8 bytes).
    Removing main.o(.ARM.use_no_argv), (4 bytes).
    Removing misc.o(.text), (0 bytes).
    Removing misc.o(.text.NVIC_PriorityGroupConfig), (20 bytes).
    Removing misc.o(.ARM.exidx.text.NVIC_PriorityGroupConfig), (8 bytes).
    Removing misc.o(.text.NVIC_Init), (94 bytes).
    Removing misc.o(.ARM.exidx.text.NVIC_Init), (8 bytes).
    Removing misc.o(.text.NVIC_SetVectorTable), (24 bytes).
    Removing misc.o(.ARM.exidx.text.NVIC_SetVectorTable), (8 bytes).
    Removing misc.o(.text.NVIC_SystemLPConfig), (24 bytes).
    Removing misc.o(.ARM.exidx.text.NVIC_SystemLPConfig), (8 bytes).
    Removing misc.o(.text.SysTick_CLKSourceConfig), (24 bytes).
    Removing misc.o(.ARM.exidx.text.SysTick_CLKSourceConfig), (8 bytes).
    Removing stm32f10x_gpio.o(.text), (0 bytes).
    Removing stm32f10x_gpio.o(.text.GPIO_DeInit), (76 bytes).
    Removing stm32f10x_gpio.o(.ARM.exidx.text.GPIO_DeInit), (8 bytes).
    Removing stm32f10x_gpio.o(.text.GPIO_AFIODeInit), (20 bytes).
    Removing stm32f10x_gpio.o(.ARM.exidx.text.GPIO_AFIODeInit), (8 bytes).
    Removing stm32f10x_gpio.o(.ARM.exidx.text.GPIO_Init), (8 bytes).
    Removing stm32f10x_gpio.o(.text.GPIO_StructInit), (12 bytes).
    Removing stm32f10x_gpio.o(.ARM.exidx.text.GPIO_StructInit), (8 bytes).
    Removing stm32f10x_gpio.o(.ARM.exidx.text.GPIO_ReadInputDataBit), (8 bytes).
    Removing stm32f10x_gpio.o(.text.GPIO_ReadInputData), (6 bytes).
    Removing stm32f10x_gpio.o(.ARM.exidx.text.GPIO_ReadInputData), (8 bytes).
    Removing stm32f10x_gpio.o(.text.GPIO_ReadOutputDataBit), (10 bytes).
    Removing stm32f10x_gpio.o(.ARM.exidx.text.GPIO_ReadOutputDataBit), (8 bytes).
    Removing stm32f10x_gpio.o(.text.GPIO_ReadOutputData), (6 bytes).
    Removing stm32f10x_gpio.o(.ARM.exidx.text.GPIO_ReadOutputData), (8 bytes).
    Removing stm32f10x_gpio.o(.ARM.exidx.text.GPIO_SetBits), (8 bytes).
    Removing stm32f10x_gpio.o(.ARM.exidx.text.GPIO_ResetBits), (8 bytes).
    Removing stm32f10x_gpio.o(.text.GPIO_WriteBit), (12 bytes).
    Removing stm32f10x_gpio.o(.ARM.exidx.text.GPIO_WriteBit), (8 bytes).
    Removing stm32f10x_gpio.o(.text.GPIO_Write), (4 bytes).
    Removing stm32f10x_gpio.o(.ARM.exidx.text.GPIO_Write), (8 bytes).
    Removing stm32f10x_gpio.o(.text.GPIO_PinLockConfig), (16 bytes).
    Removing stm32f10x_gpio.o(.ARM.exidx.text.GPIO_PinLockConfig), (8 bytes).
    Removing stm32f10x_gpio.o(.text.GPIO_EventOutputConfig), (30 bytes).
    Removing stm32f10x_gpio.o(.ARM.exidx.text.GPIO_EventOutputConfig), (8 bytes).
    Removing stm32f10x_gpio.o(.text.GPIO_EventOutputCmd), (10 bytes).
    Removing stm32f10x_gpio.o(.ARM.exidx.text.GPIO_EventOutputCmd), (8 bytes).
    Removing stm32f10x_gpio.o(.text.GPIO_PinRemapConfig), (122 bytes).
    Removing stm32f10x_gpio.o(.ARM.exidx.text.GPIO_PinRemapConfig), (8 bytes).
    Removing stm32f10x_gpio.o(.text.GPIO_EXTILineConfig), (46 bytes).
    Removing stm32f10x_gpio.o(.ARM.exidx.text.GPIO_EXTILineConfig), (8 bytes).
    Removing stm32f10x_gpio.o(.text.GPIO_ETH_MediaInterfaceConfig), (10 bytes).
    Removing stm32f10x_gpio.o(.ARM.exidx.text.GPIO_ETH_MediaInterfaceConfig), (8 bytes).
    Removing stm32f10x_rcc.o(.text), (0 bytes).
    Removing stm32f10x_rcc.o(.text.RCC_DeInit), (70 bytes).
    Removing stm32f10x_rcc.o(.ARM.exidx.text.RCC_DeInit), (8 bytes).
    Removing stm32f10x_rcc.o(.text.RCC_HSEConfig), (50 bytes).
    Removing stm32f10x_rcc.o(.ARM.exidx.text.RCC_HSEConfig), (8 bytes).
    Removing stm32f10x_rcc.o(.text.RCC_WaitForHSEStartUp), (48 bytes).
    Removing stm32f10x_rcc.o(.ARM.exidx.text.RCC_WaitForHSEStartUp), (8 bytes).
    Removing stm32f10x_rcc.o(.text.RCC_GetFlagStatus), (42 bytes).
    Removing stm32f10x_rcc.o(.ARM.exidx.text.RCC_GetFlagStatus), (8 bytes).
    Removing stm32f10x_rcc.o(.text.RCC_AdjustHSICalibrationValue), (22 bytes).
    Removing stm32f10x_rcc.o(.ARM.exidx.text.RCC_AdjustHSICalibrationValue), (8 bytes).
    Removing stm32f10x_rcc.o(.text.RCC_HSICmd), (10 bytes).
    Removing stm32f10x_rcc.o(.ARM.exidx.text.RCC_HSICmd), (8 bytes).
    Removing stm32f10x_rcc.o(.text.RCC_PLLConfig), (22 bytes).
    Removing stm32f10x_rcc.o(.ARM.exidx.text.RCC_PLLConfig), (8 bytes).
    Removing stm32f10x_rcc.o(.text.RCC_PLLCmd), (10 bytes).
    Removing stm32f10x_rcc.o(.ARM.exidx.text.RCC_PLLCmd), (8 bytes).
    Removing stm32f10x_rcc.o(.text.RCC_PREDIV1Config), (32 bytes).
    Removing stm32f10x_rcc.o(.ARM.exidx.text.RCC_PREDIV1Config), (8 bytes).
    Removing stm32f10x_rcc.o(.text.RCC_SYSCLKConfig), (20 bytes).
    Removing stm32f10x_rcc.o(.ARM.exidx.text.RCC_SYSCLKConfig), (8 bytes).
    Removing stm32f10x_rcc.o(.text.RCC_GetSYSCLKSource), (16 bytes).
    Removing stm32f10x_rcc.o(.ARM.exidx.text.RCC_GetSYSCLKSource), (8 bytes).
    Removing stm32f10x_rcc.o(.text.RCC_HCLKConfig), (20 bytes).
    Removing stm32f10x_rcc.o(.ARM.exidx.text.RCC_HCLKConfig), (8 bytes).
    Removing stm32f10x_rcc.o(.text.RCC_PCLK1Config), (20 bytes).
    Removing stm32f10x_rcc.o(.ARM.exidx.text.RCC_PCLK1Config), (8 bytes).
    Removing stm32f10x_rcc.o(.text.RCC_PCLK2Config), (22 bytes).
    Removing stm32f10x_rcc.o(.ARM.exidx.text.RCC_PCLK2Config), (8 bytes).
    Removing stm32f10x_rcc.o(.text.RCC_ITConfig), (24 bytes).
    Removing stm32f10x_rcc.o(.ARM.exidx.text.RCC_ITConfig), (8 bytes).
    Removing stm32f10x_rcc.o(.text.RCC_USBCLKConfig), (10 bytes).
    Removing stm32f10x_rcc.o(.ARM.exidx.text.RCC_USBCLKConfig), (8 bytes).
    Removing stm32f10x_rcc.o(.text.RCC_ADCCLKConfig), (20 bytes).
    Removing stm32f10x_rcc.o(.ARM.exidx.text.RCC_ADCCLKConfig), (8 bytes).
    Removing stm32f10x_rcc.o(.text.RCC_LSEConfig), (30 bytes).
    Removing stm32f10x_rcc.o(.ARM.exidx.text.RCC_LSEConfig), (8 bytes).
    Removing stm32f10x_rcc.o(.text.RCC_LSICmd), (12 bytes).
    Removing stm32f10x_rcc.o(.ARM.exidx.text.RCC_LSICmd), (8 bytes).
    Removing stm32f10x_rcc.o(.text.RCC_RTCCLKConfig), (16 bytes).
    Removing stm32f10x_rcc.o(.ARM.exidx.text.RCC_RTCCLKConfig), (8 bytes).
    Removing stm32f10x_rcc.o(.text.RCC_RTCCLKCmd), (12 bytes).
    Removing stm32f10x_rcc.o(.ARM.exidx.text.RCC_RTCCLKCmd), (8 bytes).
    Removing stm32f10x_rcc.o(.ARM.exidx.text.RCC_GetClocksFreq), (8 bytes).
    Removing stm32f10x_rcc.o(.text.RCC_AHBPeriphClockCmd), (24 bytes).
    Removing stm32f10x_rcc.o(.ARM.exidx.text.RCC_AHBPeriphClockCmd), (8 bytes).
    Removing stm32f10x_rcc.o(.ARM.exidx.text.RCC_APB2PeriphClockCmd), (8 bytes).
    Removing stm32f10x_rcc.o(.text.RCC_APB1PeriphClockCmd), (24 bytes).
    Removing stm32f10x_rcc.o(.ARM.exidx.text.RCC_APB1PeriphClockCmd), (8 bytes).
    Removing stm32f10x_rcc.o(.text.RCC_APB2PeriphResetCmd), (24 bytes).
    Removing stm32f10x_rcc.o(.ARM.exidx.text.RCC_APB2PeriphResetCmd), (8 bytes).
    Removing stm32f10x_rcc.o(.text.RCC_APB1PeriphResetCmd), (24 bytes).
    Removing stm32f10x_rcc.o(.ARM.exidx.text.RCC_APB1PeriphResetCmd), (8 bytes).
    Removing stm32f10x_rcc.o(.text.RCC_BackupResetCmd), (12 bytes).
    Removing stm32f10x_rcc.o(.ARM.exidx.text.RCC_BackupResetCmd), (8 bytes).
    Removing stm32f10x_rcc.o(.text.RCC_ClockSecuritySystemCmd), (10 bytes).
    Removing stm32f10x_rcc.o(.ARM.exidx.text.RCC_ClockSecuritySystemCmd), (8 bytes).
    Removing stm32f10x_rcc.o(.text.RCC_MCOConfig), (12 bytes).
    Removing stm32f10x_rcc.o(.ARM.exidx.text.RCC_MCOConfig), (8 bytes).
    Removing stm32f10x_rcc.o(.text.RCC_ClearFlag), (18 bytes).
    Removing stm32f10x_rcc.o(.ARM.exidx.text.RCC_ClearFlag), (8 bytes).
    Removing stm32f10x_rcc.o(.text.RCC_GetITStatus), (18 bytes).
    Removing stm32f10x_rcc.o(.ARM.exidx.text.RCC_GetITStatus), (8 bytes).
    Removing stm32f10x_rcc.o(.text.RCC_ClearITPendingBit), (12 bytes).
    Removing stm32f10x_rcc.o(.ARM.exidx.text.RCC_ClearITPendingBit), (8 bytes).
    Removing stm32f10x_usart.o(.text), (0 bytes).
    Removing stm32f10x_usart.o(.text.USART_DeInit), (174 bytes).
    Removing stm32f10x_usart.o(.ARM.exidx.text.USART_DeInit), (8 bytes).
    Removing stm32f10x_usart.o(.ARM.exidx.text.USART_Init), (8 bytes).
    Removing stm32f10x_usart.o(.text.USART_StructInit), (18 bytes).
    Removing stm32f10x_usart.o(.ARM.exidx.text.USART_StructInit), (8 bytes).
    Removing stm32f10x_usart.o(.text.USART_ClockInit), (34 bytes).
    Removing stm32f10x_usart.o(.ARM.exidx.text.USART_ClockInit), (8 bytes).
    Removing stm32f10x_usart.o(.text.USART_ClockStructInit), (8 bytes).
    Removing stm32f10x_usart.o(.ARM.exidx.text.USART_ClockStructInit), (8 bytes).
    Removing stm32f10x_usart.o(.ARM.exidx.text.USART_Cmd), (8 bytes).
    Removing stm32f10x_usart.o(.text.USART_ITConfig), (46 bytes).
    Removing stm32f10x_usart.o(.ARM.exidx.text.USART_ITConfig), (8 bytes).
    Removing stm32f10x_usart.o(.text.USART_DMACmd), (16 bytes).
    Removing stm32f10x_usart.o(.ARM.exidx.text.USART_DMACmd), (8 bytes).
    Removing stm32f10x_usart.o(.text.USART_SetAddress), (16 bytes).
    Removing stm32f10x_usart.o(.ARM.exidx.text.USART_SetAddress), (8 bytes).
    Removing stm32f10x_usart.o(.text.USART_WakeUpConfig), (16 bytes).
    Removing stm32f10x_usart.o(.ARM.exidx.text.USART_WakeUpConfig), (8 bytes).
    Removing stm32f10x_usart.o(.text.USART_ReceiverWakeUpCmd), (20 bytes).
    Removing stm32f10x_usart.o(.ARM.exidx.text.USART_ReceiverWakeUpCmd), (8 bytes).
    Removing stm32f10x_usart.o(.text.USART_LINBreakDetectLengthConfig), (16 bytes).
    Removing stm32f10x_usart.o(.ARM.exidx.text.USART_LINBreakDetectLengthConfig), (8 bytes).
    Removing stm32f10x_usart.o(.text.USART_LINCmd), (20 bytes).
    Removing stm32f10x_usart.o(.ARM.exidx.text.USART_LINCmd), (8 bytes).
    Removing stm32f10x_usart.o(.ARM.exidx.text.USART_SendData), (8 bytes).
    Removing stm32f10x_usart.o(.text.USART_ReceiveData), (8 bytes).
    Removing stm32f10x_usart.o(.ARM.exidx.text.USART_ReceiveData), (8 bytes).
    Removing stm32f10x_usart.o(.text.USART_SendBreak), (10 bytes).
    Removing stm32f10x_usart.o(.ARM.exidx.text.USART_SendBreak), (8 bytes).
    Removing stm32f10x_usart.o(.text.USART_SetGuardTime), (16 bytes).
    Removing stm32f10x_usart.o(.ARM.exidx.text.USART_SetGuardTime), (8 bytes).
    Removing stm32f10x_usart.o(.text.USART_SetPrescaler), (16 bytes).
    Removing stm32f10x_usart.o(.ARM.exidx.text.USART_SetPrescaler), (8 bytes).
    Removing stm32f10x_usart.o(.text.USART_SmartCardCmd), (20 bytes).
    Removing stm32f10x_usart.o(.ARM.exidx.text.USART_SmartCardCmd), (8 bytes).
    Removing stm32f10x_usart.o(.text.USART_SmartCardNACKCmd), (20 bytes).
    Removing stm32f10x_usart.o(.ARM.exidx.text.USART_SmartCardNACKCmd), (8 bytes).
    Removing stm32f10x_usart.o(.text.USART_HalfDuplexCmd), (20 bytes).
    Removing stm32f10x_usart.o(.ARM.exidx.text.USART_HalfDuplexCmd), (8 bytes).
    Removing stm32f10x_usart.o(.text.USART_OverSampling8Cmd), (20 bytes).
    Removing stm32f10x_usart.o(.ARM.exidx.text.USART_OverSampling8Cmd), (8 bytes).
    Removing stm32f10x_usart.o(.text.USART_OneBitMethodCmd), (20 bytes).
    Removing stm32f10x_usart.o(.ARM.exidx.text.USART_OneBitMethodCmd), (8 bytes).
    Removing stm32f10x_usart.o(.text.USART_IrDAConfig), (16 bytes).
    Removing stm32f10x_usart.o(.ARM.exidx.text.USART_IrDAConfig), (8 bytes).
    Removing stm32f10x_usart.o(.text.USART_IrDACmd), (20 bytes).
    Removing stm32f10x_usart.o(.ARM.exidx.text.USART_IrDACmd), (8 bytes).
    Removing stm32f10x_usart.o(.text.USART_GetFlagStatus), (10 bytes).
    Removing stm32f10x_usart.o(.ARM.exidx.text.USART_GetFlagStatus), (8 bytes).
    Removing stm32f10x_usart.o(.text.USART_ClearFlag), (6 bytes).
    Removing stm32f10x_usart.o(.ARM.exidx.text.USART_ClearFlag), (8 bytes).
    Removing stm32f10x_usart.o(.text.USART_GetITStatus), (48 bytes).
    Removing stm32f10x_usart.o(.ARM.exidx.text.USART_GetITStatus), (8 bytes).
    Removing stm32f10x_usart.o(.text.USART_ClearITPendingBit), (14 bytes).
    Removing stm32f10x_usart.o(.ARM.exidx.text.USART_ClearITPendingBit), (8 bytes).
    Removing gpio_stm32f10x.o(.text), (0 bytes).
    Removing gpio_stm32f10x.o(.text.GPIO_PortClock), (300 bytes).
    Removing gpio_stm32f10x.o(.ARM.exidx.text.GPIO_PortClock), (8 bytes).
    Removing gpio_stm32f10x.o(.text.GPIO_GetPortClockState), (72 bytes).
    Removing gpio_stm32f10x.o(.ARM.exidx.text.GPIO_GetPortClockState), (8 bytes).
    Removing gpio_stm32f10x.o(.text.GPIO_PinConfigure), (126 bytes).
    Removing gpio_stm32f10x.o(.ARM.exidx.text.GPIO_PinConfigure), (8 bytes).
    Removing gpio_stm32f10x.o(.text.GPIO_AFConfigure), (134 bytes).
    Removing gpio_stm32f10x.o(.ARM.exidx.text.GPIO_AFConfigure), (8 bytes).
    Removing system_stm32f10x.o(.text), (0 bytes).
    Removing system_stm32f10x.o(.ARM.exidx.text.SystemInit), (8 bytes).
    Removing system_stm32f10x.o(.ARM.exidx.text.SetSysClock), (8 bytes).
    Removing system_stm32f10x.o(.text.SystemCoreClockUpdate), (104 bytes).
    Removing system_stm32f10x.o(.ARM.exidx.text.SystemCoreClockUpdate), (8 bytes).
    Removing system_stm32f10x.o(.ARM.exidx.text.SetSysClockTo24), (8 bytes).
    Removing system_stm32f10x.o(.data.SystemCoreClock), (4 bytes).
    Removing system_stm32f10x.o(.rodata.AHBPrescTable), (16 bytes).

191 unused section(s) (total 3474 bytes) removed from the image.

==============================================================================

Image Symbol Table

    Local Symbols

    Symbol Name                              Value     Ov Type        Size  Object(Section)

    ../clib/angel/boardlib.s                 0x00000000   Number         0  boardinit1.o ABSOLUTE
    ../clib/angel/boardlib.s                 0x00000000   Number         0  boardinit2.o ABSOLUTE
    ../clib/angel/boardlib.s                 0x00000000   Number         0  boardinit3.o ABSOLUTE
    ../clib/angel/boardlib.s                 0x00000000   Number         0  boardshut.o ABSOLUTE
    ../clib/angel/handlers.s                 0x00000000   Number         0  __scatter_zi.o ABSOLUTE
    ../clib/angel/kernel.s                   0x00000000   Number         0  __rtentry.o ABSOLUTE
    ../clib/angel/kernel.s                   0x00000000   Number         0  __rtentry2.o ABSOLUTE
    ../clib/angel/kernel.s                   0x00000000   Number         0  __rtentry4.o ABSOLUTE
    ../clib/angel/kernel.s                   0x00000000   Number         0  rtexit.o ABSOLUTE
    ../clib/angel/kernel.s                   0x00000000   Number         0  rtexit2.o ABSOLUTE
    ../clib/angel/rt.s                       0x00000000   Number         0  rt_locale.o ABSOLUTE
    ../clib/angel/rt.s                       0x00000000   Number         0  rt_locale_intlibspace.o ABSOLUTE
    ../clib/angel/rt.s                       0x00000000   Number         0  rt_raise.o ABSOLUTE
    ../clib/angel/scatter.s                  0x00000000   Number         0  __scatter.o ABSOLUTE
    ../clib/angel/startup.s                  0x00000000   Number         0  __main.o ABSOLUTE
    ../clib/angel/sys.s                      0x00000000   Number         0  libspace.o ABSOLUTE
    ../clib/angel/sys.s                      0x00000000   Number         0  sys_stackheap_outer.o ABSOLUTE
    ../clib/angel/sys.s                      0x00000000   Number         0  use_no_semi.o ABSOLUTE
    ../clib/angel/sys.s                      0x00000000   Number         0  indicate_semi.o ABSOLUTE
    ../clib/angel/sysapp.c                   0x00000000   Number         0  sys_command.o ABSOLUTE
    ../clib/angel/sysapp.c                   0x00000000   Number         0  sys_exit.o ABSOLUTE
    ../clib/angel/sysapp.c                   0x00000000   Number         0  sys_command_hlt.o ABSOLUTE
    ../clib/angel/sysapp.c                   0x00000000   Number         0  sys_exit_hlt.o ABSOLUTE
    ../clib/angel/sysapp.c                   0x00000000   Number         0  sys_wrch.o ABSOLUTE
    ../clib/angel/sysapp.c                   0x00000000   Number         0  sys_wrch_hlt.o ABSOLUTE
    ../clib/armsys.c                         0x00000000   Number         0  argv_veneer.o ABSOLUTE
    ../clib/armsys.c                         0x00000000   Number         0  argv_veneer.o ABSOLUTE
    ../clib/armsys.c                         0x00000000   Number         0  _get_argv_nomalloc.o ABSOLUTE
    ../clib/armsys.c                         0x00000000   Number         0  no_argv.o ABSOLUTE
    ../clib/bigflt.c                         0x00000000   Number         0  bigflt0.o ABSOLUTE
    ../clib/btod.s                           0x00000000   Number         0  btod.o ABSOLUTE
    ../clib/btod_accurate.c                  0x00000000   Number         0  btod_accurate.o ABSOLUTE
    ../clib/btod_accurate.c                  0x00000000   Number         0  btod_accurate_common.o ABSOLUTE
    ../clib/heapalloc.c                      0x00000000   Number         0  hrguard.o ABSOLUTE
    ../clib/heapaux.c                        0x00000000   Number         0  heapauxi.o ABSOLUTE
    ../clib/libinit.s                        0x00000000   Number         0  libinit.o ABSOLUTE
    ../clib/libinit.s                        0x00000000   Number         0  libinit2.o ABSOLUTE
    ../clib/libinit.s                        0x00000000   Number         0  libshutdown.o ABSOLUTE
    ../clib/libinit.s                        0x00000000   Number         0  libshutdown2.o ABSOLUTE
    ../clib/locale.s                         0x00000000   Number         0  lc_numeric_c.o ABSOLUTE
    ../clib/longlong.s                       0x00000000   Number         0  lludiv10.o ABSOLUTE
    ../clib/longlong.s                       0x00000000   Number         0  llushr.o ABSOLUTE
    ../clib/memcpset.s                       0x00000000   Number         0  strcmpv7m.o ABSOLUTE
    ../clib/printf.c                         0x00000000   Number         0  __2sprintf.o ABSOLUTE
    ../clib/printf.c                         0x00000000   Number         0  noretval__2sprintf.o ABSOLUTE
    ../clib/printf.c                         0x00000000   Number         0  __printf.o ABSOLUTE
    ../clib/printf.c                         0x00000000   Number         0  __printf_flags.o ABSOLUTE
    ../clib/printf.c                         0x00000000   Number         0  __printf_ss.o ABSOLUTE
    ../clib/printf.c                         0x00000000   Number         0  __printf_flags_ss.o ABSOLUTE
    ../clib/printf.c                         0x00000000   Number         0  __printf_wp.o ABSOLUTE
    ../clib/printf.c                         0x00000000   Number         0  __printf_flags_wp.o ABSOLUTE
    ../clib/printf.c                         0x00000000   Number         0  __printf_ss_wp.o ABSOLUTE
    ../clib/printf.c                         0x00000000   Number         0  __printf_flags_ss_wp.o ABSOLUTE
    ../clib/printf.c                         0x00000000   Number         0  _printf_fp_dec.o ABSOLUTE
    ../clib/printf.c                         0x00000000   Number         0  _printf_fp_dec_accurate.o ABSOLUTE
    ../clib/printf.c                         0x00000000   Number         0  _printf_char_common.o ABSOLUTE
    ../clib/printf.c                         0x00000000   Number         0  _sputc.o ABSOLUTE
    ../clib/printf.c                         0x00000000   Number         0  _printf_fp_infnan.o ABSOLUTE
    ../clib/printf.c                         0x00000000   Number         0  __printf_nopercent.o ABSOLUTE
    ../clib/printf_percent.s                 0x00000000   Number         0  _printf_f.o ABSOLUTE
    ../clib/printf_percent.s                 0x00000000   Number         0  _printf_percent.o ABSOLUTE
    ../clib/printf_percent.s                 0x00000000   Number         0  _printf_percent_end.o ABSOLUTE
    ../clib/signal.c                         0x00000000   Number         0  defsig_rtmem_outer.o ABSOLUTE
    ../clib/signal.c                         0x00000000   Number         0  defsig_rtmem_formal.o ABSOLUTE
    ../clib/signal.c                         0x00000000   Number         0  defsig_exit.o ABSOLUTE
    ../clib/signal.c                         0x00000000   Number         0  defsig_rtmem_inner.o ABSOLUTE
    ../clib/signal.c                         0x00000000   Number         0  __raise.o ABSOLUTE
    ../clib/signal.c                         0x00000000   Number         0  defsig_general.o ABSOLUTE
    ../clib/signal.c                         0x00000000   Number         0  defsig_abrt_inner.o ABSOLUTE
    ../clib/signal.c                         0x00000000   Number         0  defsig_fpe_inner.o ABSOLUTE
    ../clib/signal.c                         0x00000000   Number         0  defsig_rtred_inner.o ABSOLUTE
    ../clib/signal.c                         0x00000000   Number         0  defsig_stak_inner.o ABSOLUTE
    ../clib/signal.c                         0x00000000   Number         0  defsig_pvfn_inner.o ABSOLUTE
    ../clib/signal.c                         0x00000000   Number         0  defsig_cppl_inner.o ABSOLUTE
    ../clib/signal.c                         0x00000000   Number         0  defsig_segv_inner.o ABSOLUTE
    ../clib/signal.c                         0x00000000   Number         0  defsig_other.o ABSOLUTE
    ../clib/signal.s                         0x00000000   Number         0  defsig.o ABSOLUTE
    ../clib/stdlib.c                         0x00000000   Number         0  exit.o ABSOLUTE
    ../fplib/d2f.s                           0x00000000   Number         0  d2f.o ABSOLUTE
    ../fplib/dmul.s                          0x00000000   Number         0  dmul.o ABSOLUTE
    ../fplib/dnaninf.s                       0x00000000   Number         0  dnaninf.o ABSOLUTE
    ../fplib/dretinf.s                       0x00000000   Number         0  dretinf.o ABSOLUTE
    ../fplib/f2d.s                           0x00000000   Number         0  f2d.o ABSOLUTE
    ../fplib/fcmp.s                          0x00000000   Number         0  fcmp.o ABSOLUTE
    ../fplib/fcmpi.s                         0x00000000   Number         0  fcmpi.o ABSOLUTE
    ../fplib/feqf.s                          0x00000000   Number         0  feqf.o ABSOLUTE
    ../fplib/fflt.s                          0x00000000   Number         0  fflt_clz.o ABSOLUTE
    ../fplib/fgeqf.s                         0x00000000   Number         0  fgeqf.o ABSOLUTE
    ../fplib/fleqf.s                         0x00000000   Number         0  fleqf.o ABSOLUTE
    ../fplib/fnaninf.s                       0x00000000   Number         0  fnaninf.o ABSOLUTE
    ../fplib/fpinit.s                        0x00000000   Number         0  fpinit.o ABSOLUTE
    ../fplib/fpinit_empty.s                  0x00000000   Number         0  fpinit_empty.o ABSOLUTE
    ../fplib/fretinf.s                       0x00000000   Number         0  fretinf.o ABSOLUTE
    ../fplib/istatus.s                       0x00000000   Number         0  istatus.o ABSOLUTE
    ../fplib/printf1.s                       0x00000000   Number         0  printf1.o ABSOLUTE
    ../fplib/usenofp.s                       0x00000000   Number         0  usenofp.o ABSOLUTE
    ../mathlib/fpclassify.c                  0x00000000   Number         0  fpclassify.o ABSOLUTE
    GPIO_STM32F10x.c                         0x00000000   Number         0  gpio_stm32f10x.o ABSOLUTE
    RTE/Device/STM32F100RB/startup_stm32f10x_md_vl.s 0x00000000   Number         0  startup_stm32f10x_md_vl.o ABSOLUTE
    dc.s                                     0x00000000   Number         0  dc.o ABSOLUTE
    main.c                                   0x00000000   Number         0  main.o ABSOLUTE
    misc.c                                   0x00000000   Number         0  misc.o ABSOLUTE
    stm32f10x_gpio.c                         0x00000000   Number         0  stm32f10x_gpio.o ABSOLUTE
    stm32f10x_rcc.c                          0x00000000   Number         0  stm32f10x_rcc.o ABSOLUTE
    stm32f10x_usart.c                        0x00000000   Number         0  stm32f10x_usart.o ABSOLUTE
    system_stm32f10x.c                       0x00000000   Number         0  system_stm32f10x.o ABSOLUTE
    RESET                                    0x08000000   Section      288  startup_stm32f10x_md_vl.o(RESET)
    !!!main                                  0x08000120   Section        8  __main.o(!!!main)
    !!!scatter                               0x08000128   Section       52  __scatter.o(!!!scatter)
    !!handler_zi                             0x0800015c   Section       28  __scatter_zi.o(!!handler_zi)
    .ARM.Collect$$_printf_percent$$00000000  0x08000178   Section        0  _printf_percent.o(.ARM.Collect$$_printf_percent$$00000000)
    .ARM.Collect$$_printf_percent$$00000003  0x08000178   Section        6  _printf_f.o(.ARM.Collect$$_printf_percent$$00000003)
    .ARM.Collect$$_printf_percent$$00000017  0x0800017e   Section        4  _printf_percent_end.o(.ARM.Collect$$_printf_percent$$00000017)
    .ARM.Collect$$libinit$$00000000          0x08000182   Section        2  libinit.o(.ARM.Collect$$libinit$$00000000)
    .ARM.Collect$$libinit$$00000002          0x08000184   Section        0  libinit2.o(.ARM.Collect$$libinit$$00000002)
    .ARM.Collect$$libinit$$00000004          0x08000184   Section        0  libinit2.o(.ARM.Collect$$libinit$$00000004)
    .ARM.Collect$$libinit$$0000000A          0x08000184   Section        0  libinit2.o(.ARM.Collect$$libinit$$0000000A)
    .ARM.Collect$$libinit$$0000000C          0x08000184   Section        0  libinit2.o(.ARM.Collect$$libinit$$0000000C)
    .ARM.Collect$$libinit$$0000000E          0x08000184   Section        0  libinit2.o(.ARM.Collect$$libinit$$0000000E)
    .ARM.Collect$$libinit$$0000000F          0x08000184   Section        6  libinit2.o(.ARM.Collect$$libinit$$0000000F)
    .ARM.Collect$$libinit$$00000011          0x0800018a   Section        0  libinit2.o(.ARM.Collect$$libinit$$00000011)
    .ARM.Collect$$libinit$$00000013          0x0800018a   Section        0  libinit2.o(.ARM.Collect$$libinit$$00000013)
    .ARM.Collect$$libinit$$00000015          0x0800018a   Section        0  libinit2.o(.ARM.Collect$$libinit$$00000015)
    .ARM.Collect$$libinit$$00000016          0x0800018a   Section       10  libinit2.o(.ARM.Collect$$libinit$$00000016)
    .ARM.Collect$$libinit$$00000017          0x08000194   Section        0  libinit2.o(.ARM.Collect$$libinit$$00000017)
    .ARM.Collect$$libinit$$00000019          0x08000194   Section        0  libinit2.o(.ARM.Collect$$libinit$$00000019)
    .ARM.Collect$$libinit$$0000001B          0x08000194   Section        0  libinit2.o(.ARM.Collect$$libinit$$0000001B)
    .ARM.Collect$$libinit$$0000001D          0x08000194   Section        0  libinit2.o(.ARM.Collect$$libinit$$0000001D)
    .ARM.Collect$$libinit$$0000001F          0x08000194   Section        0  libinit2.o(.ARM.Collect$$libinit$$0000001F)
    .ARM.Collect$$libinit$$00000021          0x08000194   Section        0  libinit2.o(.ARM.Collect$$libinit$$00000021)
    .ARM.Collect$$libinit$$00000023          0x08000194   Section        0  libinit2.o(.ARM.Collect$$libinit$$00000023)
    .ARM.Collect$$libinit$$00000025          0x08000194   Section        0  libinit2.o(.ARM.Collect$$libinit$$00000025)
    .ARM.Collect$$libinit$$0000002C          0x08000194   Section        0  libinit2.o(.ARM.Collect$$libinit$$0000002C)
    .ARM.Collect$$libinit$$0000002E          0x08000194   Section        0  libinit2.o(.ARM.Collect$$libinit$$0000002E)
    .ARM.Collect$$libinit$$00000030          0x08000194   Section        0  libinit2.o(.ARM.Collect$$libinit$$00000030)
    .ARM.Collect$$libinit$$00000032          0x08000194   Section        0  libinit2.o(.ARM.Collect$$libinit$$00000032)
    .ARM.Collect$$libinit$$00000033          0x08000194   Section        2  libinit2.o(.ARM.Collect$$libinit$$00000033)
    .ARM.Collect$$libshutdown$$00000000      0x08000196   Section        2  libshutdown.o(.ARM.Collect$$libshutdown$$00000000)
    .ARM.Collect$$libshutdown$$00000002      0x08000198   Section        0  libshutdown2.o(.ARM.Collect$$libshutdown$$00000002)
    .ARM.Collect$$libshutdown$$00000004      0x08000198   Section        0  libshutdown2.o(.ARM.Collect$$libshutdown$$00000004)
    .ARM.Collect$$libshutdown$$00000007      0x08000198   Section        0  libshutdown2.o(.ARM.Collect$$libshutdown$$00000007)
    .ARM.Collect$$libshutdown$$0000000A      0x08000198   Section        0  libshutdown2.o(.ARM.Collect$$libshutdown$$0000000A)
    .ARM.Collect$$libshutdown$$0000000C      0x08000198   Section        0  libshutdown2.o(.ARM.Collect$$libshutdown$$0000000C)
    .ARM.Collect$$libshutdown$$0000000F      0x08000198   Section        0  libshutdown2.o(.ARM.Collect$$libshutdown$$0000000F)
    .ARM.Collect$$libshutdown$$00000010      0x08000198   Section        2  libshutdown2.o(.ARM.Collect$$libshutdown$$00000010)
    .ARM.Collect$$rtentry$$00000000          0x0800019a   Section        0  __rtentry.o(.ARM.Collect$$rtentry$$00000000)
    .ARM.Collect$$rtentry$$00000002          0x0800019a   Section        0  __rtentry2.o(.ARM.Collect$$rtentry$$00000002)
    .ARM.Collect$$rtentry$$00000004          0x0800019a   Section        6  __rtentry4.o(.ARM.Collect$$rtentry$$00000004)
    .ARM.Collect$$rtentry$$00000009          0x080001a0   Section        0  __rtentry2.o(.ARM.Collect$$rtentry$$00000009)
    .ARM.Collect$$rtentry$$0000000A          0x080001a0   Section        4  __rtentry2.o(.ARM.Collect$$rtentry$$0000000A)
    .ARM.Collect$$rtentry$$0000000C          0x080001a4   Section        0  __rtentry2.o(.ARM.Collect$$rtentry$$0000000C)
    .ARM.Collect$$rtentry$$0000000D          0x080001a4   Section        8  __rtentry2.o(.ARM.Collect$$rtentry$$0000000D)
    .ARM.Collect$$rtexit$$00000000           0x080001ac   Section        2  rtexit.o(.ARM.Collect$$rtexit$$00000000)
    .ARM.Collect$$rtexit$$00000002           0x080001ae   Section        0  rtexit2.o(.ARM.Collect$$rtexit$$00000002)
    .ARM.Collect$$rtexit$$00000003           0x080001ae   Section        4  rtexit2.o(.ARM.Collect$$rtexit$$00000003)
    .ARM.Collect$$rtexit$$00000004           0x080001b2   Section        6  rtexit2.o(.ARM.Collect$$rtexit$$00000004)
    .text                                    0x080001b8   Section       64  startup_stm32f10x_md_vl.o(.text)
    .text                                    0x080001f8   Section        0  noretval__2sprintf.o(.text)
    .text                                    0x08000220   Section        0  __printf.o(.text)
    .text                                    0x08000288   Section        0  heapauxi.o(.text)
    _fp_digits                               0x0800028f   Thumb Code   432  _printf_fp_dec.o(.text)
    .text                                    0x0800028e   Section        0  _printf_fp_dec.o(.text)
    _printf_input_char                       0x080006ad   Thumb Code    10  _printf_char_common.o(.text)
    .text                                    0x080006ac   Section        0  _printf_char_common.o(.text)
    .text                                    0x080006dc   Section        0  _sputc.o(.text)
    .text                                    0x080006e8   Section        8  rt_locale_intlibspace.o(.text)
    .text                                    0x080006f0   Section      138  lludiv10.o(.text)
    .text                                    0x0800077c   Section        0  _printf_fp_infnan.o(.text)
    .text                                    0x080007fc   Section        0  bigflt0.o(.text)
    .text                                    0x080008e0   Section        8  libspace.o(.text)
    .text                                    0x080008e8   Section       74  sys_stackheap_outer.o(.text)
    .text                                    0x08000932   Section        0  exit.o(.text)
    .text                                    0x08000944   Section      128  strcmpv7m.o(.text)
    .text                                    0x080009c4   Section        0  sys_exit.o(.text)
    .text                                    0x080009d0   Section        2  use_no_semi.o(.text)
    .text                                    0x080009d2   Section        0  indicate_semi.o(.text)
    [Anonymous Symbol]                       0x080009d4   Section        0  stm32f10x_gpio.o(.text.GPIO_Init)
    [Anonymous Symbol]                       0x08000a84   Section        0  stm32f10x_gpio.o(.text.GPIO_ReadInputDataBit)
    [Anonymous Symbol]                       0x08000a90   Section        0  stm32f10x_gpio.o(.text.GPIO_ResetBits)
    [Anonymous Symbol]                       0x08000a94   Section        0  stm32f10x_gpio.o(.text.GPIO_SetBits)
    [Anonymous Symbol]                       0x08000a98   Section        0  main.o(.text.HCSR04_Read)
    [Anonymous Symbol]                       0x08000b38   Section        0  stm32f10x_rcc.o(.text.RCC_APB2PeriphClockCmd)
    [Anonymous Symbol]                       0x08000b50   Section        0  stm32f10x_rcc.o(.text.RCC_GetClocksFreq)
    SetSysClock                              0x08000be9   Thumb Code     8  system_stm32f10x.o(.text.SetSysClock)
    [Anonymous Symbol]                       0x08000be8   Section        0  system_stm32f10x.o(.text.SetSysClock)
    SetSysClockTo24                          0x08000bf1   Thumb Code   154  system_stm32f10x.o(.text.SetSysClockTo24)
    [Anonymous Symbol]                       0x08000bf0   Section        0  system_stm32f10x.o(.text.SetSysClockTo24)
    [Anonymous Symbol]                       0x08000c8c   Section        0  system_stm32f10x.o(.text.SystemInit)
    [Anonymous Symbol]                       0x08000ce8   Section        0  stm32f10x_usart.o(.text.USART_Cmd)
    [Anonymous Symbol]                       0x08000cfc   Section        0  stm32f10x_usart.o(.text.USART_Init)
    [Anonymous Symbol]                       0x08000db4   Section        0  stm32f10x_usart.o(.text.USART_SendData)
    [Anonymous Symbol]                       0x08000dbc   Section        0  main.o(.text.gpioConfig)
    [Anonymous Symbol]                       0x08000e24   Section        0  main.o(.text.main)
    [Anonymous Symbol]                       0x08000eb4   Section        0  main.o(.text.uartConfig)
    [Anonymous Symbol]                       0x08000ef4   Section        0  main.o(.text.uartTransmit)
    CL$$btod_d2e                             0x08000f20   Section       62  btod.o(CL$$btod_d2e)
    CL$$btod_d2e_denorm_low                  0x08000f5e   Section       70  btod.o(CL$$btod_d2e_denorm_low)
    CL$$btod_d2e_norm_op1                    0x08000fa4   Section       96  btod.o(CL$$btod_d2e_norm_op1)
    CL$$btod_div_common                      0x08001004   Section      824  btod.o(CL$$btod_div_common)
    CL$$btod_e2e                             0x0800133c   Section      220  btod.o(CL$$btod_e2e)
    CL$$btod_ediv                            0x08001418   Section       42  btod.o(CL$$btod_ediv)
    CL$$btod_emul                            0x08001442   Section       42  btod.o(CL$$btod_emul)
    CL$$btod_mult_common                     0x0800146c   Section      580  btod.o(CL$$btod_mult_common)
    i.__ARM_fpclassify                       0x080016b0   Section        0  fpclassify.o(i.__ARM_fpclassify)
    locale$$code                             0x080016d8   Section       44  lc_numeric_c.o(locale$$code)
    x$fpl$d2f                                0x08001704   Section       98  d2f.o(x$fpl$d2f)
    x$fpl$dmul                               0x08001768   Section      340  dmul.o(x$fpl$dmul)
    x$fpl$dnaninf                            0x080018bc   Section      156  dnaninf.o(x$fpl$dnaninf)
    x$fpl$dretinf                            0x08001958   Section       12  dretinf.o(x$fpl$dretinf)
    x$fpl$f2d                                0x08001964   Section       86  f2d.o(x$fpl$f2d)
    x$fpl$fcmp                               0x080019ba   Section       84  fcmp.o(x$fpl$fcmp)
    x$fpl$fcmpinf                            0x08001a0e   Section       24  fcmpi.o(x$fpl$fcmpinf)
    x$fpl$feqf                               0x08001a28   Section      104  feqf.o(x$fpl$feqf)
    x$fpl$ffltu                              0x08001a90   Section       38  fflt_clz.o(x$fpl$ffltu)
    x$fpl$fgeqf                              0x08001ab8   Section      104  fgeqf.o(x$fpl$fgeqf)
    x$fpl$fleqf                              0x08001b20   Section      104  fleqf.o(x$fpl$fleqf)
    x$fpl$fnaninf                            0x08001b88   Section      140  fnaninf.o(x$fpl$fnaninf)
    x$fpl$fretinf                            0x08001c14   Section       10  fretinf.o(x$fpl$fretinf)
    x$fpl$printf1                            0x08001c1e   Section        4  printf1.o(x$fpl$printf1)
    x$fpl$usenofp                            0x08001c22   Section        0  usenofp.o(x$fpl$usenofp)
    tenpwrs_x                                0x08001c24   Data          60  bigflt0.o(.constdata)
    .constdata                               0x08001c24   Section      148  bigflt0.o(.constdata)
    tenpwrs_i                                0x08001c60   Data          64  bigflt0.o(.constdata)
    ADCPrescTable                            0x08001cb8   Data           4  stm32f10x_rcc.o(.rodata.ADCPrescTable)
    [Anonymous Symbol]                       0x08001cb8   Section        0  stm32f10x_rcc.o(.rodata.ADCPrescTable)
    APBAHBPrescTable                         0x08001cbc   Data          16  stm32f10x_rcc.o(.rodata.APBAHBPrescTable)
    [Anonymous Symbol]                       0x08001cbc   Section        0  stm32f10x_rcc.o(.rodata.APBAHBPrescTable)
    locale$$data                             0x08001cdc   Section       28  lc_numeric_c.o(locale$$data)
    __lcnum_c_name                           0x08001ce0   Data           2  lc_numeric_c.o(locale$$data)
    __lcnum_c_start                          0x08001ce8   Data           0  lc_numeric_c.o(locale$$data)
    __lcnum_c_point                          0x08001cf4   Data           0  lc_numeric_c.o(locale$$data)
    __lcnum_c_thousands                      0x08001cf6   Data           0  lc_numeric_c.o(locale$$data)
    __lcnum_c_grouping                       0x08001cf7   Data           0  lc_numeric_c.o(locale$$data)
    __lcnum_c_end                            0x08001cf8   Data           0  lc_numeric_c.o(locale$$data)
    .bss                                     0x20000000   Section       96  libspace.o(.bss)
    Heap_Mem                                 0x20000078   Data         512  startup_stm32f10x_md_vl.o(HEAP)
    HEAP                                     0x20000078   Section      512  startup_stm32f10x_md_vl.o(HEAP)
    Stack_Mem                                0x20000278   Data        1024  startup_stm32f10x_md_vl.o(STACK)
    STACK                                    0x20000278   Section     1024  startup_stm32f10x_md_vl.o(STACK)
    __initial_sp                             0x20000678   Data           0  startup_stm32f10x_md_vl.o(STACK)

    Global Symbols

    Symbol Name                              Value     Ov Type        Size  Object(Section)

    BuildAttributes$$THM_ISAv4$P$D$K$B$S$PE$A:L22UL41UL21$X:L11$S22US41US21$IEEE1$IW$~IW$USESV6$~STKCKD$USESV7$~SHL$OTIME$ROPI$IEEEJ$EBA8$UX$STANDARDLIB$REQ8$PRES8$EABIv2 0x00000000   Number         0  anon$$obj.o ABSOLUTE
    __fp_init_empty                          0x00000000   Number         0  fpinit_empty.o ABSOLUTE
    __ARM_exceptions_init                     - Undefined Weak Reference
    __alloca_initialize                       - Undefined Weak Reference
    __arm_preinit_                            - Undefined Weak Reference
    __cpp_initialize__aeabi_                  - Undefined Weak Reference
    __cxa_finalize                            - Undefined Weak Reference
    __sigvec_lookup                           - Undefined Weak Reference
    _atexit_init                              - Undefined Weak Reference
    _call_atexit_fns                          - Undefined Weak Reference
    _clock_init                               - Undefined Weak Reference
    _fp_trap_init                             - Undefined Weak Reference
    _fp_trap_shutdown                         - Undefined Weak Reference
    _get_lc_collate                           - Undefined Weak Reference
    _get_lc_ctype                             - Undefined Weak Reference
    _get_lc_monetary                          - Undefined Weak Reference
    _get_lc_time                              - Undefined Weak Reference
    _getenv_init                              - Undefined Weak Reference
    _handle_redirection                       - Undefined Weak Reference
    _init_alloc                               - Undefined Weak Reference
    _init_user_alloc                          - Undefined Weak Reference
    _initio                                   - Undefined Weak Reference
    _printf_post_padding                      - Undefined Weak Reference
    _printf_pre_padding                       - Undefined Weak Reference
    _rand_init                                - Undefined Weak Reference
    _signal_finish                            - Undefined Weak Reference
    _signal_init                              - Undefined Weak Reference
    _terminate_alloc                          - Undefined Weak Reference
    _terminate_user_alloc                     - Undefined Weak Reference
    _terminateio                              - Undefined Weak Reference
    __Vectors_Size                           0x00000120   Number         0  startup_stm32f10x_md_vl.o ABSOLUTE
    __Vectors                                0x08000000   Data           4  startup_stm32f10x_md_vl.o(RESET)
    __Vectors_End                            0x08000120   Data           0  startup_stm32f10x_md_vl.o(RESET)
    __main                                   0x08000121   Thumb Code     8  __main.o(!!!main)
    __scatterload                            0x08000129   Thumb Code     0  __scatter.o(!!!scatter)
    __scatterload_rt2                        0x08000129   Thumb Code    44  __scatter.o(!!!scatter)
    __scatterload_rt2_thumb_only             0x08000129   Thumb Code     0  __scatter.o(!!!scatter)
    __scatterload_null                       0x08000137   Thumb Code     0  __scatter.o(!!!scatter)
    __scatterload_zeroinit                   0x0800015d   Thumb Code    28  __scatter_zi.o(!!handler_zi)
    _printf_f                                0x08000179   Thumb Code     0  _printf_f.o(.ARM.Collect$$_printf_percent$$00000003)
    _printf_percent                          0x08000179   Thumb Code     0  _printf_percent.o(.ARM.Collect$$_printf_percent$$00000000)
    _printf_percent_end                      0x0800017f   Thumb Code     0  _printf_percent_end.o(.ARM.Collect$$_printf_percent$$00000017)
    __rt_lib_init                            0x08000183   Thumb Code     0  libinit.o(.ARM.Collect$$libinit$$00000000)
    __rt_lib_init_fp_1                       0x08000185   Thumb Code     0  libinit2.o(.ARM.Collect$$libinit$$00000002)
    __rt_lib_init_heap_1                     0x08000185   Thumb Code     0  libinit2.o(.ARM.Collect$$libinit$$0000000A)
    __rt_lib_init_lc_common                  0x08000185   Thumb Code     0  libinit2.o(.ARM.Collect$$libinit$$0000000F)
    __rt_lib_init_preinit_1                  0x08000185   Thumb Code     0  libinit2.o(.ARM.Collect$$libinit$$00000004)
    __rt_lib_init_rand_1                     0x08000185   Thumb Code     0  libinit2.o(.ARM.Collect$$libinit$$0000000E)
    __rt_lib_init_user_alloc_1               0x08000185   Thumb Code     0  libinit2.o(.ARM.Collect$$libinit$$0000000C)
    __rt_lib_init_lc_collate_1               0x0800018b   Thumb Code     0  libinit2.o(.ARM.Collect$$libinit$$00000011)
    __rt_lib_init_lc_ctype_1                 0x0800018b   Thumb Code     0  libinit2.o(.ARM.Collect$$libinit$$00000013)
    __rt_lib_init_lc_monetary_1              0x0800018b   Thumb Code     0  libinit2.o(.ARM.Collect$$libinit$$00000015)
    __rt_lib_init_lc_numeric_2               0x0800018b   Thumb Code     0  libinit2.o(.ARM.Collect$$libinit$$00000016)
    __rt_lib_init_alloca_1                   0x08000195   Thumb Code     0  libinit2.o(.ARM.Collect$$libinit$$0000002E)
    __rt_lib_init_argv_1                     0x08000195   Thumb Code     0  libinit2.o(.ARM.Collect$$libinit$$0000002C)
    __rt_lib_init_atexit_1                   0x08000195   Thumb Code     0  libinit2.o(.ARM.Collect$$libinit$$0000001B)
    __rt_lib_init_clock_1                    0x08000195   Thumb Code     0  libinit2.o(.ARM.Collect$$libinit$$00000021)
    __rt_lib_init_cpp_1                      0x08000195   Thumb Code     0  libinit2.o(.ARM.Collect$$libinit$$00000032)
    __rt_lib_init_exceptions_1               0x08000195   Thumb Code     0  libinit2.o(.ARM.Collect$$libinit$$00000030)
    __rt_lib_init_fp_trap_1                  0x08000195   Thumb Code     0  libinit2.o(.ARM.Collect$$libinit$$0000001F)
    __rt_lib_init_getenv_1                   0x08000195   Thumb Code     0  libinit2.o(.ARM.Collect$$libinit$$00000023)
    __rt_lib_init_lc_numeric_1               0x08000195   Thumb Code     0  libinit2.o(.ARM.Collect$$libinit$$00000017)
    __rt_lib_init_lc_time_1                  0x08000195   Thumb Code     0  libinit2.o(.ARM.Collect$$libinit$$00000019)
    __rt_lib_init_return                     0x08000195   Thumb Code     0  libinit2.o(.ARM.Collect$$libinit$$00000033)
    __rt_lib_init_signal_1                   0x08000195   Thumb Code     0  libinit2.o(.ARM.Collect$$libinit$$0000001D)
    __rt_lib_init_stdio_1                    0x08000195   Thumb Code     0  libinit2.o(.ARM.Collect$$libinit$$00000025)
    __rt_lib_shutdown                        0x08000197   Thumb Code     0  libshutdown.o(.ARM.Collect$$libshutdown$$00000000)
    __rt_lib_shutdown_cpp_1                  0x08000199   Thumb Code     0  libshutdown2.o(.ARM.Collect$$libshutdown$$00000002)
    __rt_lib_shutdown_fp_trap_1              0x08000199   Thumb Code     0  libshutdown2.o(.ARM.Collect$$libshutdown$$00000007)
    __rt_lib_shutdown_heap_1                 0x08000199   Thumb Code     0  libshutdown2.o(.ARM.Collect$$libshutdown$$0000000F)
    __rt_lib_shutdown_return                 0x08000199   Thumb Code     0  libshutdown2.o(.ARM.Collect$$libshutdown$$00000010)
    __rt_lib_shutdown_signal_1               0x08000199   Thumb Code     0  libshutdown2.o(.ARM.Collect$$libshutdown$$0000000A)
    __rt_lib_shutdown_stdio_1                0x08000199   Thumb Code     0  libshutdown2.o(.ARM.Collect$$libshutdown$$00000004)
    __rt_lib_shutdown_user_alloc_1           0x08000199   Thumb Code     0  libshutdown2.o(.ARM.Collect$$libshutdown$$0000000C)
    __rt_entry                               0x0800019b   Thumb Code     0  __rtentry.o(.ARM.Collect$$rtentry$$00000000)
    __rt_entry_presh_1                       0x0800019b   Thumb Code     0  __rtentry2.o(.ARM.Collect$$rtentry$$00000002)
    __rt_entry_sh                            0x0800019b   Thumb Code     0  __rtentry4.o(.ARM.Collect$$rtentry$$00000004)
    __rt_entry_li                            0x080001a1   Thumb Code     0  __rtentry2.o(.ARM.Collect$$rtentry$$0000000A)
    __rt_entry_postsh_1                      0x080001a1   Thumb Code     0  __rtentry2.o(.ARM.Collect$$rtentry$$00000009)
    __rt_entry_main                          0x080001a5   Thumb Code     0  __rtentry2.o(.ARM.Collect$$rtentry$$0000000D)
    __rt_entry_postli_1                      0x080001a5   Thumb Code     0  __rtentry2.o(.ARM.Collect$$rtentry$$0000000C)
    __rt_exit                                0x080001ad   Thumb Code     0  rtexit.o(.ARM.Collect$$rtexit$$00000000)
    __rt_exit_ls                             0x080001af   Thumb Code     0  rtexit2.o(.ARM.Collect$$rtexit$$00000003)
    __rt_exit_prels_1                        0x080001af   Thumb Code     0  rtexit2.o(.ARM.Collect$$rtexit$$00000002)
    __rt_exit_exit                           0x080001b3   Thumb Code     0  rtexit2.o(.ARM.Collect$$rtexit$$00000004)
    Reset_Handler                            0x080001b9   Thumb Code     8  startup_stm32f10x_md_vl.o(.text)
    NMI_Handler                              0x080001c1   Thumb Code     2  startup_stm32f10x_md_vl.o(.text)
    HardFault_Handler                        0x080001c3   Thumb Code     2  startup_stm32f10x_md_vl.o(.text)
    MemManage_Handler                        0x080001c5   Thumb Code     2  startup_stm32f10x_md_vl.o(.text)
    BusFault_Handler                         0x080001c7   Thumb Code     2  startup_stm32f10x_md_vl.o(.text)
    UsageFault_Handler                       0x080001c9   Thumb Code     2  startup_stm32f10x_md_vl.o(.text)
    SVC_Handler                              0x080001cb   Thumb Code     2  startup_stm32f10x_md_vl.o(.text)
    DebugMon_Handler                         0x080001cd   Thumb Code     2  startup_stm32f10x_md_vl.o(.text)
    PendSV_Handler                           0x080001cf   Thumb Code     2  startup_stm32f10x_md_vl.o(.text)
    SysTick_Handler                          0x080001d1   Thumb Code     2  startup_stm32f10x_md_vl.o(.text)
    ADC1_IRQHandler                          0x080001d3   Thumb Code     0  startup_stm32f10x_md_vl.o(.text)
    CEC_IRQHandler                           0x080001d3   Thumb Code     0  startup_stm32f10x_md_vl.o(.text)
    DMA1_Channel1_IRQHandler                 0x080001d3   Thumb Code     0  startup_stm32f10x_md_vl.o(.text)
    DMA1_Channel2_IRQHandler                 0x080001d3   Thumb Code     0  startup_stm32f10x_md_vl.o(.text)
    DMA1_Channel3_IRQHandler                 0x080001d3   Thumb Code     0  startup_stm32f10x_md_vl.o(.text)
    DMA1_Channel4_IRQHandler                 0x080001d3   Thumb Code     0  startup_stm32f10x_md_vl.o(.text)
    DMA1_Channel5_IRQHandler                 0x080001d3   Thumb Code     0  startup_stm32f10x_md_vl.o(.text)
    DMA1_Channel6_IRQHandler                 0x080001d3   Thumb Code     0  startup_stm32f10x_md_vl.o(.text)
    DMA1_Channel7_IRQHandler                 0x080001d3   Thumb Code     0  startup_stm32f10x_md_vl.o(.text)
    EXTI0_IRQHandler                         0x080001d3   Thumb Code     0  startup_stm32f10x_md_vl.o(.text)
    EXTI15_10_IRQHandler                     0x080001d3   Thumb Code     0  startup_stm32f10x_md_vl.o(.text)
    EXTI1_IRQHandler                         0x080001d3   Thumb Code     0  startup_stm32f10x_md_vl.o(.text)
    EXTI2_IRQHandler                         0x080001d3   Thumb Code     0  startup_stm32f10x_md_vl.o(.text)
    EXTI3_IRQHandler                         0x080001d3   Thumb Code     0  startup_stm32f10x_md_vl.o(.text)
    EXTI4_IRQHandler                         0x080001d3   Thumb Code     0  startup_stm32f10x_md_vl.o(.text)
    EXTI9_5_IRQHandler                       0x080001d3   Thumb Code     0  startup_stm32f10x_md_vl.o(.text)
    FLASH_IRQHandler                         0x080001d3   Thumb Code     0  startup_stm32f10x_md_vl.o(.text)
    I2C1_ER_IRQHandler                       0x080001d3   Thumb Code     0  startup_stm32f10x_md_vl.o(.text)
    I2C1_EV_IRQHandler                       0x080001d3   Thumb Code     0  startup_stm32f10x_md_vl.o(.text)
    I2C2_ER_IRQHandler                       0x080001d3   Thumb Code     0  startup_stm32f10x_md_vl.o(.text)
    I2C2_EV_IRQHandler                       0x080001d3   Thumb Code     0  startup_stm32f10x_md_vl.o(.text)
    PVD_IRQHandler                           0x080001d3   Thumb Code     0  startup_stm32f10x_md_vl.o(.text)
    RCC_IRQHandler                           0x080001d3   Thumb Code     0  startup_stm32f10x_md_vl.o(.text)
    RTCAlarm_IRQHandler                      0x080001d3   Thumb Code     0  startup_stm32f10x_md_vl.o(.text)
    RTC_IRQHandler                           0x080001d3   Thumb Code     0  startup_stm32f10x_md_vl.o(.text)
    SPI1_IRQHandler                          0x080001d3   Thumb Code     0  startup_stm32f10x_md_vl.o(.text)
    SPI2_IRQHandler                          0x080001d3   Thumb Code     0  startup_stm32f10x_md_vl.o(.text)
    TAMPER_IRQHandler                        0x080001d3   Thumb Code     0  startup_stm32f10x_md_vl.o(.text)
    TIM1_BRK_TIM15_IRQHandler                0x080001d3   Thumb Code     0  startup_stm32f10x_md_vl.o(.text)
    TIM1_CC_IRQHandler                       0x080001d3   Thumb Code     0  startup_stm32f10x_md_vl.o(.text)
    TIM1_TRG_COM_TIM17_IRQHandler            0x080001d3   Thumb Code     0  startup_stm32f10x_md_vl.o(.text)
    TIM1_UP_TIM16_IRQHandler                 0x080001d3   Thumb Code     0  startup_stm32f10x_md_vl.o(.text)
    TIM2_IRQHandler                          0x080001d3   Thumb Code     0  startup_stm32f10x_md_vl.o(.text)
    TIM3_IRQHandler                          0x080001d3   Thumb Code     0  startup_stm32f10x_md_vl.o(.text)
    TIM4_IRQHandler                          0x080001d3   Thumb Code     0  startup_stm32f10x_md_vl.o(.text)
    TIM6_DAC_IRQHandler                      0x080001d3   Thumb Code     0  startup_stm32f10x_md_vl.o(.text)
    TIM7_IRQHandler                          0x080001d3   Thumb Code     0  startup_stm32f10x_md_vl.o(.text)
    USART1_IRQHandler                        0x080001d3   Thumb Code     0  startup_stm32f10x_md_vl.o(.text)
    USART2_IRQHandler                        0x080001d3   Thumb Code     0  startup_stm32f10x_md_vl.o(.text)
    USART3_IRQHandler                        0x080001d3   Thumb Code     0  startup_stm32f10x_md_vl.o(.text)
    WWDG_IRQHandler                          0x080001d3   Thumb Code     0  startup_stm32f10x_md_vl.o(.text)
    __user_initial_stackheap                 0x080001d5   Thumb Code     0  startup_stm32f10x_md_vl.o(.text)
    __2sprintf                               0x080001f9   Thumb Code    34  noretval__2sprintf.o(.text)
    __printf                                 0x08000221   Thumb Code   104  __printf.o(.text)
    __use_two_region_memory                  0x08000289   Thumb Code     2  heapauxi.o(.text)
    __rt_heap_escrow$2region                 0x0800028b   Thumb Code     2  heapauxi.o(.text)
    __rt_heap_expand$2region                 0x0800028d   Thumb Code     2  heapauxi.o(.text)
    _printf_fp_dec_real                      0x0800043f   Thumb Code   620  _printf_fp_dec.o(.text)
    _printf_char_common                      0x080006b7   Thumb Code    32  _printf_char_common.o(.text)
    _sputc                                   0x080006dd   Thumb Code    10  _sputc.o(.text)
    __rt_locale                              0x080006e9   Thumb Code     8  rt_locale_intlibspace.o(.text)
    _ll_udiv10                               0x080006f1   Thumb Code   138  lludiv10.o(.text)
    _printf_fp_infnan                        0x0800077d   Thumb Code   112  _printf_fp_infnan.o(.text)
    _btod_etento                             0x080007fd   Thumb Code   224  bigflt0.o(.text)
    __user_libspace                          0x080008e1   Thumb Code     8  libspace.o(.text)
    __user_perproc_libspace                  0x080008e1   Thumb Code     0  libspace.o(.text)
    __user_perthread_libspace                0x080008e1   Thumb Code     0  libspace.o(.text)
    __user_setup_stackheap                   0x080008e9   Thumb Code    74  sys_stackheap_outer.o(.text)
    exit                                     0x08000933   Thumb Code    18  exit.o(.text)
    strcmp                                   0x08000945   Thumb Code   128  strcmpv7m.o(.text)
    _sys_exit                                0x080009c5   Thumb Code     8  sys_exit.o(.text)
    __I$use$semihosting                      0x080009d1   Thumb Code     0  use_no_semi.o(.text)
    __use_no_semihosting_swi                 0x080009d1   Thumb Code     2  use_no_semi.o(.text)
    __semihosting_library_function           0x080009d3   Thumb Code     0  indicate_semi.o(.text)
    GPIO_Init                                0x080009d5   Thumb Code   176  stm32f10x_gpio.o(.text.GPIO_Init)
    GPIO_ReadInputDataBit                    0x08000a85   Thumb Code    10  stm32f10x_gpio.o(.text.GPIO_ReadInputDataBit)
    GPIO_ResetBits                           0x08000a91   Thumb Code     4  stm32f10x_gpio.o(.text.GPIO_ResetBits)
    GPIO_SetBits                             0x08000a95   Thumb Code     4  stm32f10x_gpio.o(.text.GPIO_SetBits)
    HCSR04_Read                              0x08000a99   Thumb Code   158  main.o(.text.HCSR04_Read)
    RCC_APB2PeriphClockCmd                   0x08000b39   Thumb Code    24  stm32f10x_rcc.o(.text.RCC_APB2PeriphClockCmd)
    RCC_GetClocksFreq                        0x08000b51   Thumb Code   152  stm32f10x_rcc.o(.text.RCC_GetClocksFreq)
    SystemInit                               0x08000c8d   Thumb Code    90  system_stm32f10x.o(.text.SystemInit)
    USART_Cmd                                0x08000ce9   Thumb Code    20  stm32f10x_usart.o(.text.USART_Cmd)
    USART_Init                               0x08000cfd   Thumb Code   182  stm32f10x_usart.o(.text.USART_Init)
    USART_SendData                           0x08000db5   Thumb Code     8  stm32f10x_usart.o(.text.USART_SendData)
    gpioConfig                               0x08000dbd   Thumb Code   102  main.o(.text.gpioConfig)
    main                                     0x08000e25   Thumb Code   128  main.o(.text.main)
    uartConfig                               0x08000eb5   Thumb Code    62  main.o(.text.uartConfig)
    uartTransmit                             0x08000ef5   Thumb Code    44  main.o(.text.uartTransmit)
    _btod_d2e                                0x08000f21   Thumb Code    62  btod.o(CL$$btod_d2e)
    _d2e_denorm_low                          0x08000f5f   Thumb Code    70  btod.o(CL$$btod_d2e_denorm_low)
    _d2e_norm_op1                            0x08000fa5   Thumb Code    96  btod.o(CL$$btod_d2e_norm_op1)
    __btod_div_common                        0x08001005   Thumb Code   696  btod.o(CL$$btod_div_common)
    _e2e                                     0x0800133d   Thumb Code   220  btod.o(CL$$btod_e2e)
    _btod_ediv                               0x08001419   Thumb Code    42  btod.o(CL$$btod_ediv)
    _btod_emul                               0x08001443   Thumb Code    42  btod.o(CL$$btod_emul)
    __btod_mult_common                       0x0800146d   Thumb Code   580  btod.o(CL$$btod_mult_common)
    __ARM_fpclassify                         0x080016b1   Thumb Code    40  fpclassify.o(i.__ARM_fpclassify)
    _get_lc_numeric                          0x080016d9   Thumb Code    44  lc_numeric_c.o(locale$$code)
    __aeabi_d2f                              0x08001705   Thumb Code     0  d2f.o(x$fpl$d2f)
    _d2f                                     0x08001705   Thumb Code    98  d2f.o(x$fpl$d2f)
    __aeabi_dmul                             0x08001769   Thumb Code     0  dmul.o(x$fpl$dmul)
    _dmul                                    0x08001769   Thumb Code   332  dmul.o(x$fpl$dmul)
    __fpl_dnaninf                            0x080018bd   Thumb Code   156  dnaninf.o(x$fpl$dnaninf)
    __fpl_dretinf                            0x08001959   Thumb Code    12  dretinf.o(x$fpl$dretinf)
    __aeabi_f2d                              0x08001965   Thumb Code     0  f2d.o(x$fpl$f2d)
    _f2d                                     0x08001965   Thumb Code    86  f2d.o(x$fpl$f2d)
    __aeabi_fcmpeq                           0x080019bb   Thumb Code     0  fcmp.o(x$fpl$fcmp)
    _feq                                     0x080019bb   Thumb Code    14  fcmp.o(x$fpl$fcmp)
    _fneq                                    0x080019c9   Thumb Code    14  fcmp.o(x$fpl$fcmp)
    __aeabi_fcmpgt                           0x080019d7   Thumb Code     0  fcmp.o(x$fpl$fcmp)
    _fgr                                     0x080019d7   Thumb Code    14  fcmp.o(x$fpl$fcmp)
    __aeabi_fcmpge                           0x080019e5   Thumb Code     0  fcmp.o(x$fpl$fcmp)
    _fgeq                                    0x080019e5   Thumb Code    14  fcmp.o(x$fpl$fcmp)
    __aeabi_fcmple                           0x080019f3   Thumb Code     0  fcmp.o(x$fpl$fcmp)
    _fleq                                    0x080019f3   Thumb Code    14  fcmp.o(x$fpl$fcmp)
    __aeabi_fcmplt                           0x08001a01   Thumb Code     0  fcmp.o(x$fpl$fcmp)
    _fls                                     0x08001a01   Thumb Code    14  fcmp.o(x$fpl$fcmp)
    __fpl_fcmp_Inf                           0x08001a0f   Thumb Code    24  fcmpi.o(x$fpl$fcmpinf)
    __aeabi_cfcmpeq                          0x08001a29   Thumb Code     0  feqf.o(x$fpl$feqf)
    _fcmpeq                                  0x08001a29   Thumb Code   104  feqf.o(x$fpl$feqf)
    __aeabi_ui2f                             0x08001a91   Thumb Code     0  fflt_clz.o(x$fpl$ffltu)
    _ffltu                                   0x08001a91   Thumb Code    38  fflt_clz.o(x$fpl$ffltu)
    _fcmpge                                  0x08001ab9   Thumb Code   104  fgeqf.o(x$fpl$fgeqf)
    __aeabi_cfcmple                          0x08001b21   Thumb Code     0  fleqf.o(x$fpl$fleqf)
    _fcmple                                  0x08001b21   Thumb Code   104  fleqf.o(x$fpl$fleqf)
    __fpl_fcmple_InfNaN                      0x08001b73   Thumb Code     0  fleqf.o(x$fpl$fleqf)
    __fpl_fnaninf                            0x08001b89   Thumb Code   140  fnaninf.o(x$fpl$fnaninf)
    __fpl_fretinf                            0x08001c15   Thumb Code    10  fretinf.o(x$fpl$fretinf)
    _printf_fp_dec                           0x08001c1f   Thumb Code     4  printf1.o(x$fpl$printf1)
    __I$use$fp                               0x08001c22   Number         0  usenofp.o(x$fpl$usenofp)
    Region$$Table$$Base                      0x08001ccc   Number         0  anon$$obj.o(Region$$Table)
    Region$$Table$$Limit                     0x08001cdc   Number         0  anon$$obj.o(Region$$Table)
    __libspace_start                         0x20000000   Data          96  libspace.o(.bss)
    __temporary_stack_top$libspace           0x20000060   Data           0  libspace.o(.bss)
    distance                                 0x20000060   Data           4  main.o(.bss.distance)
    message                                  0x20000064   Data          20  main.o(.bss.message)



==============================================================================

Memory Map of the image

  Image Entry point : 0x080001b9

  Load Region LR_1 (Base: 0x08000000, Size: 0x00001cf8, Max: 0xffffffff, ABSOLUTE)

    Execution Region ER_RO (Exec base: 0x08000000, Load base: 0x08000000, Size: 0x00001cf8, Max: 0xffffffff, ABSOLUTE)

    Exec Addr    Load Addr    Size         Type   Attr      Idx    E Section Name        Object

    0x08000000   0x08000000   0x00000120   Data   RO          246    RESET               startup_stm32f10x_md_vl.o
    0x08000120   0x08000120   0x00000008   Code   RO          303  * !!!main             c_w.l(__main.o)
    0x08000128   0x08000128   0x00000034   Code   RO          559    !!!scatter          c_w.l(__scatter.o)
    0x0800015c   0x0800015c   0x0000001c   Code   RO          561    !!handler_zi        c_w.l(__scatter_zi.o)
    0x08000178   0x08000178   0x00000000   Code   RO          300    .ARM.Collect$$_printf_percent$$00000000  c_w.l(_printf_percent.o)
    0x08000178   0x08000178   0x00000006   Code   RO          299    .ARM.Collect$$_printf_percent$$00000003  c_w.l(_printf_f.o)
    0x0800017e   0x0800017e   0x00000004   Code   RO          330    .ARM.Collect$$_printf_percent$$00000017  c_w.l(_printf_percent_end.o)
    0x08000182   0x08000182   0x00000002   Code   RO          424    .ARM.Collect$$libinit$$00000000  c_w.l(libinit.o)
    0x08000184   0x08000184   0x00000000   Code   RO          426    .ARM.Collect$$libinit$$00000002  c_w.l(libinit2.o)
    0x08000184   0x08000184   0x00000000   Code   RO          428    .ARM.Collect$$libinit$$00000004  c_w.l(libinit2.o)
    0x08000184   0x08000184   0x00000000   Code   RO          431    .ARM.Collect$$libinit$$0000000A  c_w.l(libinit2.o)
    0x08000184   0x08000184   0x00000000   Code   RO          433    .ARM.Collect$$libinit$$0000000C  c_w.l(libinit2.o)
    0x08000184   0x08000184   0x00000000   Code   RO          435    .ARM.Collect$$libinit$$0000000E  c_w.l(libinit2.o)
    0x08000184   0x08000184   0x00000006   Code   RO          436    .ARM.Collect$$libinit$$0000000F  c_w.l(libinit2.o)
    0x0800018a   0x0800018a   0x00000000   Code   RO          438    .ARM.Collect$$libinit$$00000011  c_w.l(libinit2.o)
    0x0800018a   0x0800018a   0x00000000   Code   RO          440    .ARM.Collect$$libinit$$00000013  c_w.l(libinit2.o)
    0x0800018a   0x0800018a   0x00000000   Code   RO          442    .ARM.Collect$$libinit$$00000015  c_w.l(libinit2.o)
    0x0800018a   0x0800018a   0x0000000a   Code   RO          443    .ARM.Collect$$libinit$$00000016  c_w.l(libinit2.o)
    0x08000194   0x08000194   0x00000000   Code   RO          444    .ARM.Collect$$libinit$$00000017  c_w.l(libinit2.o)
    0x08000194   0x08000194   0x00000000   Code   RO          446    .ARM.Collect$$libinit$$00000019  c_w.l(libinit2.o)
    0x08000194   0x08000194   0x00000000   Code   RO          448    .ARM.Collect$$libinit$$0000001B  c_w.l(libinit2.o)
    0x08000194   0x08000194   0x00000000   Code   RO          450    .ARM.Collect$$libinit$$0000001D  c_w.l(libinit2.o)
    0x08000194   0x08000194   0x00000000   Code   RO          452    .ARM.Collect$$libinit$$0000001F  c_w.l(libinit2.o)
    0x08000194   0x08000194   0x00000000   Code   RO          454    .ARM.Collect$$libinit$$00000021  c_w.l(libinit2.o)
    0x08000194   0x08000194   0x00000000   Code   RO          456    .ARM.Collect$$libinit$$00000023  c_w.l(libinit2.o)
    0x08000194   0x08000194   0x00000000   Code   RO          458    .ARM.Collect$$libinit$$00000025  c_w.l(libinit2.o)
    0x08000194   0x08000194   0x00000000   Code   RO          462    .ARM.Collect$$libinit$$0000002C  c_w.l(libinit2.o)
    0x08000194   0x08000194   0x00000000   Code   RO          464    .ARM.Collect$$libinit$$0000002E  c_w.l(libinit2.o)
    0x08000194   0x08000194   0x00000000   Code   RO          466    .ARM.Collect$$libinit$$00000030  c_w.l(libinit2.o)
    0x08000194   0x08000194   0x00000000   Code   RO          468    .ARM.Collect$$libinit$$00000032  c_w.l(libinit2.o)
    0x08000194   0x08000194   0x00000002   Code   RO          469    .ARM.Collect$$libinit$$00000033  c_w.l(libinit2.o)
    0x08000196   0x08000196   0x00000002   Code   RO          505    .ARM.Collect$$libshutdown$$00000000  c_w.l(libshutdown.o)
    0x08000198   0x08000198   0x00000000   Code   RO          516    .ARM.Collect$$libshutdown$$00000002  c_w.l(libshutdown2.o)
    0x08000198   0x08000198   0x00000000   Code   RO          518    .ARM.Collect$$libshutdown$$00000004  c_w.l(libshutdown2.o)
    0x08000198   0x08000198   0x00000000   Code   RO          521    .ARM.Collect$$libshutdown$$00000007  c_w.l(libshutdown2.o)
    0x08000198   0x08000198   0x00000000   Code   RO          524    .ARM.Collect$$libshutdown$$0000000A  c_w.l(libshutdown2.o)
    0x08000198   0x08000198   0x00000000   Code   RO          526    .ARM.Collect$$libshutdown$$0000000C  c_w.l(libshutdown2.o)
    0x08000198   0x08000198   0x00000000   Code   RO          529    .ARM.Collect$$libshutdown$$0000000F  c_w.l(libshutdown2.o)
    0x08000198   0x08000198   0x00000002   Code   RO          530    .ARM.Collect$$libshutdown$$00000010  c_w.l(libshutdown2.o)
    0x0800019a   0x0800019a   0x00000000   Code   RO          321    .ARM.Collect$$rtentry$$00000000  c_w.l(__rtentry.o)
    0x0800019a   0x0800019a   0x00000000   Code   RO          347    .ARM.Collect$$rtentry$$00000002  c_w.l(__rtentry2.o)
    0x0800019a   0x0800019a   0x00000006   Code   RO          359    .ARM.Collect$$rtentry$$00000004  c_w.l(__rtentry4.o)
    0x080001a0   0x080001a0   0x00000000   Code   RO          349    .ARM.Collect$$rtentry$$00000009  c_w.l(__rtentry2.o)
    0x080001a0   0x080001a0   0x00000004   Code   RO          350    .ARM.Collect$$rtentry$$0000000A  c_w.l(__rtentry2.o)
    0x080001a4   0x080001a4   0x00000000   Code   RO          352    .ARM.Collect$$rtentry$$0000000C  c_w.l(__rtentry2.o)
    0x080001a4   0x080001a4   0x00000008   Code   RO          353    .ARM.Collect$$rtentry$$0000000D  c_w.l(__rtentry2.o)
    0x080001ac   0x080001ac   0x00000002   Code   RO          470    .ARM.Collect$$rtexit$$00000000  c_w.l(rtexit.o)
    0x080001ae   0x080001ae   0x00000000   Code   RO          479    .ARM.Collect$$rtexit$$00000002  c_w.l(rtexit2.o)
    0x080001ae   0x080001ae   0x00000004   Code   RO          480    .ARM.Collect$$rtexit$$00000003  c_w.l(rtexit2.o)
    0x080001b2   0x080001b2   0x00000006   Code   RO          481    .ARM.Collect$$rtexit$$00000004  c_w.l(rtexit2.o)
    0x080001b8   0x080001b8   0x00000040   Code   RO          247  * .text               startup_stm32f10x_md_vl.o
    0x080001f8   0x080001f8   0x00000028   Code   RO          275    .text               c_w.l(noretval__2sprintf.o)
    0x08000220   0x08000220   0x00000068   Code   RO          277    .text               c_w.l(__printf.o)
    0x08000288   0x08000288   0x00000006   Code   RO          301    .text               c_w.l(heapauxi.o)
    0x0800028e   0x0800028e   0x0000041c   Code   RO          322    .text               c_w.l(_printf_fp_dec.o)
    0x080006aa   0x080006aa   0x00000002   PAD
    0x080006ac   0x080006ac   0x00000030   Code   RO          326    .text               c_w.l(_printf_char_common.o)
    0x080006dc   0x080006dc   0x0000000a   Code   RO          328    .text               c_w.l(_sputc.o)
    0x080006e6   0x080006e6   0x00000002   PAD
    0x080006e8   0x080006e8   0x00000008   Code   RO          364    .text               c_w.l(rt_locale_intlibspace.o)
    0x080006f0   0x080006f0   0x0000008a   Code   RO          366    .text               c_w.l(lludiv10.o)
    0x0800077a   0x0800077a   0x00000002   PAD
    0x0800077c   0x0800077c   0x00000080   Code   RO          368    .text               c_w.l(_printf_fp_infnan.o)
    0x080007fc   0x080007fc   0x000000e4   Code   RO          372    .text               c_w.l(bigflt0.o)
    0x080008e0   0x080008e0   0x00000008   Code   RO          408    .text               c_w.l(libspace.o)
    0x080008e8   0x080008e8   0x0000004a   Code   RO          411    .text               c_w.l(sys_stackheap_outer.o)
    0x08000932   0x08000932   0x00000012   Code   RO          415    .text               c_w.l(exit.o)
    0x08000944   0x08000944   0x00000080   Code   RO          417    .text               c_w.l(strcmpv7m.o)
    0x080009c4   0x080009c4   0x0000000c   Code   RO          491    .text               c_w.l(sys_exit.o)
    0x080009d0   0x080009d0   0x00000002   Code   RO          506    .text               c_w.l(use_no_semi.o)
    0x080009d2   0x080009d2   0x00000000   Code   RO          508    .text               c_w.l(indicate_semi.o)
    0x080009d2   0x080009d2   0x00000002   PAD
    0x080009d4   0x080009d4   0x000000b0   Code   RO           47    .text.GPIO_Init     stm32f10x_gpio.o
    0x08000a84   0x08000a84   0x0000000a   Code   RO           51    .text.GPIO_ReadInputDataBit  stm32f10x_gpio.o
    0x08000a8e   0x08000a8e   0x00000002   PAD
    0x08000a90   0x08000a90   0x00000004   Code   RO           61    .text.GPIO_ResetBits  stm32f10x_gpio.o
    0x08000a94   0x08000a94   0x00000004   Code   RO           59    .text.GPIO_SetBits  stm32f10x_gpio.o
    0x08000a98   0x08000a98   0x0000009e   Code   RO            6    .text.HCSR04_Read   main.o
    0x08000b36   0x08000b36   0x00000002   PAD
    0x08000b38   0x08000b38   0x00000018   Code   RO          133    .text.RCC_APB2PeriphClockCmd  stm32f10x_rcc.o
    0x08000b50   0x08000b50   0x00000098   Code   RO          129    .text.RCC_GetClocksFreq  stm32f10x_rcc.o
    0x08000be8   0x08000be8   0x00000008   Code   RO          256    .text.SetSysClock   system_stm32f10x.o
    0x08000bf0   0x08000bf0   0x0000009a   Code   RO          260    .text.SetSysClockTo24  system_stm32f10x.o
    0x08000c8a   0x08000c8a   0x00000002   PAD
    0x08000c8c   0x08000c8c   0x0000005a   Code   RO          254    .text.SystemInit    system_stm32f10x.o
    0x08000ce6   0x08000ce6   0x00000002   PAD
    0x08000ce8   0x08000ce8   0x00000014   Code   RO          173    .text.USART_Cmd     stm32f10x_usart.o
    0x08000cfc   0x08000cfc   0x000000b6   Code   RO          165    .text.USART_Init    stm32f10x_usart.o
    0x08000db2   0x08000db2   0x00000002   PAD
    0x08000db4   0x08000db4   0x00000008   Code   RO          189    .text.USART_SendData  stm32f10x_usart.o
    0x08000dbc   0x08000dbc   0x00000066   Code   RO            2    .text.gpioConfig    main.o
    0x08000e22   0x08000e22   0x00000002   PAD
    0x08000e24   0x08000e24   0x00000090   Code   RO           12    .text.main          main.o
    0x08000eb4   0x08000eb4   0x0000003e   Code   RO            8    .text.uartConfig    main.o
    0x08000ef2   0x08000ef2   0x00000002   PAD
    0x08000ef4   0x08000ef4   0x0000002c   Code   RO           10    .text.uartTransmit  main.o
    0x08000f20   0x08000f20   0x0000003e   Code   RO          375    CL$$btod_d2e        c_w.l(btod.o)
    0x08000f5e   0x08000f5e   0x00000046   Code   RO          377    CL$$btod_d2e_denorm_low  c_w.l(btod.o)
    0x08000fa4   0x08000fa4   0x00000060   Code   RO          376    CL$$btod_d2e_norm_op1  c_w.l(btod.o)
    0x08001004   0x08001004   0x00000338   Code   RO          385    CL$$btod_div_common  c_w.l(btod.o)
    0x0800133c   0x0800133c   0x000000dc   Code   RO          382    CL$$btod_e2e        c_w.l(btod.o)
    0x08001418   0x08001418   0x0000002a   Code   RO          379    CL$$btod_ediv       c_w.l(btod.o)
    0x08001442   0x08001442   0x0000002a   Code   RO          378    CL$$btod_emul       c_w.l(btod.o)
    0x0800146c   0x0800146c   0x00000244   Code   RO          384    CL$$btod_mult_common  c_w.l(btod.o)
    0x080016b0   0x080016b0   0x00000028   Code   RO          406    i.__ARM_fpclassify  m_ws.l(fpclassify.o)
    0x080016d8   0x080016d8   0x0000002c   Code   RO          400    locale$$code        c_w.l(lc_numeric_c.o)
    0x08001704   0x08001704   0x00000062   Code   RO          305    x$fpl$d2f           fz_ws.l(d2f.o)
    0x08001766   0x08001766   0x00000002   PAD
    0x08001768   0x08001768   0x00000154   Code   RO          307    x$fpl$dmul          fz_ws.l(dmul.o)
    0x080018bc   0x080018bc   0x0000009c   Code   RO          331    x$fpl$dnaninf       fz_ws.l(dnaninf.o)
    0x08001958   0x08001958   0x0000000c   Code   RO          333    x$fpl$dretinf       fz_ws.l(dretinf.o)
    0x08001964   0x08001964   0x00000056   Code   RO          309    x$fpl$f2d           fz_ws.l(f2d.o)
    0x080019ba   0x080019ba   0x00000054   Code   RO          311    x$fpl$fcmp          fz_ws.l(fcmp.o)
    0x08001a0e   0x08001a0e   0x00000018   Code   RO          402    x$fpl$fcmpinf       fz_ws.l(fcmpi.o)
    0x08001a26   0x08001a26   0x00000002   PAD
    0x08001a28   0x08001a28   0x00000068   Code   RO          335    x$fpl$feqf          fz_ws.l(feqf.o)
    0x08001a90   0x08001a90   0x00000026   Code   RO          313    x$fpl$ffltu         fz_ws.l(fflt_clz.o)
    0x08001ab6   0x08001ab6   0x00000002   PAD
    0x08001ab8   0x08001ab8   0x00000068   Code   RO          337    x$fpl$fgeqf         fz_ws.l(fgeqf.o)
    0x08001b20   0x08001b20   0x00000068   Code   RO          339    x$fpl$fleqf         fz_ws.l(fleqf.o)
    0x08001b88   0x08001b88   0x0000008c   Code   RO          341    x$fpl$fnaninf       fz_ws.l(fnaninf.o)
    0x08001c14   0x08001c14   0x0000000a   Code   RO          343    x$fpl$fretinf       fz_ws.l(fretinf.o)
    0x08001c1e   0x08001c1e   0x00000004   Code   RO          319    x$fpl$printf1       fz_ws.l(printf1.o)
    0x08001c22   0x08001c22   0x00000000   Code   RO          345    x$fpl$usenofp       fz_ws.l(usenofp.o)
    0x08001c22   0x08001c22   0x00000002   PAD
    0x08001c24   0x08001c24   0x00000094   Data   RO          373    .constdata          c_w.l(bigflt0.o)
    0x08001cb8   0x08001cb8   0x00000004   Data   RO          154    .rodata.ADCPrescTable  stm32f10x_rcc.o
    0x08001cbc   0x08001cbc   0x00000010   Data   RO          153    .rodata.APBAHBPrescTable  stm32f10x_rcc.o
    0x08001ccc   0x08001ccc   0x00000010   Data   RO          558    Region$$Table       anon$$obj.o
    0x08001cdc   0x08001cdc   0x0000001c   Data   RO          399    locale$$data        c_w.l(lc_numeric_c.o)


    Execution Region ER_RW (Exec base: 0x20000000, Load base: 0x08001cf8, Size: 0x00000000, Max: 0xffffffff, ABSOLUTE)

    **** No section assigned to this execution region ****


    Execution Region ER_ZI (Exec base: 0x20000000, Load base: 0x08001cf8, Size: 0x00000678, Max: 0xffffffff, ABSOLUTE)

    Exec Addr    Load Addr    Size         Type   Attr      Idx    E Section Name        Object

    0x20000000        -       0x00000060   Zero   RW          409    .bss                c_w.l(libspace.o)
    0x20000060        -       0x00000004   Zero   RW           14    .bss.distance       main.o
    0x20000064        -       0x00000014   Zero   RW           15    .bss.message        main.o
    0x20000078        -       0x00000200   Zero   RW          245    HEAP                startup_stm32f10x_md_vl.o
    0x20000278        -       0x00000400   Zero   RW          244    STACK               startup_stm32f10x_md_vl.o


==============================================================================

Image component sizes


      Code (inc. data)   RO Data    RW Data    ZI Data      Debug   Object Name

       510         16          0          0         24       3243   main.o
        64         26        288          0       1536        840   startup_stm32f10x_md_vl.o
       194          0          0          0          0       6066   stm32f10x_gpio.o
       176          0         20          0          0       8350   stm32f10x_rcc.o
       210          0          0          0          0       8545   stm32f10x_usart.o
       252          0          0          0          0       2715   system_stm32f10x.o

    ----------------------------------------------------------------------
      1420         42        324          0       1560      29759   Object Totals
         0          0         16          0          0          0   (incl. Generated)
        14          0          0          0          0          0   (incl. Padding)

    ----------------------------------------------------------------------

      Code (inc. data)   RO Data    RW Data    ZI Data      Debug   Library Member Name

         8          0          0          0          0         68   __main.o
       104          0          0          0          0         84   __printf.o
         0          0          0          0          0          0   __rtentry.o
        12          0          0          0          0          0   __rtentry2.o
         6          0          0          0          0          0   __rtentry4.o
        52          8          0          0          0          0   __scatter.o
        28          0          0          0          0          0   __scatter_zi.o
        48          6          0          0          0         96   _printf_char_common.o
         6          0          0          0          0          0   _printf_f.o
      1052          0          0          0          0        148   _printf_fp_dec.o
       128         16          0          0          0         84   _printf_fp_infnan.o
         0          0          0          0          0          0   _printf_percent.o
         4          0          0          0          0          0   _printf_percent_end.o
        10          0          0          0          0         68   _sputc.o
       228          4        148          0          0         96   bigflt0.o
      1936        128          0          0          0        668   btod.o
        18          0          0          0          0         80   exit.o
         6          0          0          0          0        152   heapauxi.o
         0          0          0          0          0          0   indicate_semi.o
        44         10         28          0          0         76   lc_numeric_c.o
         2          0          0          0          0          0   libinit.o
        18          0          0          0          0          0   libinit2.o
         2          0          0          0          0          0   libshutdown.o
         2          0          0          0          0          0   libshutdown2.o
         8          4          0          0         96         68   libspace.o
       138          0          0          0          0         80   lludiv10.o
        40          6          0          0          0         84   noretval__2sprintf.o
         8          4          0          0          0         68   rt_locale_intlibspace.o
         2          0          0          0          0          0   rtexit.o
        10          0          0          0          0          0   rtexit2.o
       128          0          0          0          0         68   strcmpv7m.o
        12          4          0          0          0         68   sys_exit.o
        74          0          0          0          0         80   sys_stackheap_outer.o
         2          0          0          0          0         68   use_no_semi.o
        98          4          0          0          0         92   d2f.o
       340         12          0          0          0        104   dmul.o
       156          4          0          0          0         92   dnaninf.o
        12          0          0          0          0         68   dretinf.o
        86          4          0          0          0         84   f2d.o
        84          0          0          0          0        196   fcmp.o
        24          0          0          0          0         68   fcmpi.o
       104          4          0          0          0         84   feqf.o
        38          0          0          0          0         68   fflt_clz.o
       104          4          0          0          0         84   fgeqf.o
       104          4          0          0          0         84   fleqf.o
       140          4          0          0          0         84   fnaninf.o
        10          0          0          0          0         68   fretinf.o
         4          0          0          0          0         68   printf1.o
         0          0          0          0          0          0   usenofp.o
        40          0          0          0          0         68   fpclassify.o

    ----------------------------------------------------------------------
      5496        230        176          0         96       3516   Library Totals
        16          0          0          0          0          0   (incl. Padding)

    ----------------------------------------------------------------------

      Code (inc. data)   RO Data    RW Data    ZI Data      Debug   Library Name

      4136        190        176          0         96       2204   c_w.l
      1304         40          0          0          0       1244   fz_ws.l
        40          0          0          0          0         68   m_ws.l

    ----------------------------------------------------------------------
      5496        230        176          0         96       3516   Library Totals

    ----------------------------------------------------------------------

==============================================================================


      Code (inc. data)   RO Data    RW Data    ZI Data      Debug   

      6916        272        500          0       1656      31251   Grand Totals
      6916        272        500          0       1656      31251   ELF Image Totals
      6916        272        500          0          0          0   ROM Totals

==============================================================================

    Total RO  Size (Code + RO Data)                 7416 (   7.24kB)
    Total RW  Size (RW Data + ZI Data)              1656 (   1.62kB)
    Total ROM Size (Code + RO Data + RW Data)       7416 (   7.24kB)

==============================================================================

